running egg_info
creating ../../build/vision_pick_init/vision_pick_init.egg-info
writing ../../build/vision_pick_init/vision_pick_init.egg-info/PKG-INFO
writing dependency_links to ../../build/vision_pick_init/vision_pick_init.egg-info/dependency_links.txt
writing entry points to ../../build/vision_pick_init/vision_pick_init.egg-info/entry_points.txt
writing requirements to ../../build/vision_pick_init/vision_pick_init.egg-info/requires.txt
writing top-level names to ../../build/vision_pick_init/vision_pick_init.egg-info/top_level.txt
writing manifest file '../../build/vision_pick_init/vision_pick_init.egg-info/SOURCES.txt'
reading manifest file '../../build/vision_pick_init/vision_pick_init.egg-info/SOURCES.txt'
writing manifest file '../../build/vision_pick_init/vision_pick_init.egg-info/SOURCES.txt'
running build
running build_py
creating /home/javier-rojas/Documents/Doctorado/3er_Semestre/ur_pick_and_place/build/vision_pick_init/build
creating /home/javier-rojas/Documents/Doctorado/3er_Semestre/ur_pick_and_place/build/vision_pick_init/build/lib
creating /home/javier-rojas/Documents/Doctorado/3er_Semestre/ur_pick_and_place/build/vision_pick_init/build/lib/vision_pick_init
copying vision_pick_init/__init__.py -> /home/javier-rojas/Documents/Doctorado/3er_Semestre/ur_pick_and_place/build/vision_pick_init/build/lib/vision_pick_init
copying vision_pick_init/vision_node.py -> /home/javier-rojas/Documents/Doctorado/3er_Semestre/ur_pick_and_place/build/vision_pick_init/build/lib/vision_pick_init
running install
running install_lib
creating /home/javier-rojas/Documents/Doctorado/3er_Semestre/ur_pick_and_place/install/vision_pick_init/lib/python3.10/site-packages/vision_pick_init
copying /home/javier-rojas/Documents/Doctorado/3er_Semestre/ur_pick_and_place/build/vision_pick_init/build/lib/vision_pick_init/__init__.py -> /home/javier-rojas/Documents/Doctorado/3er_Semestre/ur_pick_and_place/install/vision_pick_init/lib/python3.10/site-packages/vision_pick_init
copying /home/javier-rojas/Documents/Doctorado/3er_Semestre/ur_pick_and_place/build/vision_pick_init/build/lib/vision_pick_init/vision_node.py -> /home/javier-rojas/Documents/Doctorado/3er_Semestre/ur_pick_and_place/install/vision_pick_init/lib/python3.10/site-packages/vision_pick_init
byte-compiling /home/javier-rojas/Documents/Doctorado/3er_Semestre/ur_pick_and_place/install/vision_pick_init/lib/python3.10/site-packages/vision_pick_init/__init__.py to __init__.cpython-310.pyc
byte-compiling /home/javier-rojas/Documents/Doctorado/3er_Semestre/ur_pick_and_place/install/vision_pick_init/lib/python3.10/site-packages/vision_pick_init/vision_node.py to vision_node.cpython-310.pyc
running install_data
creating /home/javier-rojas/Documents/Doctorado/3er_Semestre/ur_pick_and_place/install/vision_pick_init/share/ament_index
creating /home/javier-rojas/Documents/Doctorado/3er_Semestre/ur_pick_and_place/install/vision_pick_init/share/ament_index/resource_index
creating /home/javier-rojas/Documents/Doctorado/3er_Semestre/ur_pick_and_place/install/vision_pick_init/share/ament_index/resource_index/packages
copying resource/vision_pick_init -> /home/javier-rojas/Documents/Doctorado/3er_Semestre/ur_pick_and_place/install/vision_pick_init/share/ament_index/resource_index/packages
copying package.xml -> /home/javier-rojas/Documents/Doctorado/3er_Semestre/ur_pick_and_place/install/vision_pick_init/share/vision_pick_init
running install_egg_info
Copying ../../build/vision_pick_init/vision_pick_init.egg-info to /home/javier-rojas/Documents/Doctorado/3er_Semestre/ur_pick_and_place/install/vision_pick_init/lib/python3.10/site-packages/vision_pick_init-0.0.1-py3.10.egg-info
running install_scripts
Installing vision_node script to /home/javier-rojas/Documents/Doctorado/3er_Semestre/ur_pick_and_place/install/vision_pick_init/lib/vision_pick_init
writing list of installed files to '/home/javier-rojas/Documents/Doctorado/3er_Semestre/ur_pick_and_place/build/vision_pick_init/install.log'
