[0.961s] Invoking command in '/home/javier-rojas/Documents/Doctorado/3er_Semestre/ur_pick_and_place/src/vision_pick_init': PYTHONPATH=/home/javier-rojas/Documents/Doctorado/3er_Semestre/ur_pick_and_place/build/vision_pick_init/prefix_override:/usr/lib/python3/dist-packages/colcon_core/task/python/colcon_distutils_commands:/home/javier-rojas/Documents/Doctorado/3er_Semestre/ur_pick_and_place/install/vision_pick_init/lib/python3.10/site-packages:${PYTHONPATH} /usr/bin/python3 -W ignore:setup.py install is deprecated setup.py egg_info --egg-base ../../build/vision_pick_init build --build-base /home/javier-rojas/Documents/Doctorado/3er_Semestre/ur_pick_and_place/build/vision_pick_init/build install --record /home/javier-rojas/Documents/Doctorado/3er_Semestre/ur_pick_and_place/build/vision_pick_init/install.log --single-version-externally-managed install_data
[1.340s] running egg_info
[1.340s] creating ../../build/vision_pick_init/vision_pick_init.egg-info
[1.341s] writing ../../build/vision_pick_init/vision_pick_init.egg-info/PKG-INFO
[1.341s] writing dependency_links to ../../build/vision_pick_init/vision_pick_init.egg-info/dependency_links.txt
[1.341s] writing entry points to ../../build/vision_pick_init/vision_pick_init.egg-info/entry_points.txt
[1.341s] writing requirements to ../../build/vision_pick_init/vision_pick_init.egg-info/requires.txt
[1.341s] writing top-level names to ../../build/vision_pick_init/vision_pick_init.egg-info/top_level.txt
[1.342s] writing manifest file '../../build/vision_pick_init/vision_pick_init.egg-info/SOURCES.txt'
[1.344s] reading manifest file '../../build/vision_pick_init/vision_pick_init.egg-info/SOURCES.txt'
[1.346s] writing manifest file '../../build/vision_pick_init/vision_pick_init.egg-info/SOURCES.txt'
[1.346s] running build
[1.346s] running build_py
[1.346s] creating /home/javier-rojas/Documents/Doctorado/3er_Semestre/ur_pick_and_place/build/vision_pick_init/build
[1.347s] creating /home/javier-rojas/Documents/Doctorado/3er_Semestre/ur_pick_and_place/build/vision_pick_init/build/lib
[1.347s] creating /home/javier-rojas/Documents/Doctorado/3er_Semestre/ur_pick_and_place/build/vision_pick_init/build/lib/vision_pick_init
[1.347s] copying vision_pick_init/__init__.py -> /home/javier-rojas/Documents/Doctorado/3er_Semestre/ur_pick_and_place/build/vision_pick_init/build/lib/vision_pick_init
[1.347s] copying vision_pick_init/vision_node.py -> /home/javier-rojas/Documents/Doctorado/3er_Semestre/ur_pick_and_place/build/vision_pick_init/build/lib/vision_pick_init
[1.347s] running install
[1.347s] running install_lib
[1.348s] creating /home/javier-rojas/Documents/Doctorado/3er_Semestre/ur_pick_and_place/install/vision_pick_init/lib/python3.10/site-packages/vision_pick_init
[1.349s] copying /home/javier-rojas/Documents/Doctorado/3er_Semestre/ur_pick_and_place/build/vision_pick_init/build/lib/vision_pick_init/__init__.py -> /home/javier-rojas/Documents/Doctorado/3er_Semestre/ur_pick_and_place/install/vision_pick_init/lib/python3.10/site-packages/vision_pick_init
[1.349s] copying /home/javier-rojas/Documents/Doctorado/3er_Semestre/ur_pick_and_place/build/vision_pick_init/build/lib/vision_pick_init/vision_node.py -> /home/javier-rojas/Documents/Doctorado/3er_Semestre/ur_pick_and_place/install/vision_pick_init/lib/python3.10/site-packages/vision_pick_init
[1.349s] byte-compiling /home/javier-rojas/Documents/Doctorado/3er_Semestre/ur_pick_and_place/install/vision_pick_init/lib/python3.10/site-packages/vision_pick_init/__init__.py to __init__.cpython-310.pyc
[1.350s] byte-compiling /home/javier-rojas/Documents/Doctorado/3er_Semestre/ur_pick_and_place/install/vision_pick_init/lib/python3.10/site-packages/vision_pick_init/vision_node.py to vision_node.cpython-310.pyc
[1.352s] running install_data
[1.352s] creating /home/javier-rojas/Documents/Doctorado/3er_Semestre/ur_pick_and_place/install/vision_pick_init/share/ament_index
[1.352s] creating /home/javier-rojas/Documents/Doctorado/3er_Semestre/ur_pick_and_place/install/vision_pick_init/share/ament_index/resource_index
[1.353s] creating /home/javier-rojas/Documents/Doctorado/3er_Semestre/ur_pick_and_place/install/vision_pick_init/share/ament_index/resource_index/packages
[1.353s] copying resource/vision_pick_init -> /home/javier-rojas/Documents/Doctorado/3er_Semestre/ur_pick_and_place/install/vision_pick_init/share/ament_index/resource_index/packages
[1.353s] copying package.xml -> /home/javier-rojas/Documents/Doctorado/3er_Semestre/ur_pick_and_place/install/vision_pick_init/share/vision_pick_init
[1.353s] running install_egg_info
[1.355s] Copying ../../build/vision_pick_init/vision_pick_init.egg-info to /home/javier-rojas/Documents/Doctorado/3er_Semestre/ur_pick_and_place/install/vision_pick_init/lib/python3.10/site-packages/vision_pick_init-0.0.1-py3.10.egg-info
[1.356s] running install_scripts
[1.384s] Installing vision_node script to /home/javier-rojas/Documents/Doctorado/3er_Semestre/ur_pick_and_place/install/vision_pick_init/lib/vision_pick_init
[1.385s] writing list of installed files to '/home/javier-rojas/Documents/Doctorado/3er_Semestre/ur_pick_and_place/build/vision_pick_init/install.log'
[1.420s] Invoked command in '/home/javier-rojas/Documents/Doctorado/3er_Semestre/ur_pick_and_place/src/vision_pick_init' returned '0': PYTHONPATH=/home/javier-rojas/Documents/Doctorado/3er_Semestre/ur_pick_and_place/build/vision_pick_init/prefix_override:/usr/lib/python3/dist-packages/colcon_core/task/python/colcon_distutils_commands:/home/javier-rojas/Documents/Doctorado/3er_Semestre/ur_pick_and_place/install/vision_pick_init/lib/python3.10/site-packages:${PYTHONPATH} /usr/bin/python3 -W ignore:setup.py install is deprecated setup.py egg_info --egg-base ../../build/vision_pick_init build --build-base /home/javier-rojas/Documents/Doctorado/3er_Semestre/ur_pick_and_place/build/vision_pick_init/build install --record /home/javier-rojas/Documents/Doctorado/3er_Semestre/ur_pick_and_place/build/vision_pick_init/install.log --single-version-externally-managed install_data
