[0.196s] DEBUG:colcon:Command line arguments: ['/usr/bin/colcon', 'build', '--symlink-install', '--packages-select', 'ur_pick_and_place']
[0.196s] DEBUG:colcon:Parsed command line arguments: Namespace(log_base=None, log_level=None, verb_name='build', build_base='build', install_base='install', merge_install=False, symlink_install=True, test_result_base=None, continue_on_error=False, executor='parallel', parallel_workers=4, event_handlers=None, ignore_user_meta=False, metas=['./colcon.meta'], base_paths=['.'], packages_ignore=None, packages_ignore_regex=None, paths=None, packages_up_to=None, packages_up_to_regex=None, packages_above=None, packages_above_and_dependencies=None, packages_above_depth=None, packages_select_by_dep=None, packages_skip_by_dep=None, packages_skip_up_to=None, packages_select_build_failed=False, packages_skip_build_finished=False, packages_select_test_failures=False, packages_skip_test_passed=False, packages_select=['ur_pick_and_place'], packages_skip=None, packages_select_regex=None, packages_skip_regex=None, packages_start=None, packages_end=None, allow_overriding=[], cmake_args=None, cmake_target=None, cmake_target_skip_unavailable=False, cmake_clean_cache=False, cmake_clean_first=False, cmake_force_configure=False, ament_cmake_args=None, catkin_cmake_args=None, catkin_skip_building_tests=False, verb_parser=<colcon_defaults.argument_parser.defaults.DefaultArgumentsDecorator object at 0x70be4a2ebfa0>, verb_extension=<colcon_core.verb.build.BuildVerb object at 0x70be4a471450>, main=<bound method BuildVerb.main of <colcon_core.verb.build.BuildVerb object at 0x70be4a471450>>)
[0.420s] Level 1:colcon.colcon_core.package_discovery:discover_packages(colcon_meta) check parameters
[0.420s] Level 1:colcon.colcon_core.package_discovery:discover_packages(recursive) check parameters
[0.420s] Level 1:colcon.colcon_core.package_discovery:discover_packages(ignore) check parameters
[0.420s] Level 1:colcon.colcon_core.package_discovery:discover_packages(path) check parameters
[0.420s] Level 1:colcon.colcon_core.package_discovery:discover_packages(colcon_meta) discover
[0.421s] Level 1:colcon.colcon_core.package_discovery:discover_packages(recursive) discover
[0.421s] INFO:colcon.colcon_core.package_discovery:Crawling recursively for packages in '/home/agrobotics/Documents/ur_pick_and_place'
[0.421s] Level 1:colcon.colcon_core.package_identification:_identify(.) by extensions ['ignore', 'ignore_ament_install']
[0.421s] Level 1:colcon.colcon_core.package_identification:_identify(.) by extension 'ignore'
[0.421s] Level 1:colcon.colcon_core.package_identification:_identify(.) by extension 'ignore_ament_install'
[0.421s] Level 1:colcon.colcon_core.package_identification:_identify(.) by extensions ['colcon_pkg']
[0.421s] Level 1:colcon.colcon_core.package_identification:_identify(.) by extension 'colcon_pkg'
[0.421s] Level 1:colcon.colcon_core.package_identification:_identify(.) by extensions ['colcon_meta']
[0.421s] Level 1:colcon.colcon_core.package_identification:_identify(.) by extension 'colcon_meta'
[0.421s] Level 1:colcon.colcon_core.package_identification:_identify(.) by extensions ['ros']
[0.421s] Level 1:colcon.colcon_core.package_identification:_identify(.) by extension 'ros'
[0.439s] DEBUG:colcon.colcon_core.package_identification:Package '.' with type 'ros.ament_cmake' and name 'ur_pick_and_place'
[0.439s] Level 1:colcon.colcon_core.package_discovery:discover_packages(recursive) using defaults
[0.439s] Level 1:colcon.colcon_core.package_discovery:discover_packages(ignore) discover
[0.439s] Level 1:colcon.colcon_core.package_discovery:discover_packages(ignore) using defaults
[0.439s] Level 1:colcon.colcon_core.package_discovery:discover_packages(path) discover
[0.439s] Level 1:colcon.colcon_core.package_discovery:discover_packages(path) using defaults
[0.480s] Level 1:colcon.colcon_core.package_discovery:discover_packages(prefix_path) check parameters
[0.480s] Level 1:colcon.colcon_core.package_discovery:discover_packages(prefix_path) discover
[0.483s] DEBUG:colcon.colcon_installed_package_information.package_discovery:Found 392 installed packages in /opt/ros/humble
[0.486s] Level 1:colcon.colcon_core.package_discovery:discover_packages(prefix_path) using defaults
[0.551s] Level 5:colcon.colcon_core.verb:set package 'ur_pick_and_place' build argument 'cmake_args' from command line to 'None'
[0.551s] Level 5:colcon.colcon_core.verb:set package 'ur_pick_and_place' build argument 'cmake_target' from command line to 'None'
[0.551s] Level 5:colcon.colcon_core.verb:set package 'ur_pick_and_place' build argument 'cmake_target_skip_unavailable' from command line to 'False'
[0.551s] Level 5:colcon.colcon_core.verb:set package 'ur_pick_and_place' build argument 'cmake_clean_cache' from command line to 'False'
[0.551s] Level 5:colcon.colcon_core.verb:set package 'ur_pick_and_place' build argument 'cmake_clean_first' from command line to 'False'
[0.551s] Level 5:colcon.colcon_core.verb:set package 'ur_pick_and_place' build argument 'cmake_force_configure' from command line to 'False'
[0.551s] Level 5:colcon.colcon_core.verb:set package 'ur_pick_and_place' build argument 'ament_cmake_args' from command line to 'None'
[0.551s] Level 5:colcon.colcon_core.verb:set package 'ur_pick_and_place' build argument 'catkin_cmake_args' from command line to 'None'
[0.551s] Level 5:colcon.colcon_core.verb:set package 'ur_pick_and_place' build argument 'catkin_skip_building_tests' from command line to 'False'
[0.551s] DEBUG:colcon.colcon_core.verb:Building package 'ur_pick_and_place' with the following arguments: {'ament_cmake_args': None, 'build_base': '/home/agrobotics/Documents/ur_pick_and_place/build/ur_pick_and_place', 'catkin_cmake_args': None, 'catkin_skip_building_tests': False, 'cmake_args': None, 'cmake_clean_cache': False, 'cmake_clean_first': False, 'cmake_force_configure': False, 'cmake_target': None, 'cmake_target_skip_unavailable': False, 'install_base': '/home/agrobotics/Documents/ur_pick_and_place/install/ur_pick_and_place', 'merge_install': False, 'path': '/home/agrobotics/Documents/ur_pick_and_place', 'symlink_install': True, 'test_result_base': None}
[0.552s] INFO:colcon.colcon_core.executor:Executing jobs using 'parallel' executor
[0.556s] DEBUG:colcon.colcon_parallel_executor.executor.parallel:run_until_complete
[0.556s] INFO:colcon.colcon_ros.task.ament_cmake.build:Building ROS package in '/home/agrobotics/Documents/ur_pick_and_place' with build type 'ament_cmake'
[0.556s] INFO:colcon.colcon_cmake.task.cmake.build:Building CMake package in '/home/agrobotics/Documents/ur_pick_and_place'
[0.561s] INFO:colcon.colcon_core.plugin_system:Skipping extension 'colcon_core.shell.bat': Not used on non-Windows systems
[0.561s] INFO:colcon.colcon_core.shell:Skip shell extension 'powershell' for command environment: Not usable outside of PowerShell
[0.563s] DEBUG:colcon.colcon_core.shell:Skip shell extension 'dsv' for command environment
[0.580s] DEBUG:colcon.colcon_core.event_handler.log_command:Invoking command in '/home/agrobotics/Documents/ur_pick_and_place/build/ur_pick_and_place': CMAKE_PREFIX_PATH=/opt/ros/humble /usr/bin/cmake --build /home/agrobotics/Documents/ur_pick_and_place/build/ur_pick_and_place -- -j4 -l4
[22.435s] DEBUG:colcon.colcon_core.event_handler.log_command:Invoked command in '/home/agrobotics/Documents/ur_pick_and_place/build/ur_pick_and_place' returned '0': CMAKE_PREFIX_PATH=/opt/ros/humble /usr/bin/cmake --build /home/agrobotics/Documents/ur_pick_and_place/build/ur_pick_and_place -- -j4 -l4
[22.456s] DEBUG:colcon.colcon_core.event_handler.log_command:Invoking command in '/home/agrobotics/Documents/ur_pick_and_place/build/ur_pick_and_place': CMAKE_PREFIX_PATH=/opt/ros/humble /usr/bin/cmake --install /home/agrobotics/Documents/ur_pick_and_place/build/ur_pick_and_place
[22.630s] Level 1:colcon.colcon_core.environment:create_environment_scripts_only(ur_pick_and_place)
[22.631s] DEBUG:colcon.colcon_core.event_handler.log_command:Invoked command in '/home/agrobotics/Documents/ur_pick_and_place/build/ur_pick_and_place' returned '0': CMAKE_PREFIX_PATH=/opt/ros/humble /usr/bin/cmake --install /home/agrobotics/Documents/ur_pick_and_place/build/ur_pick_and_place
[22.650s] Level 1:colcon.colcon_core.environment:checking '/home/agrobotics/Documents/ur_pick_and_place/install/ur_pick_and_place' for CMake module files
[22.653s] Level 1:colcon.colcon_core.environment:checking '/home/agrobotics/Documents/ur_pick_and_place/install/ur_pick_and_place' for CMake config files
[22.654s] Level 1:colcon.colcon_core.shell:create_environment_hook('ur_pick_and_place', 'cmake_prefix_path')
[22.657s] INFO:colcon.colcon_core.shell:Creating environment hook '/home/agrobotics/Documents/ur_pick_and_place/install/ur_pick_and_place/share/ur_pick_and_place/hook/cmake_prefix_path.ps1'
[22.658s] INFO:colcon.colcon_core.shell:Creating environment descriptor '/home/agrobotics/Documents/ur_pick_and_place/install/ur_pick_and_place/share/ur_pick_and_place/hook/cmake_prefix_path.dsv'
[22.660s] INFO:colcon.colcon_core.shell:Creating environment hook '/home/agrobotics/Documents/ur_pick_and_place/install/ur_pick_and_place/share/ur_pick_and_place/hook/cmake_prefix_path.sh'
[22.663s] Level 1:colcon.colcon_core.environment:checking '/home/agrobotics/Documents/ur_pick_and_place/install/ur_pick_and_place/lib'
[22.664s] Level 1:colcon.colcon_core.environment:checking '/home/agrobotics/Documents/ur_pick_and_place/install/ur_pick_and_place/bin'
[22.664s] Level 1:colcon.colcon_core.environment:checking '/home/agrobotics/Documents/ur_pick_and_place/install/ur_pick_and_place/lib/pkgconfig/ur_pick_and_place.pc'
[22.664s] Level 1:colcon.colcon_core.environment:checking '/home/agrobotics/Documents/ur_pick_and_place/install/ur_pick_and_place/lib/python3.10/site-packages'
[22.664s] Level 1:colcon.colcon_core.environment:checking '/home/agrobotics/Documents/ur_pick_and_place/install/ur_pick_and_place/bin'
[22.665s] INFO:colcon.colcon_core.shell:Creating package script '/home/agrobotics/Documents/ur_pick_and_place/install/ur_pick_and_place/share/ur_pick_and_place/package.ps1'
[22.667s] INFO:colcon.colcon_core.shell:Creating package descriptor '/home/agrobotics/Documents/ur_pick_and_place/install/ur_pick_and_place/share/ur_pick_and_place/package.dsv'
[22.668s] INFO:colcon.colcon_core.shell:Creating package script '/home/agrobotics/Documents/ur_pick_and_place/install/ur_pick_and_place/share/ur_pick_and_place/package.sh'
[22.673s] INFO:colcon.colcon_core.shell:Creating package script '/home/agrobotics/Documents/ur_pick_and_place/install/ur_pick_and_place/share/ur_pick_and_place/package.bash'
[22.674s] INFO:colcon.colcon_core.shell:Creating package script '/home/agrobotics/Documents/ur_pick_and_place/install/ur_pick_and_place/share/ur_pick_and_place/package.zsh'
[22.676s] Level 1:colcon.colcon_core.environment:create_file_with_runtime_dependencies(/home/agrobotics/Documents/ur_pick_and_place/install/ur_pick_and_place/share/colcon-core/packages/ur_pick_and_place)
[22.677s] Level 1:colcon.colcon_core.environment:create_environment_scripts_only(ur_pick_and_place)
[22.679s] Level 1:colcon.colcon_core.environment:checking '/home/agrobotics/Documents/ur_pick_and_place/install/ur_pick_and_place' for CMake module files
[22.681s] Level 1:colcon.colcon_core.environment:checking '/home/agrobotics/Documents/ur_pick_and_place/install/ur_pick_and_place' for CMake config files
[22.682s] Level 1:colcon.colcon_core.shell:create_environment_hook('ur_pick_and_place', 'cmake_prefix_path')
[22.683s] INFO:colcon.colcon_core.shell:Creating environment hook '/home/agrobotics/Documents/ur_pick_and_place/install/ur_pick_and_place/share/ur_pick_and_place/hook/cmake_prefix_path.ps1'
[22.684s] INFO:colcon.colcon_core.shell:Creating environment descriptor '/home/agrobotics/Documents/ur_pick_and_place/install/ur_pick_and_place/share/ur_pick_and_place/hook/cmake_prefix_path.dsv'
[22.685s] INFO:colcon.colcon_core.shell:Creating environment hook '/home/agrobotics/Documents/ur_pick_and_place/install/ur_pick_and_place/share/ur_pick_and_place/hook/cmake_prefix_path.sh'
[22.686s] Level 1:colcon.colcon_core.environment:checking '/home/agrobotics/Documents/ur_pick_and_place/install/ur_pick_and_place/lib'
[22.686s] Level 1:colcon.colcon_core.environment:checking '/home/agrobotics/Documents/ur_pick_and_place/install/ur_pick_and_place/bin'
[22.686s] Level 1:colcon.colcon_core.environment:checking '/home/agrobotics/Documents/ur_pick_and_place/install/ur_pick_and_place/lib/pkgconfig/ur_pick_and_place.pc'
[22.687s] Level 1:colcon.colcon_core.environment:checking '/home/agrobotics/Documents/ur_pick_and_place/install/ur_pick_and_place/lib/python3.10/site-packages'
[22.688s] Level 1:colcon.colcon_core.environment:checking '/home/agrobotics/Documents/ur_pick_and_place/install/ur_pick_and_place/bin'
[22.688s] INFO:colcon.colcon_core.shell:Creating package script '/home/agrobotics/Documents/ur_pick_and_place/install/ur_pick_and_place/share/ur_pick_and_place/package.ps1'
[22.690s] INFO:colcon.colcon_core.shell:Creating package descriptor '/home/agrobotics/Documents/ur_pick_and_place/install/ur_pick_and_place/share/ur_pick_and_place/package.dsv'
[22.691s] INFO:colcon.colcon_core.shell:Creating package script '/home/agrobotics/Documents/ur_pick_and_place/install/ur_pick_and_place/share/ur_pick_and_place/package.sh'
[22.692s] INFO:colcon.colcon_core.shell:Creating package script '/home/agrobotics/Documents/ur_pick_and_place/install/ur_pick_and_place/share/ur_pick_and_place/package.bash'
[22.693s] INFO:colcon.colcon_core.shell:Creating package script '/home/agrobotics/Documents/ur_pick_and_place/install/ur_pick_and_place/share/ur_pick_and_place/package.zsh'
[22.694s] Level 1:colcon.colcon_core.environment:create_file_with_runtime_dependencies(/home/agrobotics/Documents/ur_pick_and_place/install/ur_pick_and_place/share/colcon-core/packages/ur_pick_and_place)
[22.696s] DEBUG:colcon.colcon_parallel_executor.executor.parallel:closing loop
[22.697s] DEBUG:colcon.colcon_parallel_executor.executor.parallel:loop closed
[22.697s] DEBUG:colcon.colcon_parallel_executor.executor.parallel:run_until_complete finished with '0'
[22.697s] DEBUG:colcon.colcon_core.event_reactor:joining thread
[22.707s] INFO:colcon.colcon_core.plugin_system:Skipping extension 'colcon_notification.desktop_notification.terminal_notifier': Not used on non-Darwin systems
[22.707s] INFO:colcon.colcon_core.plugin_system:Skipping extension 'colcon_notification.desktop_notification.win32': Not used on non-Windows systems
[22.707s] INFO:colcon.colcon_notification.desktop_notification:Sending desktop notification using 'notify2'
[22.737s] DEBUG:colcon.colcon_core.event_reactor:joined thread
[22.738s] INFO:colcon.colcon_core.shell:Creating prefix script '/home/agrobotics/Documents/ur_pick_and_place/install/local_setup.ps1'
[22.741s] INFO:colcon.colcon_core.shell:Creating prefix util module '/home/agrobotics/Documents/ur_pick_and_place/install/_local_setup_util_ps1.py'
[22.743s] INFO:colcon.colcon_core.shell:Creating prefix chain script '/home/agrobotics/Documents/ur_pick_and_place/install/setup.ps1'
[22.745s] INFO:colcon.colcon_core.shell:Creating prefix script '/home/agrobotics/Documents/ur_pick_and_place/install/local_setup.sh'
[22.748s] INFO:colcon.colcon_core.shell:Creating prefix util module '/home/agrobotics/Documents/ur_pick_and_place/install/_local_setup_util_sh.py'
[22.748s] INFO:colcon.colcon_core.shell:Creating prefix chain script '/home/agrobotics/Documents/ur_pick_and_place/install/setup.sh'
[22.752s] INFO:colcon.colcon_core.shell:Creating prefix script '/home/agrobotics/Documents/ur_pick_and_place/install/local_setup.bash'
[22.752s] INFO:colcon.colcon_core.shell:Creating prefix chain script '/home/agrobotics/Documents/ur_pick_and_place/install/setup.bash'
[22.754s] INFO:colcon.colcon_core.shell:Creating prefix script '/home/agrobotics/Documents/ur_pick_and_place/install/local_setup.zsh'
[22.755s] INFO:colcon.colcon_core.shell:Creating prefix chain script '/home/agrobotics/Documents/ur_pick_and_place/install/setup.zsh'
