[0.011s] Invoking command in '/home/javier-rojas/Documents/Doctorado/3er_Semestre/ur_pick_and_place/build/ur_pick_and_place': CMAKE_PREFIX_PATH=${CMAKE_PREFIX_PATH}:/home/javier-rojas/Documents/Doctorado/3er_Semestre/ur_pick_and_place/install/vision_pick_init:/opt/ros/humble /usr/bin/cmake --build /home/javier-rojas/Documents/Doctorado/3er_Semestre/ur_pick_and_place/build/ur_pick_and_place -- -j8 -l8
[0.097s] [ 66%] Built target add_box_obstacle
[0.098s] [ 66%] Built target pick_and_place
[0.101s] [100%] Built target go_home_node
[0.117s] Invoked command in '/home/javier-rojas/Documents/Doctorado/3er_Semestre/ur_pick_and_place/build/ur_pick_and_place' returned '0': CMAKE_PREFIX_PATH=${CMAKE_PREFIX_PATH}:/home/javier-rojas/Documents/Doctorado/3er_Semestre/ur_pick_and_place/install/vision_pick_init:/opt/ros/humble /usr/bin/cmake --build /home/javier-rojas/Documents/Doctorado/3er_Semestre/ur_pick_and_place/build/ur_pick_and_place -- -j8 -l8
[0.170s] Invoking command in '/home/javier-rojas/Documents/Doctorado/3er_Semestre/ur_pick_and_place/build/ur_pick_and_place': CMAKE_PREFIX_PATH=${CMAKE_PREFIX_PATH}:/home/javier-rojas/Documents/Doctorado/3er_Semestre/ur_pick_and_place/install/vision_pick_init:/opt/ros/humble /usr/bin/cmake --install /home/javier-rojas/Documents/Doctorado/3er_Semestre/ur_pick_and_place/build/ur_pick_and_place
[0.177s] -- Install configuration: ""
[0.178s] -- Up-to-date: /home/javier-rojas/Documents/Doctorado/3er_Semestre/ur_pick_and_place/install/ur_pick_and_place/lib/ur_pick_and_place/pick_and_place
[0.178s] -- Up-to-date: /home/javier-rojas/Documents/Doctorado/3er_Semestre/ur_pick_and_place/install/ur_pick_and_place/lib/ur_pick_and_place/go_home_node
[0.179s] -- Up-to-date: /home/javier-rojas/Documents/Doctorado/3er_Semestre/ur_pick_and_place/install/ur_pick_and_place/lib/ur_pick_and_place/add_box_obstacle
[0.179s] -- Up-to-date: /home/javier-rojas/Documents/Doctorado/3er_Semestre/ur_pick_and_place/install/ur_pick_and_place/share/ur_pick_and_place/launch
[0.179s] -- Installing: /home/javier-rojas/Documents/Doctorado/3er_Semestre/ur_pick_and_place/install/ur_pick_and_place/share/ur_pick_and_place/launch/initialization.launch.py
[0.179s] -- Up-to-date: /home/javier-rojas/Documents/Doctorado/3er_Semestre/ur_pick_and_place/install/ur_pick_and_place/share/ament_index/resource_index/package_run_dependencies/ur_pick_and_place
[0.180s] -- Up-to-date: /home/javier-rojas/Documents/Doctorado/3er_Semestre/ur_pick_and_place/install/ur_pick_and_place/share/ament_index/resource_index/parent_prefix_path/ur_pick_and_place
[0.180s] -- Up-to-date: /home/javier-rojas/Documents/Doctorado/3er_Semestre/ur_pick_and_place/install/ur_pick_and_place/share/ur_pick_and_place/environment/ament_prefix_path.sh
[0.180s] -- Up-to-date: /home/javier-rojas/Documents/Doctorado/3er_Semestre/ur_pick_and_place/install/ur_pick_and_place/share/ur_pick_and_place/environment/ament_prefix_path.dsv
[0.180s] -- Up-to-date: /home/javier-rojas/Documents/Doctorado/3er_Semestre/ur_pick_and_place/install/ur_pick_and_place/share/ur_pick_and_place/environment/path.sh
[0.180s] -- Up-to-date: /home/javier-rojas/Documents/Doctorado/3er_Semestre/ur_pick_and_place/install/ur_pick_and_place/share/ur_pick_and_place/environment/path.dsv
[0.181s] -- Up-to-date: /home/javier-rojas/Documents/Doctorado/3er_Semestre/ur_pick_and_place/install/ur_pick_and_place/share/ur_pick_and_place/local_setup.bash
[0.181s] -- Up-to-date: /home/javier-rojas/Documents/Doctorado/3er_Semestre/ur_pick_and_place/install/ur_pick_and_place/share/ur_pick_and_place/local_setup.sh
[0.181s] -- Up-to-date: /home/javier-rojas/Documents/Doctorado/3er_Semestre/ur_pick_and_place/install/ur_pick_and_place/share/ur_pick_and_place/local_setup.zsh
[0.181s] -- Up-to-date: /home/javier-rojas/Documents/Doctorado/3er_Semestre/ur_pick_and_place/install/ur_pick_and_place/share/ur_pick_and_place/local_setup.dsv
[0.181s] -- Installing: /home/javier-rojas/Documents/Doctorado/3er_Semestre/ur_pick_and_place/install/ur_pick_and_place/share/ur_pick_and_place/package.dsv
[0.181s] -- Up-to-date: /home/javier-rojas/Documents/Doctorado/3er_Semestre/ur_pick_and_place/install/ur_pick_and_place/share/ament_index/resource_index/packages/ur_pick_and_place
[0.181s] -- Up-to-date: /home/javier-rojas/Documents/Doctorado/3er_Semestre/ur_pick_and_place/install/ur_pick_and_place/share/ur_pick_and_place/cmake/ur_pick_and_placeConfig.cmake
[0.181s] -- Up-to-date: /home/javier-rojas/Documents/Doctorado/3er_Semestre/ur_pick_and_place/install/ur_pick_and_place/share/ur_pick_and_place/cmake/ur_pick_and_placeConfig-version.cmake
[0.182s] -- Up-to-date: /home/javier-rojas/Documents/Doctorado/3er_Semestre/ur_pick_and_place/install/ur_pick_and_place/share/ur_pick_and_place/package.xml
[0.184s] Invoked command in '/home/javier-rojas/Documents/Doctorado/3er_Semestre/ur_pick_and_place/build/ur_pick_and_place' returned '0': CMAKE_PREFIX_PATH=${CMAKE_PREFIX_PATH}:/home/javier-rojas/Documents/Doctorado/3er_Semestre/ur_pick_and_place/install/vision_pick_init:/opt/ros/humble /usr/bin/cmake --install /home/javier-rojas/Documents/Doctorado/3er_Semestre/ur_pick_and_place/build/ur_pick_and_place
