running develop
running egg_info
creating vision_pick_init.egg-info
writing vision_pick_init.egg-info/PKG-INFO
writing dependency_links to vision_pick_init.egg-info/dependency_links.txt
writing entry points to vision_pick_init.egg-info/entry_points.txt
writing requirements to vision_pick_init.egg-info/requires.txt
writing top-level names to vision_pick_init.egg-info/top_level.txt
writing manifest file 'vision_pick_init.egg-info/SOURCES.txt'
reading manifest file 'vision_pick_init.egg-info/SOURCES.txt'
writing manifest file 'vision_pick_init.egg-info/SOURCES.txt'
running build_ext
Creating /home/javier-rojas/Documents/Doctorado/3er Semestre/ur_pick_and_place/install/vision_pick_init/lib/python3.10/site-packages/vision-pick-init.egg-link (link to .)
Installing vision_node script to /home/javier-rojas/Documents/Doctorado/3er Semestre/ur_pick_and_place/install/vision_pick_init/lib/vision_pick_init

Installed /home/javier-rojas/Documents/Doctorado/3er Semestre/ur_pick_and_place/build/vision_pick_init
running symlink_data
creating /home/javier-rojas/Documents/Doctorado/3er Semestre/ur_pick_and_place/install/vision_pick_init/share/ament_index
creating /home/javier-rojas/Documents/Doctorado/3er Semestre/ur_pick_and_place/install/vision_pick_init/share/ament_index/resource_index
creating /home/javier-rojas/Documents/Doctorado/3er Semestre/ur_pick_and_place/install/vision_pick_init/share/ament_index/resource_index/packages
symbolically linking /home/javier-rojas/Documents/Doctorado/3er Semestre/ur_pick_and_place/build/vision_pick_init/resource/vision_pick_init -> /home/javier-rojas/Documents/Doctorado/3er Semestre/ur_pick_and_place/install/vision_pick_init/share/ament_index/resource_index/packages
symbolically linking /home/javier-rojas/Documents/Doctorado/3er Semestre/ur_pick_and_place/build/vision_pick_init/package.xml -> /home/javier-rojas/Documents/Doctorado/3er Semestre/ur_pick_and_place/install/vision_pick_init/share/vision_pick_init
