[0.027s] Invoking command in '/home/javier-rojas/Documents/Doctorado/3er_Semestre/ur_pick_and_place/build/robot_gdl_description': CMAKE_PREFIX_PATH=${CMAKE_PREFIX_PATH}:/home/javier-rojas/Documents/Doctorado/3er_Semestre/ur_pick_and_place/install/vision_pick_init:/opt/ros/humble /usr/bin/cmake /home/javier-rojas/Documents/Doctorado/3er_Semestre/ur_pick_and_place/src/robot_gdl_description -DCMAKE_INSTALL_PREFIX=/home/javier-rojas/Documents/Doctorado/3er_Semestre/ur_pick_and_place/install/robot_gdl_description
[0.044s] -- Found ament_cmake: 1.3.12 (/opt/ros/humble/share/ament_cmake/cmake)
[0.219s] -- Override CMake install command with custom implementation using symlinks instead of copying resources
[0.228s] -- Found xacro: 2.1.1 (/opt/ros/humble/share/xacro/cmake)
[0.228s] -- Found robot_state_publisher: 3.0.3 (/opt/ros/humble/share/robot_state_publisher/cmake)
[0.262s] -- Found rosidl_generator_c: 3.1.7 (/opt/ros/humble/share/rosidl_generator_c/cmake)
[0.265s] -- Found rosidl_adapter: 3.1.7 (/opt/ros/humble/share/rosidl_adapter/cmake)
[0.272s] -- Found rosidl_generator_cpp: 3.1.7 (/opt/ros/humble/share/rosidl_generator_cpp/cmake)
[0.284s] -- Using all available rosidl_typesupport_c: rosidl_typesupport_fastrtps_c;rosidl_typesupport_introspection_c
[0.299s] -- Using all available rosidl_typesupport_cpp: rosidl_typesupport_fastrtps_cpp;rosidl_typesupport_introspection_cpp
[0.350s] -- Found eigen3_cmake_module: 0.1.1 (/opt/ros/humble/share/eigen3_cmake_module/cmake)
[0.352s] -- Ensuring Eigen3 include directory is part of orocos-kdl CMake target
[0.388s] -- Found rmw_implementation_cmake: 6.1.2 (/opt/ros/humble/share/rmw_implementation_cmake/cmake)
[0.393s] -- Found rmw_fastrtps_cpp: 6.2.9 (/opt/ros/humble/share/rmw_fastrtps_cpp/cmake)
[0.549s] -- Using RMW implementation 'rmw_fastrtps_cpp' as default
[0.767s] -- Found ur_description: 2.8.0 (/opt/ros/humble/share/ur_description/cmake)
[0.767s] -- Found rviz2: 11.2.22 (/opt/ros/humble/share/rviz2/cmake)
[0.768s] -- Found ament_lint_auto: 0.12.14 (/opt/ros/humble/share/ament_lint_auto/cmake)
[0.858s] -- Added test 'flake8' to check Python code syntax and style conventions
[0.859s] -- Added test 'lint_cmake' to check CMake code style
[0.859s] -- Added test 'pep257' to check Python code against some of the docstring style conventions in PEP 257
[0.861s] -- Added test 'xmllint' to check XML markup files
[0.862s] -- Configuring done
[0.869s] -- Generating done
[0.871s] -- Build files have been written to: /home/javier-rojas/Documents/Doctorado/3er_Semestre/ur_pick_and_place/build/robot_gdl_description
[0.882s] Invoked command in '/home/javier-rojas/Documents/Doctorado/3er_Semestre/ur_pick_and_place/build/robot_gdl_description' returned '0': CMAKE_PREFIX_PATH=${CMAKE_PREFIX_PATH}:/home/javier-rojas/Documents/Doctorado/3er_Semestre/ur_pick_and_place/install/vision_pick_init:/opt/ros/humble /usr/bin/cmake /home/javier-rojas/Documents/Doctorado/3er_Semestre/ur_pick_and_place/src/robot_gdl_description -DCMAKE_INSTALL_PREFIX=/home/javier-rojas/Documents/Doctorado/3er_Semestre/ur_pick_and_place/install/robot_gdl_description
[0.884s] Invoking command in '/home/javier-rojas/Documents/Doctorado/3er_Semestre/ur_pick_and_place/build/robot_gdl_description': CMAKE_PREFIX_PATH=${CMAKE_PREFIX_PATH}:/home/javier-rojas/Documents/Doctorado/3er_Semestre/ur_pick_and_place/install/vision_pick_init:/opt/ros/humble /usr/bin/cmake --build /home/javier-rojas/Documents/Doctorado/3er_Semestre/ur_pick_and_place/build/robot_gdl_description -- -j8 -l8
[0.941s] Invoked command in '/home/javier-rojas/Documents/Doctorado/3er_Semestre/ur_pick_and_place/build/robot_gdl_description' returned '0': CMAKE_PREFIX_PATH=${CMAKE_PREFIX_PATH}:/home/javier-rojas/Documents/Doctorado/3er_Semestre/ur_pick_and_place/install/vision_pick_init:/opt/ros/humble /usr/bin/cmake --build /home/javier-rojas/Documents/Doctorado/3er_Semestre/ur_pick_and_place/build/robot_gdl_description -- -j8 -l8
[0.975s] Invoking command in '/home/javier-rojas/Documents/Doctorado/3er_Semestre/ur_pick_and_place/build/robot_gdl_description': CMAKE_PREFIX_PATH=${CMAKE_PREFIX_PATH}:/home/javier-rojas/Documents/Doctorado/3er_Semestre/ur_pick_and_place/install/vision_pick_init:/opt/ros/humble /usr/bin/cmake --install /home/javier-rojas/Documents/Doctorado/3er_Semestre/ur_pick_and_place/build/robot_gdl_description
[0.986s] -- Install configuration: ""
[0.986s] -- Execute custom install script
[0.986s] -- Up-to-date symlink: /home/javier-rojas/Documents/Doctorado/3er_Semestre/ur_pick_and_place/install/robot_gdl_description/share/robot_gdl_description/urdf/robot_gdl.urdf.xacro
[0.987s] -- Up-to-date symlink: /home/javier-rojas/Documents/Doctorado/3er_Semestre/ur_pick_and_place/install/robot_gdl_description/share/robot_gdl_description/urdf/robot_gdl_macro.xacro
[0.987s] -- Up-to-date symlink: /home/javier-rojas/Documents/Doctorado/3er_Semestre/ur_pick_and_place/install/robot_gdl_description/share/robot_gdl_description/launch/display.launch.py
[0.987s] -- Up-to-date symlink: /home/javier-rojas/Documents/Doctorado/3er_Semestre/ur_pick_and_place/install/robot_gdl_description/share/robot_gdl_description/launch/view_robot.launch.py
[0.987s] -- Up-to-date symlink: /home/javier-rojas/Documents/Doctorado/3er_Semestre/ur_pick_and_place/install/robot_gdl_description/share/robot_gdl_description/config/robot_description.png
[0.988s] -- Up-to-date symlink: /home/javier-rojas/Documents/Doctorado/3er_Semestre/ur_pick_and_place/install/robot_gdl_description/share/robot_gdl_description/rviz/view_robot.rviz
[0.988s] -- Up-to-date symlink: /home/javier-rojas/Documents/Doctorado/3er_Semestre/ur_pick_and_place/install/robot_gdl_description/share/ament_index/resource_index/package_run_dependencies/robot_gdl_description
[0.988s] -- Up-to-date symlink: /home/javier-rojas/Documents/Doctorado/3er_Semestre/ur_pick_and_place/install/robot_gdl_description/share/ament_index/resource_index/parent_prefix_path/robot_gdl_description
[0.989s] -- Up-to-date symlink: /home/javier-rojas/Documents/Doctorado/3er_Semestre/ur_pick_and_place/install/robot_gdl_description/share/robot_gdl_description/environment/ament_prefix_path.sh
[0.989s] -- Up-to-date symlink: /home/javier-rojas/Documents/Doctorado/3er_Semestre/ur_pick_and_place/install/robot_gdl_description/share/robot_gdl_description/environment/ament_prefix_path.dsv
[0.989s] -- Up-to-date symlink: /home/javier-rojas/Documents/Doctorado/3er_Semestre/ur_pick_and_place/install/robot_gdl_description/share/robot_gdl_description/environment/path.sh
[0.990s] -- Up-to-date symlink: /home/javier-rojas/Documents/Doctorado/3er_Semestre/ur_pick_and_place/install/robot_gdl_description/share/robot_gdl_description/environment/path.dsv
[0.990s] -- Up-to-date symlink: /home/javier-rojas/Documents/Doctorado/3er_Semestre/ur_pick_and_place/install/robot_gdl_description/share/robot_gdl_description/local_setup.bash
[0.990s] -- Up-to-date symlink: /home/javier-rojas/Documents/Doctorado/3er_Semestre/ur_pick_and_place/install/robot_gdl_description/share/robot_gdl_description/local_setup.sh
[0.991s] -- Up-to-date symlink: /home/javier-rojas/Documents/Doctorado/3er_Semestre/ur_pick_and_place/install/robot_gdl_description/share/robot_gdl_description/local_setup.zsh
[0.991s] -- Up-to-date symlink: /home/javier-rojas/Documents/Doctorado/3er_Semestre/ur_pick_and_place/install/robot_gdl_description/share/robot_gdl_description/local_setup.dsv
[0.991s] -- Symlinking: /home/javier-rojas/Documents/Doctorado/3er_Semestre/ur_pick_and_place/install/robot_gdl_description/share/robot_gdl_description/package.dsv
[1.004s] -- Up-to-date symlink: /home/javier-rojas/Documents/Doctorado/3er_Semestre/ur_pick_and_place/install/robot_gdl_description/share/ament_index/resource_index/packages/robot_gdl_description
[1.004s] -- Up-to-date symlink: /home/javier-rojas/Documents/Doctorado/3er_Semestre/ur_pick_and_place/install/robot_gdl_description/share/robot_gdl_description/cmake/robot_gdl_descriptionConfig.cmake
[1.004s] -- Up-to-date symlink: /home/javier-rojas/Documents/Doctorado/3er_Semestre/ur_pick_and_place/install/robot_gdl_description/share/robot_gdl_description/cmake/robot_gdl_descriptionConfig-version.cmake
[1.004s] -- Up-to-date symlink: /home/javier-rojas/Documents/Doctorado/3er_Semestre/ur_pick_and_place/install/robot_gdl_description/share/robot_gdl_description/package.xml
[1.007s] Invoked command in '/home/javier-rojas/Documents/Doctorado/3er_Semestre/ur_pick_and_place/build/robot_gdl_description' returned '0': CMAKE_PREFIX_PATH=${CMAKE_PREFIX_PATH}:/home/javier-rojas/Documents/Doctorado/3er_Semestre/ur_pick_and_place/install/vision_pick_init:/opt/ros/humble /usr/bin/cmake --install /home/javier-rojas/Documents/Doctorado/3er_Semestre/ur_pick_and_place/build/robot_gdl_description
