-- Install configuration: ""
-- Up-to-date: /home/javier-rojas/Documents/Doctorado/3er_Semestre/ur_pick_and_place/install/robot_gdl_description/share/robot_gdl_description/urdf
-- Up-to-date: /home/javier-rojas/Documents/Doctorado/3er_Semestre/ur_pick_and_place/install/robot_gdl_description/share/robot_gdl_description/urdf/robot_gdl.urdf.xacro
-- Up-to-date: /home/javier-rojas/Documents/Doctorado/3er_Semestre/ur_pick_and_place/install/robot_gdl_description/share/robot_gdl_description/urdf/robot_gdl_macro.xacro
-- Up-to-date: /home/javier-rojas/Documents/Doctorado/3er_Semestre/ur_pick_and_place/install/robot_gdl_description/share/robot_gdl_description/launch
-- Up-to-date: /home/javier-rojas/Documents/Doctorado/3er_Semestre/ur_pick_and_place/install/robot_gdl_description/share/robot_gdl_description/launch/view_robot.launch.py
-- Up-to-date: /home/javier-rojas/Documents/Doctorado/3er_Semestre/ur_pick_and_place/install/robot_gdl_description/share/robot_gdl_description/launch/display.launch.py
-- Up-to-date: /home/javier-rojas/Documents/Doctorado/3er_Semestre/ur_pick_and_place/install/robot_gdl_description/share/robot_gdl_description/config
-- Up-to-date: /home/javier-rojas/Documents/Doctorado/3er_Semestre/ur_pick_and_place/install/robot_gdl_description/share/robot_gdl_description/config/robot_description.png
-- Up-to-date: /home/javier-rojas/Documents/Doctorado/3er_Semestre/ur_pick_and_place/install/robot_gdl_description/share/robot_gdl_description/rviz
-- Up-to-date: /home/javier-rojas/Documents/Doctorado/3er_Semestre/ur_pick_and_place/install/robot_gdl_description/share/robot_gdl_description/rviz/view_robot.rviz
-- Up-to-date: /home/javier-rojas/Documents/Doctorado/3er_Semestre/ur_pick_and_place/install/robot_gdl_description/share/ament_index/resource_index/package_run_dependencies/robot_gdl_description
-- Up-to-date: /home/javier-rojas/Documents/Doctorado/3er_Semestre/ur_pick_and_place/install/robot_gdl_description/share/ament_index/resource_index/parent_prefix_path/robot_gdl_description
-- Up-to-date: /home/javier-rojas/Documents/Doctorado/3er_Semestre/ur_pick_and_place/install/robot_gdl_description/share/robot_gdl_description/environment/ament_prefix_path.sh
-- Up-to-date: /home/javier-rojas/Documents/Doctorado/3er_Semestre/ur_pick_and_place/install/robot_gdl_description/share/robot_gdl_description/environment/ament_prefix_path.dsv
-- Up-to-date: /home/javier-rojas/Documents/Doctorado/3er_Semestre/ur_pick_and_place/install/robot_gdl_description/share/robot_gdl_description/environment/path.sh
-- Up-to-date: /home/javier-rojas/Documents/Doctorado/3er_Semestre/ur_pick_and_place/install/robot_gdl_description/share/robot_gdl_description/environment/path.dsv
-- Up-to-date: /home/javier-rojas/Documents/Doctorado/3er_Semestre/ur_pick_and_place/install/robot_gdl_description/share/robot_gdl_description/local_setup.bash
-- Up-to-date: /home/javier-rojas/Documents/Doctorado/3er_Semestre/ur_pick_and_place/install/robot_gdl_description/share/robot_gdl_description/local_setup.sh
-- Up-to-date: /home/javier-rojas/Documents/Doctorado/3er_Semestre/ur_pick_and_place/install/robot_gdl_description/share/robot_gdl_description/local_setup.zsh
-- Up-to-date: /home/javier-rojas/Documents/Doctorado/3er_Semestre/ur_pick_and_place/install/robot_gdl_description/share/robot_gdl_description/local_setup.dsv
-- Up-to-date: /home/javier-rojas/Documents/Doctorado/3er_Semestre/ur_pick_and_place/install/robot_gdl_description/share/robot_gdl_description/package.dsv
-- Up-to-date: /home/javier-rojas/Documents/Doctorado/3er_Semestre/ur_pick_and_place/install/robot_gdl_description/share/ament_index/resource_index/packages/robot_gdl_description
-- Up-to-date: /home/javier-rojas/Documents/Doctorado/3er_Semestre/ur_pick_and_place/install/robot_gdl_description/share/robot_gdl_description/cmake/robot_gdl_descriptionConfig.cmake
-- Up-to-date: /home/javier-rojas/Documents/Doctorado/3er_Semestre/ur_pick_and_place/install/robot_gdl_description/share/robot_gdl_description/cmake/robot_gdl_descriptionConfig-version.cmake
-- Up-to-date: /home/javier-rojas/Documents/Doctorado/3er_Semestre/ur_pick_and_place/install/robot_gdl_description/share/robot_gdl_description/package.xml
