[0.014s] Invoking command in '/home/javier-rojas/Documents/Doctorado/3er Semestre/ur_pick_and_place/build/ur_pick_and_place': CMAKE_PREFIX_PATH=${CMAKE_PREFIX_PATH}:/opt/ros/humble /usr/bin/cmake /home/javier-rojas/Documents/Doctorado/3er Semestre/ur_pick_and_place -DAMENT_CMAKE_SYMLINK_INSTALL=1 -DCMAKE_INSTALL_PREFIX=/home/javier-rojas/Documents/Doctorado/3er Semestre/ur_pick_and_place/install/ur_pick_and_place
[0.090s] -- The C compiler identification is GNU 11.4.0
[0.170s] -- The CXX compiler identification is GNU 11.4.0
[0.181s] -- Detecting C compiler ABI info
[0.287s] -- Detecting C compiler ABI info - done
[0.300s] -- Check for working C compiler: /usr/bin/cc - skipped
[0.300s] -- Detecting C compile features
[0.301s] -- Detecting C compile features - done
[0.304s] -- Detecting CXX compiler ABI info
[0.421s] -- Detecting CXX compiler ABI info - done
[0.435s] -- Check for working CXX compiler: /usr/bin/c++ - skipped
[0.435s] -- Detecting CXX compile features
[0.436s] -- Detecting CXX compile features - done
[0.439s] -- Found ament_cmake: 1.3.12 (/opt/ros/humble/share/ament_cmake/cmake)
[0.650s] -- Found Python3: /usr/bin/python3 (found version "3.10.12") found components: Interpreter 
[0.737s] -- Override CMake install command with custom implementation using symlinks instead of copying resources
[0.774s] -- Found rclcpp: 16.0.15 (/opt/ros/humble/share/rclcpp/cmake)
[0.830s] -- Found rosidl_generator_c: 3.1.7 (/opt/ros/humble/share/rosidl_generator_c/cmake)
[0.836s] -- Found rosidl_adapter: 3.1.7 (/opt/ros/humble/share/rosidl_adapter/cmake)
[0.847s] -- Found rosidl_generator_cpp: 3.1.7 (/opt/ros/humble/share/rosidl_generator_cpp/cmake)
[0.865s] -- Using all available rosidl_typesupport_c: rosidl_typesupport_fastrtps_c;rosidl_typesupport_introspection_c
[0.887s] -- Using all available rosidl_typesupport_cpp: rosidl_typesupport_fastrtps_cpp;rosidl_typesupport_introspection_cpp
[0.957s] -- Found rmw_implementation_cmake: 6.1.2 (/opt/ros/humble/share/rmw_implementation_cmake/cmake)
[0.960s] -- Found rmw_fastrtps_cpp: 6.2.9 (/opt/ros/humble/share/rmw_fastrtps_cpp/cmake)
[1.088s] -- Found OpenSSL: /usr/lib/x86_64-linux-gnu/libcrypto.so (found version "3.0.2")  
[1.127s] -- Found FastRTPS: /opt/ros/humble/include  
[1.185s] -- Using RMW implementation 'rmw_fastrtps_cpp' as default
[1.197s] -- Looking for pthread.h
[1.299s] -- Looking for pthread.h - found
[1.300s] -- Performing Test CMAKE_HAVE_LIBC_PTHREAD
[1.411s] -- Performing Test CMAKE_HAVE_LIBC_PTHREAD - Success
[1.413s] -- Found Threads: TRUE  
[1.490s] -- Found geometry_msgs: 4.9.0 (/opt/ros/humble/share/geometry_msgs/cmake)
[1.512s] -- Found moveit_ros_planning_interface: 2.5.9 (/opt/ros/humble/share/moveit_ros_planning_interface/cmake)
[1.542s] -- Found Boost: /usr/lib/x86_64-linux-gnu/cmake/Boost-1.74.0/BoostConfig.cmake (found version "1.74.0") found components: date_time filesystem program_options system thread 
[1.815s] -- Found Boost: /usr/lib/x86_64-linux-gnu/cmake/Boost-1.74.0/BoostConfig.cmake (found version "1.74.0") found components: chrono date_time filesystem iostreams program_options regex serialization system thread 
[1.878s] -- Found parameter_traits: 0.5.0 (/opt/ros/humble/share/parameter_traits/cmake)
[1.894s] -- Found rclcpp_lifecycle: 16.0.15 (/opt/ros/humble/share/rclcpp_lifecycle/cmake)
[1.929s] -- Found Boost: /usr/lib/x86_64-linux-gnu/cmake/Boost-1.74.0/BoostConfig.cmake (found version "1.74.0") found components: filesystem 
[2.058s] -- library: /usr/lib/x86_64-linux-gnu/libcurl.so
[2.107s] -- Found Eigen3: TRUE (found version "3.4.0") 
[2.107s] -- Ensuring Eigen3 include directory is part of orocos-kdl CMake target
[2.322s] -- Found Boost: /usr/lib/x86_64-linux-gnu/cmake/Boost-1.74.0/BoostConfig.cmake (found version "1.74.0") found components: system filesystem date_time program_options thread chrono 
[2.376s] -- Found Boost: /usr/lib/x86_64-linux-gnu/cmake/Boost-1.74.0/BoostConfig.cmake (found version "1.74.0") found components: thread system filesystem regex date_time program_options 
[2.412s] -- Found Boost: /usr/lib/x86_64-linux-gnu/cmake/Boost-1.74.0/BoostConfig.cmake (found version "1.74.0") found components: system filesystem date_time program_options thread 
[2.588s] -- Configuring done
[2.673s] -- Generating done
[2.679s] -- Build files have been written to: /home/javier-rojas/Documents/Doctorado/3er Semestre/ur_pick_and_place/build/ur_pick_and_place
[2.701s] Invoked command in '/home/javier-rojas/Documents/Doctorado/3er Semestre/ur_pick_and_place/build/ur_pick_and_place' returned '0': CMAKE_PREFIX_PATH=${CMAKE_PREFIX_PATH}:/opt/ros/humble /usr/bin/cmake /home/javier-rojas/Documents/Doctorado/3er Semestre/ur_pick_and_place -DAMENT_CMAKE_SYMLINK_INSTALL=1 -DCMAKE_INSTALL_PREFIX=/home/javier-rojas/Documents/Doctorado/3er Semestre/ur_pick_and_place/install/ur_pick_and_place
[2.705s] Invoking command in '/home/javier-rojas/Documents/Doctorado/3er Semestre/ur_pick_and_place/build/ur_pick_and_place': CMAKE_PREFIX_PATH=${CMAKE_PREFIX_PATH}:/opt/ros/humble /usr/bin/cmake --build /home/javier-rojas/Documents/Doctorado/3er Semestre/ur_pick_and_place/build/ur_pick_and_place -- -j8 -l8
[2.787s] [ 50%] [32mBuilding CXX object CMakeFiles/pick_and_place.dir/src/pick_and_place.cpp.o[0m
[2.787s] [ 50%] [32mBuilding CXX object CMakeFiles/go_home_node.dir/src/go_home_node.cpp.o[0m
[2.788s] [ 50%] [32mBuilding CXX object CMakeFiles/add_box_obstacle.dir/src/add_box_obstacle.cpp.o[0m
[13.894s] [ 66%] [32m[1mLinking CXX executable add_box_obstacle[0m
[14.297s] [ 66%] Built target add_box_obstacle
[21.027s] [ 83%] [32m[1mLinking CXX executable go_home_node[0m
[22.111s] [ 83%] Built target go_home_node
[22.773s] [100%] [32m[1mLinking CXX executable pick_and_place[0m
[23.781s] [100%] Built target pick_and_place
[23.800s] Invoked command in '/home/javier-rojas/Documents/Doctorado/3er Semestre/ur_pick_and_place/build/ur_pick_and_place' returned '0': CMAKE_PREFIX_PATH=${CMAKE_PREFIX_PATH}:/opt/ros/humble /usr/bin/cmake --build /home/javier-rojas/Documents/Doctorado/3er Semestre/ur_pick_and_place/build/ur_pick_and_place -- -j8 -l8
[23.867s] Invoking command in '/home/javier-rojas/Documents/Doctorado/3er Semestre/ur_pick_and_place/build/ur_pick_and_place': CMAKE_PREFIX_PATH=${CMAKE_PREFIX_PATH}:/opt/ros/humble /usr/bin/cmake --install /home/javier-rojas/Documents/Doctorado/3er Semestre/ur_pick_and_place/build/ur_pick_and_place
[23.878s] -- Install configuration: ""
[23.879s] -- Execute custom install script
[23.879s] -- Symlinking: /home/javier-rojas/Documents/Doctorado/3er Semestre/ur_pick_and_place/install/ur_pick_and_place/lib/ur_pick_and_place/pick_and_place
[23.892s] -- Symlinking: /home/javier-rojas/Documents/Doctorado/3er Semestre/ur_pick_and_place/install/ur_pick_and_place/lib/ur_pick_and_place/go_home_node
[23.908s] -- Symlinking: /home/javier-rojas/Documents/Doctorado/3er Semestre/ur_pick_and_place/install/ur_pick_and_place/lib/ur_pick_and_place/add_box_obstacle
[23.921s] -- Symlinking: /home/javier-rojas/Documents/Doctorado/3er Semestre/ur_pick_and_place/install/ur_pick_and_place/share/ament_index/resource_index/package_run_dependencies/ur_pick_and_place
[23.935s] -- Symlinking: /home/javier-rojas/Documents/Doctorado/3er Semestre/ur_pick_and_place/install/ur_pick_and_place/share/ament_index/resource_index/parent_prefix_path/ur_pick_and_place
[23.948s] -- Symlinking: /home/javier-rojas/Documents/Doctorado/3er Semestre/ur_pick_and_place/install/ur_pick_and_place/share/ur_pick_and_place/environment/ament_prefix_path.sh
[23.961s] -- Symlinking: /home/javier-rojas/Documents/Doctorado/3er Semestre/ur_pick_and_place/install/ur_pick_and_place/share/ur_pick_and_place/environment/ament_prefix_path.dsv
[23.975s] -- Symlinking: /home/javier-rojas/Documents/Doctorado/3er Semestre/ur_pick_and_place/install/ur_pick_and_place/share/ur_pick_and_place/environment/path.sh
[23.988s] -- Symlinking: /home/javier-rojas/Documents/Doctorado/3er Semestre/ur_pick_and_place/install/ur_pick_and_place/share/ur_pick_and_place/environment/path.dsv
[24.002s] -- Symlinking: /home/javier-rojas/Documents/Doctorado/3er Semestre/ur_pick_and_place/install/ur_pick_and_place/share/ur_pick_and_place/local_setup.bash
[24.015s] -- Symlinking: /home/javier-rojas/Documents/Doctorado/3er Semestre/ur_pick_and_place/install/ur_pick_and_place/share/ur_pick_and_place/local_setup.sh
[24.028s] -- Symlinking: /home/javier-rojas/Documents/Doctorado/3er Semestre/ur_pick_and_place/install/ur_pick_and_place/share/ur_pick_and_place/local_setup.zsh
[24.041s] -- Symlinking: /home/javier-rojas/Documents/Doctorado/3er Semestre/ur_pick_and_place/install/ur_pick_and_place/share/ur_pick_and_place/local_setup.dsv
[24.054s] -- Symlinking: /home/javier-rojas/Documents/Doctorado/3er Semestre/ur_pick_and_place/install/ur_pick_and_place/share/ur_pick_and_place/package.dsv
[24.067s] -- Symlinking: /home/javier-rojas/Documents/Doctorado/3er Semestre/ur_pick_and_place/install/ur_pick_and_place/share/ament_index/resource_index/packages/ur_pick_and_place
[24.081s] -- Symlinking: /home/javier-rojas/Documents/Doctorado/3er Semestre/ur_pick_and_place/install/ur_pick_and_place/share/ur_pick_and_place/cmake/ur_pick_and_placeConfig.cmake
[24.094s] -- Symlinking: /home/javier-rojas/Documents/Doctorado/3er Semestre/ur_pick_and_place/install/ur_pick_and_place/share/ur_pick_and_place/cmake/ur_pick_and_placeConfig-version.cmake
[24.107s] -- Symlinking: /home/javier-rojas/Documents/Doctorado/3er Semestre/ur_pick_and_place/install/ur_pick_and_place/share/ur_pick_and_place/package.xml
[24.119s] -- Installing: /home/javier-rojas/Documents/Doctorado/3er Semestre/ur_pick_and_place/install/ur_pick_and_place/share/ur_pick_and_place/launch
[24.120s] -- Installing: /home/javier-rojas/Documents/Doctorado/3er Semestre/ur_pick_and_place/install/ur_pick_and_place/share/ur_pick_and_place/launch/initialization.launch.py
[24.123s] Invoked command in '/home/javier-rojas/Documents/Doctorado/3er Semestre/ur_pick_and_place/build/ur_pick_and_place' returned '0': CMAKE_PREFIX_PATH=${CMAKE_PREFIX_PATH}:/opt/ros/humble /usr/bin/cmake --install /home/javier-rojas/Documents/Doctorado/3er Semestre/ur_pick_and_place/build/ur_pick_and_place
