[0.927s] Invoking command in '/home/javier-rojas/Documents/Doctorado/3er_Semestre/ur_pick_and_place/build/vision_pick_init': PYTHONPATH=/home/javier-rojas/Documents/Doctorado/3er_Semestre/ur_pick_and_place/build/vision_pick_init/prefix_override:/usr/lib/python3/dist-packages/colcon_core/task/python/colcon_distutils_commands:/home/javier-rojas/Documents/Doctorado/3er_Semestre/ur_pick_and_place/install/vision_pick_init/lib/python3.10/site-packages:${PYTHONPATH} /usr/bin/python3 -W ignore:setup.py install is deprecated setup.py develop --editable --build-directory /home/javier-rojas/Documents/Doctorado/3er_Semestre/ur_pick_and_place/build/vision_pick_init/build --no-deps symlink_data
[1.334s] running develop
[1.335s] /usr/lib/python3/dist-packages/setuptools/command/easy_install.py:158: EasyInstallDeprecationWarning: easy_install command is deprecated. Use build and pip and other standards-based tools.
[1.335s]   warnings.warn(
[1.756s] running egg_info
[1.756s] creating vision_pick_init.egg-info
[1.757s] writing vision_pick_init.egg-info/PKG-INFO
[1.757s] writing dependency_links to vision_pick_init.egg-info/dependency_links.txt
[1.757s] writing entry points to vision_pick_init.egg-info/entry_points.txt
[1.758s] writing requirements to vision_pick_init.egg-info/requires.txt
[1.758s] writing top-level names to vision_pick_init.egg-info/top_level.txt
[1.758s] writing manifest file 'vision_pick_init.egg-info/SOURCES.txt'
[1.761s] reading manifest file 'vision_pick_init.egg-info/SOURCES.txt'
[1.762s] writing manifest file 'vision_pick_init.egg-info/SOURCES.txt'
[1.765s] running build_ext
[1.765s] Creating /home/javier-rojas/Documents/Doctorado/3er_Semestre/ur_pick_and_place/install/vision_pick_init/lib/python3.10/site-packages/vision-pick-init.egg-link (link to .)
[1.767s] Installing vision_node script to /home/javier-rojas/Documents/Doctorado/3er_Semestre/ur_pick_and_place/install/vision_pick_init/lib/vision_pick_init
[1.767s] 
[1.767s] Installed /home/javier-rojas/Documents/Doctorado/3er_Semestre/ur_pick_and_place/build/vision_pick_init
[1.767s] running symlink_data
[1.767s] creating /home/javier-rojas/Documents/Doctorado/3er_Semestre/ur_pick_and_place/install/vision_pick_init/share/ament_index
[1.768s] creating /home/javier-rojas/Documents/Doctorado/3er_Semestre/ur_pick_and_place/install/vision_pick_init/share/ament_index/resource_index
[1.768s] creating /home/javier-rojas/Documents/Doctorado/3er_Semestre/ur_pick_and_place/install/vision_pick_init/share/ament_index/resource_index/packages
[1.768s] symbolically linking /home/javier-rojas/Documents/Doctorado/3er_Semestre/ur_pick_and_place/build/vision_pick_init/resource/vision_pick_init -> /home/javier-rojas/Documents/Doctorado/3er_Semestre/ur_pick_and_place/install/vision_pick_init/share/ament_index/resource_index/packages
[1.768s] symbolically linking /home/javier-rojas/Documents/Doctorado/3er_Semestre/ur_pick_and_place/build/vision_pick_init/package.xml -> /home/javier-rojas/Documents/Doctorado/3er_Semestre/ur_pick_and_place/install/vision_pick_init/share/vision_pick_init
[1.819s] Invoked command in '/home/javier-rojas/Documents/Doctorado/3er_Semestre/ur_pick_and_place/build/vision_pick_init' returned '0': PYTHONPATH=/home/javier-rojas/Documents/Doctorado/3er_Semestre/ur_pick_and_place/build/vision_pick_init/prefix_override:/usr/lib/python3/dist-packages/colcon_core/task/python/colcon_distutils_commands:/home/javier-rojas/Documents/Doctorado/3er_Semestre/ur_pick_and_place/install/vision_pick_init/lib/python3.10/site-packages:${PYTHONPATH} /usr/bin/python3 -W ignore:setup.py install is deprecated setup.py develop --editable --build-directory /home/javier-rojas/Documents/Doctorado/3er_Semestre/ur_pick_and_place/build/vision_pick_init/build --no-deps symlink_data
