-- The C compiler identification is GNU 11.4.0
-- The CXX compiler identification is GNU 11.4.0
-- Detecting C compiler ABI info
-- Detecting C compiler ABI info - done
-- Check for working C compiler: /usr/bin/cc - skipped
-- Detecting C compile features
-- Detecting C compile features - done
-- Detecting CXX compiler ABI info
-- Detecting CXX compiler ABI info - done
-- Check for working CXX compiler: /usr/bin/c++ - skipped
-- Detecting CXX compile features
-- Detecting CXX compile features - done
-- Found ament_cmake: 1.3.12 (/opt/ros/humble/share/ament_cmake/cmake)
-- Found Python3: /usr/bin/python3 (found version "3.10.12") found components: Interpreter 
-- Override CMake install command with custom implementation using symlinks instead of copying resources
-- Found rclcpp: 16.0.14 (/opt/ros/humble/share/rclcpp/cmake)
-- Found rosidl_generator_c: 3.1.7 (/opt/ros/humble/share/rosidl_generator_c/cmake)
-- Found rosidl_adapter: 3.1.7 (/opt/ros/humble/share/rosidl_adapter/cmake)
-- Found rosidl_generator_cpp: 3.1.7 (/opt/ros/humble/share/rosidl_generator_cpp/cmake)
-- Using all available rosidl_typesupport_c: rosidl_typesupport_fastrtps_c;rosidl_typesupport_introspection_c
-- Using all available rosidl_typesupport_cpp: rosidl_typesupport_fastrtps_cpp;rosidl_typesupport_introspection_cpp
-- Found rmw_implementation_cmake: 6.1.2 (/opt/ros/humble/share/rmw_implementation_cmake/cmake)
-- Found rmw_fastrtps_cpp: 6.2.8 (/opt/ros/humble/share/rmw_fastrtps_cpp/cmake)
-- Found OpenSSL: /usr/lib/x86_64-linux-gnu/libcrypto.so (found version "3.0.2")  
-- Found FastRTPS: /opt/ros/humble/include  
-- Using RMW implementation 'rmw_fastrtps_cpp' as default
-- Looking for pthread.h
-- Looking for pthread.h - found
-- Performing Test CMAKE_HAVE_LIBC_PTHREAD
-- Performing Test CMAKE_HAVE_LIBC_PTHREAD - Success
-- Found Threads: TRUE  
-- Found geometry_msgs: 4.9.0 (/opt/ros/humble/share/geometry_msgs/cmake)
-- Found moveit_ros_planning_interface: 2.5.9 (/opt/ros/humble/share/moveit_ros_planning_interface/cmake)
-- Found Boost: /usr/lib/x86_64-linux-gnu/cmake/Boost-1.74.0/BoostConfig.cmake (found version "1.74.0") found components: date_time filesystem program_options system thread 
-- Found Boost: /usr/lib/x86_64-linux-gnu/cmake/Boost-1.74.0/BoostConfig.cmake (found version "1.74.0") found components: chrono date_time filesystem iostreams program_options regex serialization system thread 
-- Found parameter_traits: 0.5.0 (/opt/ros/humble/share/parameter_traits/cmake)
-- Found rclcpp_lifecycle: 16.0.14 (/opt/ros/humble/share/rclcpp_lifecycle/cmake)
-- Found Boost: /usr/lib/x86_64-linux-gnu/cmake/Boost-1.74.0/BoostConfig.cmake (found version "1.74.0") found components: filesystem 
-- library: /usr/lib/x86_64-linux-gnu/libcurl.so
-- Found Eigen3: TRUE (found version "3.4.0") 
-- Ensuring Eigen3 include directory is part of orocos-kdl CMake target
-- Found Boost: /usr/lib/x86_64-linux-gnu/cmake/Boost-1.74.0/BoostConfig.cmake (found version "1.74.0") found components: system filesystem date_time program_options thread chrono 
-- Found Boost: /usr/lib/x86_64-linux-gnu/cmake/Boost-1.74.0/BoostConfig.cmake (found version "1.74.0") found components: thread system filesystem regex date_time program_options 
-- Found Boost: /usr/lib/x86_64-linux-gnu/cmake/Boost-1.74.0/BoostConfig.cmake (found version "1.74.0") found components: system filesystem date_time program_options thread 
-- Configuring done
-- Generating done
-- Build files have been written to: /home/agrobotics/Documents/ur_pick_and_place/build/ur_pick_and_place
[ 25%] [32mBuilding CXX object CMakeFiles/pick_place_node.dir/src/pick_place_node.cpp.o[0m
[ 50%] [32m[1mLinking CXX executable pick_place_node[0m
[ 50%] Built target pick_place_node
[ 50%] Built target ament_cmake_python_symlink_ur_pick_and_place
[ 75%] [32mBuilding CXX object CMakeFiles/go_home_node.dir/src/go_home_node.cpp.o[0m
[100%] [32m[1mLinking CXX executable go_home_node[0m
[100%] Built target go_home_node
running egg_info
creating ur_pick_and_place.egg-info
writing ur_pick_and_place.egg-info/PKG-INFO
writing dependency_links to ur_pick_and_place.egg-info/dependency_links.txt
writing top-level names to ur_pick_and_place.egg-info/top_level.txt
writing manifest file 'ur_pick_and_place.egg-info/SOURCES.txt'
reading manifest file 'ur_pick_and_place.egg-info/SOURCES.txt'
writing manifest file 'ur_pick_and_place.egg-info/SOURCES.txt'
[100%] Built target ament_cmake_python_build_ur_pick_and_place_egg
-- Install configuration: ""
-- Execute custom install script
-- Symlinking: /home/agrobotics/Documents/ur_pick_and_place/install/ur_pick_and_place/lib/ur_pick_and_place/pick_place_node
-- Symlinking: /home/agrobotics/Documents/ur_pick_and_place/install/ur_pick_and_place/lib/ur_pick_and_place/go_home_node
-- Symlinking: /home/agrobotics/Documents/ur_pick_and_place/install/ur_pick_and_place/share/ur_pick_and_place/environment/pythonpath.sh
-- Symlinking: /home/agrobotics/Documents/ur_pick_and_place/install/ur_pick_and_place/share/ur_pick_and_place/environment/pythonpath.dsv
-- Symlinking: /home/agrobotics/Documents/ur_pick_and_place/install/ur_pick_and_place/local/lib/python3.10/dist-packages/ur_pick_and_place-0.0.0-py3.10.egg-info/PKG-INFO
-- Symlinking: /home/agrobotics/Documents/ur_pick_and_place/install/ur_pick_and_place/local/lib/python3.10/dist-packages/ur_pick_and_place-0.0.0-py3.10.egg-info/SOURCES.txt
-- Symlinking: /home/agrobotics/Documents/ur_pick_and_place/install/ur_pick_and_place/local/lib/python3.10/dist-packages/ur_pick_and_place-0.0.0-py3.10.egg-info/dependency_links.txt
-- Symlinking: /home/agrobotics/Documents/ur_pick_and_place/install/ur_pick_and_place/local/lib/python3.10/dist-packages/ur_pick_and_place-0.0.0-py3.10.egg-info/top_level.txt
-- Symlinking: /home/agrobotics/Documents/ur_pick_and_place/install/ur_pick_and_place/local/lib/python3.10/dist-packages/ur_pick_and_place/__init__.py
-- Symlinking: /home/agrobotics/Documents/ur_pick_and_place/install/ur_pick_and_place/share/ament_index/resource_index/package_run_dependencies/ur_pick_and_place
-- Symlinking: /home/agrobotics/Documents/ur_pick_and_place/install/ur_pick_and_place/share/ament_index/resource_index/parent_prefix_path/ur_pick_and_place
-- Symlinking: /home/agrobotics/Documents/ur_pick_and_place/install/ur_pick_and_place/share/ur_pick_and_place/environment/ament_prefix_path.sh
-- Symlinking: /home/agrobotics/Documents/ur_pick_and_place/install/ur_pick_and_place/share/ur_pick_and_place/environment/ament_prefix_path.dsv
-- Symlinking: /home/agrobotics/Documents/ur_pick_and_place/install/ur_pick_and_place/share/ur_pick_and_place/environment/path.sh
-- Symlinking: /home/agrobotics/Documents/ur_pick_and_place/install/ur_pick_and_place/share/ur_pick_and_place/environment/path.dsv
-- Symlinking: /home/agrobotics/Documents/ur_pick_and_place/install/ur_pick_and_place/share/ur_pick_and_place/local_setup.bash
-- Symlinking: /home/agrobotics/Documents/ur_pick_and_place/install/ur_pick_and_place/share/ur_pick_and_place/local_setup.sh
-- Symlinking: /home/agrobotics/Documents/ur_pick_and_place/install/ur_pick_and_place/share/ur_pick_and_place/local_setup.zsh
-- Symlinking: /home/agrobotics/Documents/ur_pick_and_place/install/ur_pick_and_place/share/ur_pick_and_place/local_setup.dsv
-- Symlinking: /home/agrobotics/Documents/ur_pick_and_place/install/ur_pick_and_place/share/ur_pick_and_place/package.dsv
-- Symlinking: /home/agrobotics/Documents/ur_pick_and_place/install/ur_pick_and_place/share/ament_index/resource_index/packages/ur_pick_and_place
-- Symlinking: /home/agrobotics/Documents/ur_pick_and_place/install/ur_pick_and_place/share/ur_pick_and_place/cmake/ur_pick_and_placeConfig.cmake
-- Symlinking: /home/agrobotics/Documents/ur_pick_and_place/install/ur_pick_and_place/share/ur_pick_and_place/cmake/ur_pick_and_placeConfig-version.cmake
-- Symlinking: /home/agrobotics/Documents/ur_pick_and_place/install/ur_pick_and_place/share/ur_pick_and_place/package.xml
Listing '/home/agrobotics/Documents/ur_pick_and_place/install/ur_pick_and_place/local/lib/python3.10/dist-packages/ur_pick_and_place'...
Compiling '/home/agrobotics/Documents/ur_pick_and_place/install/ur_pick_and_place/local/lib/python3.10/dist-packages/ur_pick_and_place/__init__.py'...
