-- Found ament_cmake: 1.3.12 (/opt/ros/humble/share/ament_cmake/cmake)
-- Override CMake install command with custom implementation using symlinks instead of copying resources
-- Found rclcpp: 16.0.14 (/opt/ros/humble/share/rclcpp/cmake)
-- Found rosidl_generator_c: 3.1.7 (/opt/ros/humble/share/rosidl_generator_c/cmake)
-- Found rosidl_adapter: 3.1.7 (/opt/ros/humble/share/rosidl_adapter/cmake)
-- Found rosidl_generator_cpp: 3.1.7 (/opt/ros/humble/share/rosidl_generator_cpp/cmake)
-- Using all available rosidl_typesupport_c: rosidl_typesupport_fastrtps_c;rosidl_typesupport_introspection_c
-- Using all available rosidl_typesupport_cpp: rosidl_typesupport_fastrtps_cpp;rosidl_typesupport_introspection_cpp
-- Found rmw_implementation_cmake: 6.1.2 (/opt/ros/humble/share/rmw_implementation_cmake/cmake)
-- Found rmw_fastrtps_cpp: 6.2.8 (/opt/ros/humble/share/rmw_fastrtps_cpp/cmake)
-- Using RMW implementation 'rmw_fastrtps_cpp' as default
-- Found geometry_msgs: 4.9.0 (/opt/ros/humble/share/geometry_msgs/cmake)
-- Found moveit_ros_planning_interface: 2.5.9 (/opt/ros/humble/share/moveit_ros_planning_interface/cmake)
-- Found Boost: /usr/lib/x86_64-linux-gnu/cmake/Boost-1.74.0/BoostConfig.cmake (found version "1.74.0") found components: date_time filesystem program_options system thread 
-- Found Boost: /usr/lib/x86_64-linux-gnu/cmake/Boost-1.74.0/BoostConfig.cmake (found version "1.74.0") found components: chrono date_time filesystem iostreams program_options regex serialization system thread 
-- Found parameter_traits: 0.5.0 (/opt/ros/humble/share/parameter_traits/cmake)
-- Found rclcpp_lifecycle: 16.0.14 (/opt/ros/humble/share/rclcpp_lifecycle/cmake)
-- Found Boost: /usr/lib/x86_64-linux-gnu/cmake/Boost-1.74.0/BoostConfig.cmake (found version "1.74.0") found components: filesystem 
-- library: /usr/lib/x86_64-linux-gnu/libcurl.so
-- Ensuring Eigen3 include directory is part of orocos-kdl CMake target
-- Found Boost: /usr/lib/x86_64-linux-gnu/cmake/Boost-1.74.0/BoostConfig.cmake (found version "1.74.0") found components: system filesystem date_time program_options thread chrono 
-- Found Boost: /usr/lib/x86_64-linux-gnu/cmake/Boost-1.74.0/BoostConfig.cmake (found version "1.74.0") found components: thread system filesystem regex date_time program_options 
-- Found Boost: /usr/lib/x86_64-linux-gnu/cmake/Boost-1.74.0/BoostConfig.cmake (found version "1.74.0") found components: system filesystem date_time program_options thread 
-- Configuring done
-- Generating done
-- Build files have been written to: /home/agrobotics/Documents/ur_pick_and_place/build/ur_pick_and_place
[ 25%] [32mBuilding CXX object CMakeFiles/pick_and_place.dir/src/pick_and_place.cpp.o[0m
[ 50%] [32m[1mLinking CXX executable pick_and_place[0m
[ 50%] Built target pick_and_place
[ 50%] Built target ament_cmake_python_symlink_ur_pick_and_place
[35m[1mConsolidate compiler generated dependencies of target go_home_node[0m
[100%] Built target go_home_node
running egg_info
writing ur_pick_and_place.egg-info/PKG-INFO
writing dependency_links to ur_pick_and_place.egg-info/dependency_links.txt
writing top-level names to ur_pick_and_place.egg-info/top_level.txt
reading manifest file 'ur_pick_and_place.egg-info/SOURCES.txt'
writing manifest file 'ur_pick_and_place.egg-info/SOURCES.txt'
[100%] Built target ament_cmake_python_build_ur_pick_and_place_egg
-- Install configuration: ""
-- Execute custom install script
-- Symlinking: /home/agrobotics/Documents/ur_pick_and_place/install/ur_pick_and_place/lib/ur_pick_and_place/pick_and_place
-- Up-to-date symlink: /home/agrobotics/Documents/ur_pick_and_place/install/ur_pick_and_place/lib/ur_pick_and_place/go_home_node
-- Up-to-date symlink: /home/agrobotics/Documents/ur_pick_and_place/install/ur_pick_and_place/share/ur_pick_and_place/environment/pythonpath.sh
-- Up-to-date symlink: /home/agrobotics/Documents/ur_pick_and_place/install/ur_pick_and_place/share/ur_pick_and_place/environment/pythonpath.dsv
-- Up-to-date symlink: /home/agrobotics/Documents/ur_pick_and_place/install/ur_pick_and_place/local/lib/python3.10/dist-packages/ur_pick_and_place-0.0.0-py3.10.egg-info/PKG-INFO
-- Up-to-date symlink: /home/agrobotics/Documents/ur_pick_and_place/install/ur_pick_and_place/local/lib/python3.10/dist-packages/ur_pick_and_place-0.0.0-py3.10.egg-info/SOURCES.txt
-- Up-to-date symlink: /home/agrobotics/Documents/ur_pick_and_place/install/ur_pick_and_place/local/lib/python3.10/dist-packages/ur_pick_and_place-0.0.0-py3.10.egg-info/dependency_links.txt
-- Up-to-date symlink: /home/agrobotics/Documents/ur_pick_and_place/install/ur_pick_and_place/local/lib/python3.10/dist-packages/ur_pick_and_place-0.0.0-py3.10.egg-info/top_level.txt
-- Up-to-date symlink: /home/agrobotics/Documents/ur_pick_and_place/install/ur_pick_and_place/local/lib/python3.10/dist-packages/ur_pick_and_place/__init__.py
-- Up-to-date symlink: /home/agrobotics/Documents/ur_pick_and_place/install/ur_pick_and_place/share/ament_index/resource_index/package_run_dependencies/ur_pick_and_place
-- Up-to-date symlink: /home/agrobotics/Documents/ur_pick_and_place/install/ur_pick_and_place/share/ament_index/resource_index/parent_prefix_path/ur_pick_and_place
-- Up-to-date symlink: /home/agrobotics/Documents/ur_pick_and_place/install/ur_pick_and_place/share/ur_pick_and_place/environment/ament_prefix_path.sh
-- Up-to-date symlink: /home/agrobotics/Documents/ur_pick_and_place/install/ur_pick_and_place/share/ur_pick_and_place/environment/ament_prefix_path.dsv
-- Up-to-date symlink: /home/agrobotics/Documents/ur_pick_and_place/install/ur_pick_and_place/share/ur_pick_and_place/environment/path.sh
-- Up-to-date symlink: /home/agrobotics/Documents/ur_pick_and_place/install/ur_pick_and_place/share/ur_pick_and_place/environment/path.dsv
-- Up-to-date symlink: /home/agrobotics/Documents/ur_pick_and_place/install/ur_pick_and_place/share/ur_pick_and_place/local_setup.bash
-- Up-to-date symlink: /home/agrobotics/Documents/ur_pick_and_place/install/ur_pick_and_place/share/ur_pick_and_place/local_setup.sh
-- Up-to-date symlink: /home/agrobotics/Documents/ur_pick_and_place/install/ur_pick_and_place/share/ur_pick_and_place/local_setup.zsh
-- Up-to-date symlink: /home/agrobotics/Documents/ur_pick_and_place/install/ur_pick_and_place/share/ur_pick_and_place/local_setup.dsv
-- Symlinking: /home/agrobotics/Documents/ur_pick_and_place/install/ur_pick_and_place/share/ur_pick_and_place/package.dsv
-- Up-to-date symlink: /home/agrobotics/Documents/ur_pick_and_place/install/ur_pick_and_place/share/ament_index/resource_index/packages/ur_pick_and_place
-- Up-to-date symlink: /home/agrobotics/Documents/ur_pick_and_place/install/ur_pick_and_place/share/ur_pick_and_place/cmake/ur_pick_and_placeConfig.cmake
-- Up-to-date symlink: /home/agrobotics/Documents/ur_pick_and_place/install/ur_pick_and_place/share/ur_pick_and_place/cmake/ur_pick_and_placeConfig-version.cmake
-- Up-to-date symlink: /home/agrobotics/Documents/ur_pick_and_place/install/ur_pick_and_place/share/ur_pick_and_place/package.xml
Listing '/home/agrobotics/Documents/ur_pick_and_place/install/ur_pick_and_place/local/lib/python3.10/dist-packages/ur_pick_and_place'...
