[0.014s] Invoking command in '/home/agrobotics/Documents/ur_pick_and_place/build/ur_pick_and_place': CMAKE_PREFIX_PATH=/opt/ros/humble /usr/bin/cmake --build /home/agrobotics/Documents/ur_pick_and_place/build/ur_pick_and_place -- -j4 -l4
[0.109s] [35m[1mConsolidate compiler generated dependencies of target pick_and_place[0m
[0.153s] [ 25%] [32mBuilding CXX object CMakeFiles/pick_and_place.dir/src/pick_and_place.cpp.o[0m
[18.371s] [ 50%] [32m[1mLinking CXX executable pick_and_place[0m
[19.988s] [ 50%] Built target pick_and_place
[20.063s] [ 50%] Built target ament_cmake_python_symlink_ur_pick_and_place
[20.134s] [100%] Built target go_home_node
[20.825s] running egg_info
[20.825s] writing ur_pick_and_place.egg-info/PKG-INFO
[20.826s] writing dependency_links to ur_pick_and_place.egg-info/dependency_links.txt
[20.826s] writing top-level names to ur_pick_and_place.egg-info/top_level.txt
[20.830s] reading manifest file 'ur_pick_and_place.egg-info/SOURCES.txt'
[20.830s] writing manifest file 'ur_pick_and_place.egg-info/SOURCES.txt'
[20.888s] [100%] Built target ament_cmake_python_build_ur_pick_and_place_egg
[20.916s] Invoked command in '/home/agrobotics/Documents/ur_pick_and_place/build/ur_pick_and_place' returned '0': CMAKE_PREFIX_PATH=/opt/ros/humble /usr/bin/cmake --build /home/agrobotics/Documents/ur_pick_and_place/build/ur_pick_and_place -- -j4 -l4
[20.936s] Invoking command in '/home/agrobotics/Documents/ur_pick_and_place/build/ur_pick_and_place': CMAKE_PREFIX_PATH=/opt/ros/humble /usr/bin/cmake --install /home/agrobotics/Documents/ur_pick_and_place/build/ur_pick_and_place
[20.952s] -- Install configuration: ""
[20.956s] -- Execute custom install script
[20.956s] -- Up-to-date symlink: /home/agrobotics/Documents/ur_pick_and_place/install/ur_pick_and_place/lib/ur_pick_and_place/pick_and_place
[20.957s] -- Up-to-date symlink: /home/agrobotics/Documents/ur_pick_and_place/install/ur_pick_and_place/lib/ur_pick_and_place/go_home_node
[20.958s] -- Up-to-date symlink: /home/agrobotics/Documents/ur_pick_and_place/install/ur_pick_and_place/share/ur_pick_and_place/environment/pythonpath.sh
[20.958s] -- Up-to-date symlink: /home/agrobotics/Documents/ur_pick_and_place/install/ur_pick_and_place/share/ur_pick_and_place/environment/pythonpath.dsv
[20.958s] -- Up-to-date symlink: /home/agrobotics/Documents/ur_pick_and_place/install/ur_pick_and_place/local/lib/python3.10/dist-packages/ur_pick_and_place-0.0.0-py3.10.egg-info/PKG-INFO
[20.958s] -- Up-to-date symlink: /home/agrobotics/Documents/ur_pick_and_place/install/ur_pick_and_place/local/lib/python3.10/dist-packages/ur_pick_and_place-0.0.0-py3.10.egg-info/SOURCES.txt
[20.960s] -- Up-to-date symlink: /home/agrobotics/Documents/ur_pick_and_place/install/ur_pick_and_place/local/lib/python3.10/dist-packages/ur_pick_and_place-0.0.0-py3.10.egg-info/dependency_links.txt
[20.960s] -- Up-to-date symlink: /home/agrobotics/Documents/ur_pick_and_place/install/ur_pick_and_place/local/lib/python3.10/dist-packages/ur_pick_and_place-0.0.0-py3.10.egg-info/top_level.txt
[20.964s] -- Up-to-date symlink: /home/agrobotics/Documents/ur_pick_and_place/install/ur_pick_and_place/local/lib/python3.10/dist-packages/ur_pick_and_place/__init__.py
[20.964s] -- Up-to-date symlink: /home/agrobotics/Documents/ur_pick_and_place/install/ur_pick_and_place/share/ament_index/resource_index/package_run_dependencies/ur_pick_and_place
[20.964s] -- Up-to-date symlink: /home/agrobotics/Documents/ur_pick_and_place/install/ur_pick_and_place/share/ament_index/resource_index/parent_prefix_path/ur_pick_and_place
[20.965s] -- Up-to-date symlink: /home/agrobotics/Documents/ur_pick_and_place/install/ur_pick_and_place/share/ur_pick_and_place/environment/ament_prefix_path.sh
[20.965s] -- Up-to-date symlink: /home/agrobotics/Documents/ur_pick_and_place/install/ur_pick_and_place/share/ur_pick_and_place/environment/ament_prefix_path.dsv
[20.966s] -- Up-to-date symlink: /home/agrobotics/Documents/ur_pick_and_place/install/ur_pick_and_place/share/ur_pick_and_place/environment/path.sh
[20.966s] -- Up-to-date symlink: /home/agrobotics/Documents/ur_pick_and_place/install/ur_pick_and_place/share/ur_pick_and_place/environment/path.dsv
[20.966s] -- Up-to-date symlink: /home/agrobotics/Documents/ur_pick_and_place/install/ur_pick_and_place/share/ur_pick_and_place/local_setup.bash
[20.970s] -- Up-to-date symlink: /home/agrobotics/Documents/ur_pick_and_place/install/ur_pick_and_place/share/ur_pick_and_place/local_setup.sh
[20.970s] -- Up-to-date symlink: /home/agrobotics/Documents/ur_pick_and_place/install/ur_pick_and_place/share/ur_pick_and_place/local_setup.zsh
[20.970s] -- Up-to-date symlink: /home/agrobotics/Documents/ur_pick_and_place/install/ur_pick_and_place/share/ur_pick_and_place/local_setup.dsv
[20.970s] -- Symlinking: /home/agrobotics/Documents/ur_pick_and_place/install/ur_pick_and_place/share/ur_pick_and_place/package.dsv
[20.984s] -- Up-to-date symlink: /home/agrobotics/Documents/ur_pick_and_place/install/ur_pick_and_place/share/ament_index/resource_index/packages/ur_pick_and_place
[20.984s] -- Up-to-date symlink: /home/agrobotics/Documents/ur_pick_and_place/install/ur_pick_and_place/share/ur_pick_and_place/cmake/ur_pick_and_placeConfig.cmake
[20.985s] -- Up-to-date symlink: /home/agrobotics/Documents/ur_pick_and_place/install/ur_pick_and_place/share/ur_pick_and_place/cmake/ur_pick_and_placeConfig-version.cmake
[20.985s] -- Up-to-date symlink: /home/agrobotics/Documents/ur_pick_and_place/install/ur_pick_and_place/share/ur_pick_and_place/package.xml
[21.031s] Listing '/home/agrobotics/Documents/ur_pick_and_place/install/ur_pick_and_place/local/lib/python3.10/dist-packages/ur_pick_and_place'...
[21.040s] Invoked command in '/home/agrobotics/Documents/ur_pick_and_place/build/ur_pick_and_place' returned '0': CMAKE_PREFIX_PATH=/opt/ros/humble /usr/bin/cmake --install /home/agrobotics/Documents/ur_pick_and_place/build/ur_pick_and_place
