[0.169s] [34mcolcon[0m [1;30mDEBUG[0m [32mCommand line arguments: ['/usr/bin/colcon', 'build', '--symlink-install'][0m
[0.169s] [34mcolcon[0m [1;30mDEBUG[0m [32mParsed command line arguments: Namespace(log_base=None, log_level=None, verb_name='build', build_base='build', install_base='install', merge_install=False, symlink_install=True, test_result_base=None, continue_on_error=False, executor='parallel', parallel_workers=8, event_handlers=None, ignore_user_meta=False, metas=['./colcon.meta'], base_paths=['.'], packages_ignore=None, packages_ignore_regex=None, paths=None, packages_up_to=None, packages_up_to_regex=None, packages_above=None, packages_above_and_dependencies=None, packages_above_depth=None, packages_select_by_dep=None, packages_skip_by_dep=None, packages_skip_up_to=None, packages_select_build_failed=False, packages_skip_build_finished=False, packages_select_test_failures=False, packages_skip_test_passed=False, packages_select=None, packages_skip=None, packages_select_regex=None, packages_skip_regex=None, packages_start=None, packages_end=None, allow_overriding=[], cmake_args=None, cmake_target=None, cmake_target_skip_unavailable=False, cmake_clean_cache=False, cmake_clean_first=False, cmake_force_configure=False, ament_cmake_args=None, catkin_cmake_args=None, catkin_skip_building_tests=False, mixin_files=None, mixin=None, verb_parser=<colcon_mixin.mixin.mixin_argument.MixinArgumentDecorator object at 0x747388d342b0>, verb_extension=<colcon_core.verb.build.BuildVerb object at 0x747388efb670>, main=<bound method BuildVerb.main of <colcon_core.verb.build.BuildVerb object at 0x747388efb670>>, mixin_verb=('build',))[0m
[0.446s] [34mcolcon.colcon_core.package_discovery[0m [1;30mLevel 1[0m discover_packages(colcon_meta) check parameters
[0.446s] [34mcolcon.colcon_core.package_discovery[0m [1;30mLevel 1[0m discover_packages(recursive) check parameters
[0.446s] [34mcolcon.colcon_core.package_discovery[0m [1;30mLevel 1[0m discover_packages(ignore) check parameters
[0.446s] [34mcolcon.colcon_core.package_discovery[0m [1;30mLevel 1[0m discover_packages(path) check parameters
[0.446s] [34mcolcon.colcon_core.package_discovery[0m [1;30mLevel 1[0m discover_packages(colcon_meta) discover
[0.446s] [34mcolcon.colcon_core.package_discovery[0m [1;30mLevel 1[0m discover_packages(recursive) discover
[0.446s] [34mcolcon.colcon_core.package_discovery[0m [1;30mINFO[0m Crawling recursively for packages in '/home/javier-rojas/Documents/Doctorado/3er Semestre/ur_pick_and_place'
[0.446s] [34mcolcon.colcon_core.package_identification[0m [1;30mLevel 1[0m _identify(.) by extensions ['ignore', 'ignore_ament_install']
[0.446s] [34mcolcon.colcon_core.package_identification[0m [1;30mLevel 1[0m _identify(.) by extension 'ignore'
[0.447s] [34mcolcon.colcon_core.package_identification[0m [1;30mLevel 1[0m _identify(.) by extension 'ignore_ament_install'
[0.447s] [34mcolcon.colcon_core.package_identification[0m [1;30mLevel 1[0m _identify(.) by extensions ['colcon_pkg']
[0.447s] [34mcolcon.colcon_core.package_identification[0m [1;30mLevel 1[0m _identify(.) by extension 'colcon_pkg'
[0.447s] [34mcolcon.colcon_core.package_identification[0m [1;30mLevel 1[0m _identify(.) by extensions ['colcon_meta']
[0.447s] [34mcolcon.colcon_core.package_identification[0m [1;30mLevel 1[0m _identify(.) by extension 'colcon_meta'
[0.447s] [34mcolcon.colcon_core.package_identification[0m [1;30mLevel 1[0m _identify(.) by extensions ['ros']
[0.447s] [34mcolcon.colcon_core.package_identification[0m [1;30mLevel 1[0m _identify(.) by extension 'ros'
[0.465s] [34mcolcon.colcon_core.package_identification[0m [1;30mDEBUG[0m [32mPackage '.' with type 'ros.ament_cmake' and name 'ur_pick_and_place'[0m
[0.465s] [34mcolcon.colcon_core.package_discovery[0m [1;30mLevel 1[0m discover_packages(recursive) using defaults
[0.465s] [34mcolcon.colcon_core.package_discovery[0m [1;30mLevel 1[0m discover_packages(ignore) discover
[0.465s] [34mcolcon.colcon_core.package_discovery[0m [1;30mLevel 1[0m discover_packages(ignore) using defaults
[0.465s] [34mcolcon.colcon_core.package_discovery[0m [1;30mLevel 1[0m discover_packages(path) discover
[0.466s] [34mcolcon.colcon_core.package_discovery[0m [1;30mLevel 1[0m discover_packages(path) using defaults
[0.501s] [34mcolcon.colcon_core.package_discovery[0m [1;30mLevel 1[0m discover_packages(prefix_path) check parameters
[0.501s] [34mcolcon.colcon_core.package_discovery[0m [1;30mLevel 1[0m discover_packages(prefix_path) discover
[0.503s] [34mcolcon.colcon_ros.prefix_path.ament[0m [1;30mWARNING[0m [33mThe path '/home/javier-rojas/Documents/Doctorado/3er Semestre/ur_pick_and_place/install/ur_pick_and_place' in the environment variable AMENT_PREFIX_PATH doesn't exist[0m
[0.503s] [34mcolcon.colcon_ros.prefix_path.catkin[0m [1;30mWARNING[0m [33mThe path '/home/javier-rojas/Documents/Doctorado/3er Semestre/ur_pick_and_place/install/ur_pick_and_place' in the environment variable CMAKE_PREFIX_PATH doesn't exist[0m
[0.504s] [34mcolcon.colcon_installed_package_information.package_discovery[0m [1;30mDEBUG[0m [32mFound 0 installed packages in /home/javier-rojas/Documents/Doctorado/3er Semestre/ur_pick_and_place/install[0m
[0.506s] [34mcolcon.colcon_installed_package_information.package_discovery[0m [1;30mDEBUG[0m [32mFound 354 installed packages in /opt/ros/humble[0m
[0.508s] [34mcolcon.colcon_core.package_discovery[0m [1;30mLevel 1[0m discover_packages(prefix_path) using defaults
[0.575s] [34mcolcon.colcon_core.verb[0m [1;30mLevel 5[0m set package 'ur_pick_and_place' build argument 'cmake_args' from command line to 'None'
[0.575s] [34mcolcon.colcon_core.verb[0m [1;30mLevel 5[0m set package 'ur_pick_and_place' build argument 'cmake_target' from command line to 'None'
[0.575s] [34mcolcon.colcon_core.verb[0m [1;30mLevel 5[0m set package 'ur_pick_and_place' build argument 'cmake_target_skip_unavailable' from command line to 'False'
[0.575s] [34mcolcon.colcon_core.verb[0m [1;30mLevel 5[0m set package 'ur_pick_and_place' build argument 'cmake_clean_cache' from command line to 'False'
[0.575s] [34mcolcon.colcon_core.verb[0m [1;30mLevel 5[0m set package 'ur_pick_and_place' build argument 'cmake_clean_first' from command line to 'False'
[0.575s] [34mcolcon.colcon_core.verb[0m [1;30mLevel 5[0m set package 'ur_pick_and_place' build argument 'cmake_force_configure' from command line to 'False'
[0.575s] [34mcolcon.colcon_core.verb[0m [1;30mLevel 5[0m set package 'ur_pick_and_place' build argument 'ament_cmake_args' from command line to 'None'
[0.575s] [34mcolcon.colcon_core.verb[0m [1;30mLevel 5[0m set package 'ur_pick_and_place' build argument 'catkin_cmake_args' from command line to 'None'
[0.575s] [34mcolcon.colcon_core.verb[0m [1;30mLevel 5[0m set package 'ur_pick_and_place' build argument 'catkin_skip_building_tests' from command line to 'False'
[0.575s] [34mcolcon.colcon_core.verb[0m [1;30mDEBUG[0m [32mBuilding package 'ur_pick_and_place' with the following arguments: {'ament_cmake_args': None, 'build_base': '/home/javier-rojas/Documents/Doctorado/3er Semestre/ur_pick_and_place/build/ur_pick_and_place', 'catkin_cmake_args': None, 'catkin_skip_building_tests': False, 'cmake_args': None, 'cmake_clean_cache': False, 'cmake_clean_first': False, 'cmake_force_configure': False, 'cmake_target': None, 'cmake_target_skip_unavailable': False, 'install_base': '/home/javier-rojas/Documents/Doctorado/3er Semestre/ur_pick_and_place/install/ur_pick_and_place', 'merge_install': False, 'path': '/home/javier-rojas/Documents/Doctorado/3er Semestre/ur_pick_and_place', 'symlink_install': True, 'test_result_base': None}[0m
[0.575s] [34mcolcon.colcon_core.executor[0m [1;30mINFO[0m Executing jobs using 'parallel' executor
[0.577s] [34mcolcon.colcon_parallel_executor.executor.parallel[0m [1;30mDEBUG[0m [32mrun_until_complete[0m
[0.577s] [34mcolcon.colcon_ros.task.ament_cmake.build[0m [1;30mINFO[0m Building ROS package in '/home/javier-rojas/Documents/Doctorado/3er Semestre/ur_pick_and_place' with build type 'ament_cmake'
[0.577s] [34mcolcon.colcon_cmake.task.cmake.build[0m [1;30mINFO[0m Building CMake package in '/home/javier-rojas/Documents/Doctorado/3er Semestre/ur_pick_and_place'
[0.580s] [34mcolcon.colcon_core.plugin_system[0m [1;30mINFO[0m Skipping extension 'colcon_core.shell.bat': Not used on non-Windows systems
[0.580s] [34mcolcon.colcon_core.shell[0m [1;30mINFO[0m Skip shell extension 'powershell' for command environment: Not usable outside of PowerShell
[0.580s] [34mcolcon.colcon_core.shell[0m [1;30mDEBUG[0m [32mSkip shell extension 'dsv' for command environment[0m
[0.593s] [34mcolcon.colcon_core.event_handler.log_command[0m [1;30mDEBUG[0m [32mInvoking command in '/home/javier-rojas/Documents/Doctorado/3er Semestre/ur_pick_and_place/build/ur_pick_and_place': CMAKE_PREFIX_PATH=${CMAKE_PREFIX_PATH}:/opt/ros/humble /usr/bin/cmake /home/javier-rojas/Documents/Doctorado/3er Semestre/ur_pick_and_place -DAMENT_CMAKE_SYMLINK_INSTALL=1 -DCMAKE_INSTALL_PREFIX=/home/javier-rojas/Documents/Doctorado/3er Semestre/ur_pick_and_place/install/ur_pick_and_place[0m
[3.281s] [34mcolcon.colcon_core.event_handler.log_command[0m [1;30mDEBUG[0m [32mInvoked command in '/home/javier-rojas/Documents/Doctorado/3er Semestre/ur_pick_and_place/build/ur_pick_and_place' returned '0': CMAKE_PREFIX_PATH=${CMAKE_PREFIX_PATH}:/opt/ros/humble /usr/bin/cmake /home/javier-rojas/Documents/Doctorado/3er Semestre/ur_pick_and_place -DAMENT_CMAKE_SYMLINK_INSTALL=1 -DCMAKE_INSTALL_PREFIX=/home/javier-rojas/Documents/Doctorado/3er Semestre/ur_pick_and_place/install/ur_pick_and_place[0m
[3.283s] [34mcolcon.colcon_core.event_handler.log_command[0m [1;30mDEBUG[0m [32mInvoking command in '/home/javier-rojas/Documents/Doctorado/3er Semestre/ur_pick_and_place/build/ur_pick_and_place': CMAKE_PREFIX_PATH=${CMAKE_PREFIX_PATH}:/opt/ros/humble /usr/bin/cmake --build /home/javier-rojas/Documents/Doctorado/3er Semestre/ur_pick_and_place/build/ur_pick_and_place -- -j8 -l8[0m
[24.378s] [34mcolcon.colcon_core.event_handler.log_command[0m [1;30mDEBUG[0m [32mInvoked command in '/home/javier-rojas/Documents/Doctorado/3er Semestre/ur_pick_and_place/build/ur_pick_and_place' returned '0': CMAKE_PREFIX_PATH=${CMAKE_PREFIX_PATH}:/opt/ros/humble /usr/bin/cmake --build /home/javier-rojas/Documents/Doctorado/3er Semestre/ur_pick_and_place/build/ur_pick_and_place -- -j8 -l8[0m
[24.445s] [34mcolcon.colcon_core.event_handler.log_command[0m [1;30mDEBUG[0m [32mInvoking command in '/home/javier-rojas/Documents/Doctorado/3er Semestre/ur_pick_and_place/build/ur_pick_and_place': CMAKE_PREFIX_PATH=${CMAKE_PREFIX_PATH}:/opt/ros/humble /usr/bin/cmake --install /home/javier-rojas/Documents/Doctorado/3er Semestre/ur_pick_and_place/build/ur_pick_and_place[0m
[24.700s] [34mcolcon.colcon_core.environment[0m [1;30mLevel 1[0m create_environment_scripts_only(ur_pick_and_place)
[24.700s] [34mcolcon.colcon_core.event_handler.log_command[0m [1;30mDEBUG[0m [32mInvoked command in '/home/javier-rojas/Documents/Doctorado/3er Semestre/ur_pick_and_place/build/ur_pick_and_place' returned '0': CMAKE_PREFIX_PATH=${CMAKE_PREFIX_PATH}:/opt/ros/humble /usr/bin/cmake --install /home/javier-rojas/Documents/Doctorado/3er Semestre/ur_pick_and_place/build/ur_pick_and_place[0m
[24.703s] [34mcolcon.colcon_core.environment[0m [1;30mLevel 1[0m checking '/home/javier-rojas/Documents/Doctorado/3er Semestre/ur_pick_and_place/install/ur_pick_and_place' for CMake module files
[24.704s] [34mcolcon.colcon_core.environment[0m [1;30mLevel 1[0m checking '/home/javier-rojas/Documents/Doctorado/3er Semestre/ur_pick_and_place/install/ur_pick_and_place' for CMake config files
[24.704s] [34mcolcon.colcon_core.shell[0m [1;30mLevel 1[0m create_environment_hook('ur_pick_and_place', 'cmake_prefix_path')
[24.705s] [34mcolcon.colcon_core.shell[0m [1;30mINFO[0m Creating environment hook '/home/javier-rojas/Documents/Doctorado/3er Semestre/ur_pick_and_place/install/ur_pick_and_place/share/ur_pick_and_place/hook/cmake_prefix_path.ps1'
[24.705s] [34mcolcon.colcon_core.shell[0m [1;30mINFO[0m Creating environment descriptor '/home/javier-rojas/Documents/Doctorado/3er Semestre/ur_pick_and_place/install/ur_pick_and_place/share/ur_pick_and_place/hook/cmake_prefix_path.dsv'
[24.706s] [34mcolcon.colcon_core.shell[0m [1;30mINFO[0m Creating environment hook '/home/javier-rojas/Documents/Doctorado/3er Semestre/ur_pick_and_place/install/ur_pick_and_place/share/ur_pick_and_place/hook/cmake_prefix_path.sh'
[24.707s] [34mcolcon.colcon_core.environment[0m [1;30mLevel 1[0m checking '/home/javier-rojas/Documents/Doctorado/3er Semestre/ur_pick_and_place/install/ur_pick_and_place/lib'
[24.708s] [34mcolcon.colcon_core.environment[0m [1;30mLevel 1[0m checking '/home/javier-rojas/Documents/Doctorado/3er Semestre/ur_pick_and_place/install/ur_pick_and_place/bin'
[24.708s] [34mcolcon.colcon_core.environment[0m [1;30mLevel 1[0m checking '/home/javier-rojas/Documents/Doctorado/3er Semestre/ur_pick_and_place/install/ur_pick_and_place/lib/pkgconfig/ur_pick_and_place.pc'
[24.708s] [34mcolcon.colcon_core.environment[0m [1;30mLevel 1[0m checking '/home/javier-rojas/Documents/Doctorado/3er Semestre/ur_pick_and_place/install/ur_pick_and_place/lib/python3.10/site-packages'
[24.708s] [34mcolcon.colcon_core.environment[0m [1;30mLevel 1[0m checking '/home/javier-rojas/Documents/Doctorado/3er Semestre/ur_pick_and_place/install/ur_pick_and_place/bin'
[24.709s] [34mcolcon.colcon_core.shell[0m [1;30mINFO[0m Creating package script '/home/javier-rojas/Documents/Doctorado/3er Semestre/ur_pick_and_place/install/ur_pick_and_place/share/ur_pick_and_place/package.ps1'
[24.710s] [34mcolcon.colcon_core.shell[0m [1;30mINFO[0m Creating package descriptor '/home/javier-rojas/Documents/Doctorado/3er Semestre/ur_pick_and_place/install/ur_pick_and_place/share/ur_pick_and_place/package.dsv'
[24.711s] [34mcolcon.colcon_core.shell[0m [1;30mINFO[0m Creating package script '/home/javier-rojas/Documents/Doctorado/3er Semestre/ur_pick_and_place/install/ur_pick_and_place/share/ur_pick_and_place/package.sh'
[24.712s] [34mcolcon.colcon_core.shell[0m [1;30mINFO[0m Creating package script '/home/javier-rojas/Documents/Doctorado/3er Semestre/ur_pick_and_place/install/ur_pick_and_place/share/ur_pick_and_place/package.bash'
[24.713s] [34mcolcon.colcon_core.shell[0m [1;30mINFO[0m Creating package script '/home/javier-rojas/Documents/Doctorado/3er Semestre/ur_pick_and_place/install/ur_pick_and_place/share/ur_pick_and_place/package.zsh'
[24.714s] [34mcolcon.colcon_core.environment[0m [1;30mLevel 1[0m create_file_with_runtime_dependencies(/home/javier-rojas/Documents/Doctorado/3er Semestre/ur_pick_and_place/install/ur_pick_and_place/share/colcon-core/packages/ur_pick_and_place)
[24.762s] [34mcolcon.colcon_core.environment[0m [1;30mLevel 1[0m create_environment_scripts_only(ur_pick_and_place)
[24.762s] [34mcolcon.colcon_core.environment[0m [1;30mLevel 1[0m checking '/home/javier-rojas/Documents/Doctorado/3er Semestre/ur_pick_and_place/install/ur_pick_and_place' for CMake module files
[24.763s] [34mcolcon.colcon_core.environment[0m [1;30mLevel 1[0m checking '/home/javier-rojas/Documents/Doctorado/3er Semestre/ur_pick_and_place/install/ur_pick_and_place' for CMake config files
[24.763s] [34mcolcon.colcon_core.shell[0m [1;30mLevel 1[0m create_environment_hook('ur_pick_and_place', 'cmake_prefix_path')
[24.764s] [34mcolcon.colcon_core.shell[0m [1;30mINFO[0m Creating environment hook '/home/javier-rojas/Documents/Doctorado/3er Semestre/ur_pick_and_place/install/ur_pick_and_place/share/ur_pick_and_place/hook/cmake_prefix_path.ps1'
[24.765s] [34mcolcon.colcon_core.shell[0m [1;30mINFO[0m Creating environment descriptor '/home/javier-rojas/Documents/Doctorado/3er Semestre/ur_pick_and_place/install/ur_pick_and_place/share/ur_pick_and_place/hook/cmake_prefix_path.dsv'
[24.765s] [34mcolcon.colcon_core.shell[0m [1;30mINFO[0m Creating environment hook '/home/javier-rojas/Documents/Doctorado/3er Semestre/ur_pick_and_place/install/ur_pick_and_place/share/ur_pick_and_place/hook/cmake_prefix_path.sh'
[24.766s] [34mcolcon.colcon_core.environment[0m [1;30mLevel 1[0m checking '/home/javier-rojas/Documents/Doctorado/3er Semestre/ur_pick_and_place/install/ur_pick_and_place/lib'
[24.766s] [34mcolcon.colcon_core.environment[0m [1;30mLevel 1[0m checking '/home/javier-rojas/Documents/Doctorado/3er Semestre/ur_pick_and_place/install/ur_pick_and_place/bin'
[24.766s] [34mcolcon.colcon_core.environment[0m [1;30mLevel 1[0m checking '/home/javier-rojas/Documents/Doctorado/3er Semestre/ur_pick_and_place/install/ur_pick_and_place/lib/pkgconfig/ur_pick_and_place.pc'
[24.766s] [34mcolcon.colcon_core.environment[0m [1;30mLevel 1[0m checking '/home/javier-rojas/Documents/Doctorado/3er Semestre/ur_pick_and_place/install/ur_pick_and_place/lib/python3.10/site-packages'
[24.766s] [34mcolcon.colcon_core.environment[0m [1;30mLevel 1[0m checking '/home/javier-rojas/Documents/Doctorado/3er Semestre/ur_pick_and_place/install/ur_pick_and_place/bin'
[24.767s] [34mcolcon.colcon_core.shell[0m [1;30mINFO[0m Creating package script '/home/javier-rojas/Documents/Doctorado/3er Semestre/ur_pick_and_place/install/ur_pick_and_place/share/ur_pick_and_place/package.ps1'
[24.767s] [34mcolcon.colcon_core.shell[0m [1;30mINFO[0m Creating package descriptor '/home/javier-rojas/Documents/Doctorado/3er Semestre/ur_pick_and_place/install/ur_pick_and_place/share/ur_pick_and_place/package.dsv'
[24.768s] [34mcolcon.colcon_core.shell[0m [1;30mINFO[0m Creating package script '/home/javier-rojas/Documents/Doctorado/3er Semestre/ur_pick_and_place/install/ur_pick_and_place/share/ur_pick_and_place/package.sh'
[24.769s] [34mcolcon.colcon_core.shell[0m [1;30mINFO[0m Creating package script '/home/javier-rojas/Documents/Doctorado/3er Semestre/ur_pick_and_place/install/ur_pick_and_place/share/ur_pick_and_place/package.bash'
[24.769s] [34mcolcon.colcon_core.shell[0m [1;30mINFO[0m Creating package script '/home/javier-rojas/Documents/Doctorado/3er Semestre/ur_pick_and_place/install/ur_pick_and_place/share/ur_pick_and_place/package.zsh'
[24.770s] [34mcolcon.colcon_core.environment[0m [1;30mLevel 1[0m create_file_with_runtime_dependencies(/home/javier-rojas/Documents/Doctorado/3er Semestre/ur_pick_and_place/install/ur_pick_and_place/share/colcon-core/packages/ur_pick_and_place)
[24.770s] [34mcolcon.colcon_parallel_executor.executor.parallel[0m [1;30mDEBUG[0m [32mclosing loop[0m
[24.770s] [34mcolcon.colcon_parallel_executor.executor.parallel[0m [1;30mDEBUG[0m [32mloop closed[0m
[24.771s] [34mcolcon.colcon_parallel_executor.executor.parallel[0m [1;30mDEBUG[0m [32mrun_until_complete finished with '0'[0m
[24.771s] [34mcolcon.colcon_core.event_reactor[0m [1;30mDEBUG[0m [32mjoining thread[0m
[24.777s] [34mcolcon.colcon_core.plugin_system[0m [1;30mINFO[0m Skipping extension 'colcon_notification.desktop_notification.terminal_notifier': Not used on non-Darwin systems
[24.778s] [34mcolcon.colcon_core.plugin_system[0m [1;30mINFO[0m Skipping extension 'colcon_notification.desktop_notification.win32': Not used on non-Windows systems
[24.778s] [34mcolcon.colcon_notification.desktop_notification[0m [1;30mINFO[0m Sending desktop notification using 'notify2'
[24.794s] [34mcolcon.colcon_core.event_reactor[0m [1;30mDEBUG[0m [32mjoined thread[0m
[24.794s] [34mcolcon.colcon_core.shell[0m [1;30mINFO[0m Creating prefix script '/home/javier-rojas/Documents/Doctorado/3er Semestre/ur_pick_and_place/install/local_setup.ps1'
[24.796s] [34mcolcon.colcon_core.shell[0m [1;30mINFO[0m Creating prefix util module '/home/javier-rojas/Documents/Doctorado/3er Semestre/ur_pick_and_place/install/_local_setup_util_ps1.py'
[24.798s] [34mcolcon.colcon_core.shell[0m [1;30mINFO[0m Creating prefix chain script '/home/javier-rojas/Documents/Doctorado/3er Semestre/ur_pick_and_place/install/setup.ps1'
[24.800s] [34mcolcon.colcon_core.shell[0m [1;30mINFO[0m Creating prefix script '/home/javier-rojas/Documents/Doctorado/3er Semestre/ur_pick_and_place/install/local_setup.sh'
[24.801s] [34mcolcon.colcon_core.shell[0m [1;30mINFO[0m Creating prefix util module '/home/javier-rojas/Documents/Doctorado/3er Semestre/ur_pick_and_place/install/_local_setup_util_sh.py'
[24.801s] [34mcolcon.colcon_core.shell[0m [1;30mINFO[0m Creating prefix chain script '/home/javier-rojas/Documents/Doctorado/3er Semestre/ur_pick_and_place/install/setup.sh'
[24.803s] [34mcolcon.colcon_core.shell[0m [1;30mINFO[0m Creating prefix script '/home/javier-rojas/Documents/Doctorado/3er Semestre/ur_pick_and_place/install/local_setup.bash'
[24.804s] [34mcolcon.colcon_core.shell[0m [1;30mINFO[0m Creating prefix chain script '/home/javier-rojas/Documents/Doctorado/3er Semestre/ur_pick_and_place/install/setup.bash'
[24.805s] [34mcolcon.colcon_core.shell[0m [1;30mINFO[0m Creating prefix script '/home/javier-rojas/Documents/Doctorado/3er Semestre/ur_pick_and_place/install/local_setup.zsh'
[24.806s] [34mcolcon.colcon_core.shell[0m [1;30mINFO[0m Creating prefix chain script '/home/javier-rojas/Documents/Doctorado/3er Semestre/ur_pick_and_place/install/setup.zsh'
