[0.012s] Invoking command in '/home/javier-rojas/Documents/Doctorado/3er_Semestre/ur_pick_and_place/build/ur_pick_and_place': CMAKE_PREFIX_PATH=${CMAKE_PREFIX_PATH}:/home/javier-rojas/Documents/Doctorado/3er_Semestre/ur_pick_and_place/install/vision_pick_init:/opt/ros/humble /usr/bin/cmake --build /home/javier-rojas/Documents/Doctorado/3er_Semestre/ur_pick_and_place/build/ur_pick_and_place -- -j8 -l8
[0.072s] [35m[1mConsolidate compiler generated dependencies of target go_home_node[0m
[0.072s] [35m[1mConsolidate compiler generated dependencies of target add_box_obstacle[0m
[0.072s] [35m[1mConsolidate compiler generated dependencies of target pick_and_place[0m
[0.105s] [ 33%] Built target add_box_obstacle
[0.112s] [ 83%] Built target pick_and_place
[0.112s] [100%] Built target go_home_node
[0.128s] Invoked command in '/home/javier-rojas/Documents/Doctorado/3er_Semestre/ur_pick_and_place/build/ur_pick_and_place' returned '0': CMAKE_PREFIX_PATH=${CMAKE_PREFIX_PATH}:/home/javier-rojas/Documents/Doctorado/3er_Semestre/ur_pick_and_place/install/vision_pick_init:/opt/ros/humble /usr/bin/cmake --build /home/javier-rojas/Documents/Doctorado/3er_Semestre/ur_pick_and_place/build/ur_pick_and_place -- -j8 -l8
[0.178s] Invoking command in '/home/javier-rojas/Documents/Doctorado/3er_Semestre/ur_pick_and_place/build/ur_pick_and_place': CMAKE_PREFIX_PATH=${CMAKE_PREFIX_PATH}:/home/javier-rojas/Documents/Doctorado/3er_Semestre/ur_pick_and_place/install/vision_pick_init:/opt/ros/humble /usr/bin/cmake --install /home/javier-rojas/Documents/Doctorado/3er_Semestre/ur_pick_and_place/build/ur_pick_and_place
[0.189s] -- Install configuration: ""
[0.189s] -- Up-to-date: /home/javier-rojas/Documents/Doctorado/3er_Semestre/ur_pick_and_place/install/ur_pick_and_place/lib/ur_pick_and_place/pick_and_place
[0.190s] -- Up-to-date: /home/javier-rojas/Documents/Doctorado/3er_Semestre/ur_pick_and_place/install/ur_pick_and_place/lib/ur_pick_and_place/go_home_node
[0.190s] -- Up-to-date: /home/javier-rojas/Documents/Doctorado/3er_Semestre/ur_pick_and_place/install/ur_pick_and_place/lib/ur_pick_and_place/add_box_obstacle
[0.191s] -- Up-to-date: /home/javier-rojas/Documents/Doctorado/3er_Semestre/ur_pick_and_place/install/ur_pick_and_place/share/ur_pick_and_place/launch
[0.191s] -- Installing: /home/javier-rojas/Documents/Doctorado/3er_Semestre/ur_pick_and_place/install/ur_pick_and_place/share/ur_pick_and_place/launch/initialization.launch.py
[0.191s] -- Up-to-date: /home/javier-rojas/Documents/Doctorado/3er_Semestre/ur_pick_and_place/install/ur_pick_and_place/share/ament_index/resource_index/package_run_dependencies/ur_pick_and_place
[0.191s] -- Up-to-date: /home/javier-rojas/Documents/Doctorado/3er_Semestre/ur_pick_and_place/install/ur_pick_and_place/share/ament_index/resource_index/parent_prefix_path/ur_pick_and_place
[0.191s] -- Up-to-date: /home/javier-rojas/Documents/Doctorado/3er_Semestre/ur_pick_and_place/install/ur_pick_and_place/share/ur_pick_and_place/environment/ament_prefix_path.sh
[0.191s] -- Up-to-date: /home/javier-rojas/Documents/Doctorado/3er_Semestre/ur_pick_and_place/install/ur_pick_and_place/share/ur_pick_and_place/environment/ament_prefix_path.dsv
[0.192s] -- Up-to-date: /home/javier-rojas/Documents/Doctorado/3er_Semestre/ur_pick_and_place/install/ur_pick_and_place/share/ur_pick_and_place/environment/path.sh
[0.192s] -- Up-to-date: /home/javier-rojas/Documents/Doctorado/3er_Semestre/ur_pick_and_place/install/ur_pick_and_place/share/ur_pick_and_place/environment/path.dsv
[0.192s] -- Up-to-date: /home/javier-rojas/Documents/Doctorado/3er_Semestre/ur_pick_and_place/install/ur_pick_and_place/share/ur_pick_and_place/local_setup.bash
[0.192s] -- Up-to-date: /home/javier-rojas/Documents/Doctorado/3er_Semestre/ur_pick_and_place/install/ur_pick_and_place/share/ur_pick_and_place/local_setup.sh
[0.192s] -- Up-to-date: /home/javier-rojas/Documents/Doctorado/3er_Semestre/ur_pick_and_place/install/ur_pick_and_place/share/ur_pick_and_place/local_setup.zsh
[0.192s] -- Up-to-date: /home/javier-rojas/Documents/Doctorado/3er_Semestre/ur_pick_and_place/install/ur_pick_and_place/share/ur_pick_and_place/local_setup.dsv
[0.192s] -- Installing: /home/javier-rojas/Documents/Doctorado/3er_Semestre/ur_pick_and_place/install/ur_pick_and_place/share/ur_pick_and_place/package.dsv
[0.192s] -- Up-to-date: /home/javier-rojas/Documents/Doctorado/3er_Semestre/ur_pick_and_place/install/ur_pick_and_place/share/ament_index/resource_index/packages/ur_pick_and_place
[0.193s] -- Up-to-date: /home/javier-rojas/Documents/Doctorado/3er_Semestre/ur_pick_and_place/install/ur_pick_and_place/share/ur_pick_and_place/cmake/ur_pick_and_placeConfig.cmake
[0.193s] -- Up-to-date: /home/javier-rojas/Documents/Doctorado/3er_Semestre/ur_pick_and_place/install/ur_pick_and_place/share/ur_pick_and_place/cmake/ur_pick_and_placeConfig-version.cmake
[0.193s] -- Up-to-date: /home/javier-rojas/Documents/Doctorado/3er_Semestre/ur_pick_and_place/install/ur_pick_and_place/share/ur_pick_and_place/package.xml
[0.195s] Invoked command in '/home/javier-rojas/Documents/Doctorado/3er_Semestre/ur_pick_and_place/build/ur_pick_and_place' returned '0': CMAKE_PREFIX_PATH=${CMAKE_PREFIX_PATH}:/home/javier-rojas/Documents/Doctorado/3er_Semestre/ur_pick_and_place/install/vision_pick_init:/opt/ros/humble /usr/bin/cmake --install /home/javier-rojas/Documents/Doctorado/3er_Semestre/ur_pick_and_place/build/ur_pick_and_place
