[0.921s] Invoking command in '/home/javier-rojas/Documents/Doctorado/3er_Semestre/ur_pick_and_place/src/vision_pick_init': PYTHONPATH=/home/javier-rojas/Documents/Doctorado/3er_Semestre/ur_pick_and_place/build/vision_pick_init/prefix_override:/usr/lib/python3/dist-packages/colcon_core/task/python/colcon_distutils_commands:/home/javier-rojas/Documents/Doctorado/3er_Semestre/ur_pick_and_place/install/vision_pick_init/lib/python3.10/site-packages:${PYTHONPATH} /usr/bin/python3 -W ignore:setup.py install is deprecated setup.py egg_info --egg-base ../../build/vision_pick_init build --build-base /home/javier-rojas/Documents/Doctorado/3er_Semestre/ur_pick_and_place/build/vision_pick_init/build install --record /home/javier-rojas/Documents/Doctorado/3er_Semestre/ur_pick_and_place/build/vision_pick_init/install.log --single-version-externally-managed install_data
[1.253s] running egg_info
[1.254s] writing ../../build/vision_pick_init/vision_pick_init.egg-info/PKG-INFO
[1.255s] writing dependency_links to ../../build/vision_pick_init/vision_pick_init.egg-info/dependency_links.txt
[1.255s] writing entry points to ../../build/vision_pick_init/vision_pick_init.egg-info/entry_points.txt
[1.255s] writing requirements to ../../build/vision_pick_init/vision_pick_init.egg-info/requires.txt
[1.255s] writing top-level names to ../../build/vision_pick_init/vision_pick_init.egg-info/top_level.txt
[1.258s] reading manifest file '../../build/vision_pick_init/vision_pick_init.egg-info/SOURCES.txt'
[1.260s] writing manifest file '../../build/vision_pick_init/vision_pick_init.egg-info/SOURCES.txt'
[1.260s] running build
[1.260s] running build_py
[1.261s] running install
[1.261s] running install_lib
[1.263s] running install_data
[1.263s] running install_egg_info
[1.266s] removing '/home/javier-rojas/Documents/Doctorado/3er_Semestre/ur_pick_and_place/install/vision_pick_init/lib/python3.10/site-packages/vision_pick_init-0.0.1-py3.10.egg-info' (and everything under it)
[1.266s] Copying ../../build/vision_pick_init/vision_pick_init.egg-info to /home/javier-rojas/Documents/Doctorado/3er_Semestre/ur_pick_and_place/install/vision_pick_init/lib/python3.10/site-packages/vision_pick_init-0.0.1-py3.10.egg-info
[1.267s] running install_scripts
[1.293s] Installing vision_node script to /home/javier-rojas/Documents/Doctorado/3er_Semestre/ur_pick_and_place/install/vision_pick_init/lib/vision_pick_init
[1.294s] writing list of installed files to '/home/javier-rojas/Documents/Doctorado/3er_Semestre/ur_pick_and_place/build/vision_pick_init/install.log'
[1.323s] Invoked command in '/home/javier-rojas/Documents/Doctorado/3er_Semestre/ur_pick_and_place/src/vision_pick_init' returned '0': PYTHONPATH=/home/javier-rojas/Documents/Doctorado/3er_Semestre/ur_pick_and_place/build/vision_pick_init/prefix_override:/usr/lib/python3/dist-packages/colcon_core/task/python/colcon_distutils_commands:/home/javier-rojas/Documents/Doctorado/3er_Semestre/ur_pick_and_place/install/vision_pick_init/lib/python3.10/site-packages:${PYTHONPATH} /usr/bin/python3 -W ignore:setup.py install is deprecated setup.py egg_info --egg-base ../../build/vision_pick_init build --build-base /home/javier-rojas/Documents/Doctorado/3er_Semestre/ur_pick_and_place/build/vision_pick_init/build install --record /home/javier-rojas/Documents/Doctorado/3er_Semestre/ur_pick_and_place/build/vision_pick_init/install.log --single-version-externally-managed install_data
