[0.187s] [34mcolcon[0m [1;30mDEBUG[0m [32mCommand line arguments: ['/usr/bin/colcon', 'build', '--symlink-install'][0m
[0.187s] [34mcolcon[0m [1;30mDEBUG[0m [32mParsed command line arguments: Namespace(log_base=None, log_level=None, verb_name='build', build_base='build', install_base='install', merge_install=False, symlink_install=True, test_result_base=None, continue_on_error=False, executor='parallel', parallel_workers=8, event_handlers=None, ignore_user_meta=False, metas=['./colcon.meta'], base_paths=['.'], packages_ignore=None, packages_ignore_regex=None, paths=None, packages_up_to=None, packages_up_to_regex=None, packages_above=None, packages_above_and_dependencies=None, packages_above_depth=None, packages_select_by_dep=None, packages_skip_by_dep=None, packages_skip_up_to=None, packages_select_build_failed=False, packages_skip_build_finished=False, packages_select_test_failures=False, packages_skip_test_passed=False, packages_select=None, packages_skip=None, packages_select_regex=None, packages_skip_regex=None, packages_start=None, packages_end=None, allow_overriding=[], cmake_args=None, cmake_target=None, cmake_target_skip_unavailable=False, cmake_clean_cache=False, cmake_clean_first=False, cmake_force_configure=False, ament_cmake_args=None, catkin_cmake_args=None, catkin_skip_building_tests=False, mixin_files=None, mixin=None, verb_parser=<colcon_mixin.mixin.mixin_argument.MixinArgumentDecorator object at 0x75a166634df0>, verb_extension=<colcon_core.verb.build.BuildVerb object at 0x75a1666341f0>, main=<bound method BuildVerb.main of <colcon_core.verb.build.BuildVerb object at 0x75a1666341f0>>, mixin_verb=('build',))[0m
[0.467s] [34mcolcon.colcon_core.package_discovery[0m [1;30mLevel 1[0m discover_packages(colcon_meta) check parameters
[0.468s] [34mcolcon.colcon_core.package_discovery[0m [1;30mLevel 1[0m discover_packages(recursive) check parameters
[0.468s] [34mcolcon.colcon_core.package_discovery[0m [1;30mLevel 1[0m discover_packages(ignore) check parameters
[0.468s] [34mcolcon.colcon_core.package_discovery[0m [1;30mLevel 1[0m discover_packages(path) check parameters
[0.468s] [34mcolcon.colcon_core.package_discovery[0m [1;30mLevel 1[0m discover_packages(colcon_meta) discover
[0.468s] [34mcolcon.colcon_core.package_discovery[0m [1;30mLevel 1[0m discover_packages(recursive) discover
[0.468s] [34mcolcon.colcon_core.package_discovery[0m [1;30mINFO[0m Crawling recursively for packages in '/home/javier-rojas/Documents/Doctorado/3er Semestre/ur_pick_and_place'
[0.468s] [34mcolcon.colcon_core.package_identification[0m [1;30mLevel 1[0m _identify(.) by extensions ['ignore', 'ignore_ament_install']
[0.468s] [34mcolcon.colcon_core.package_identification[0m [1;30mLevel 1[0m _identify(.) by extension 'ignore'
[0.468s] [34mcolcon.colcon_core.package_identification[0m [1;30mLevel 1[0m _identify(.) by extension 'ignore_ament_install'
[0.468s] [34mcolcon.colcon_core.package_identification[0m [1;30mLevel 1[0m _identify(.) by extensions ['colcon_pkg']
[0.468s] [34mcolcon.colcon_core.package_identification[0m [1;30mLevel 1[0m _identify(.) by extension 'colcon_pkg'
[0.468s] [34mcolcon.colcon_core.package_identification[0m [1;30mLevel 1[0m _identify(.) by extensions ['colcon_meta']
[0.468s] [34mcolcon.colcon_core.package_identification[0m [1;30mLevel 1[0m _identify(.) by extension 'colcon_meta'
[0.468s] [34mcolcon.colcon_core.package_identification[0m [1;30mLevel 1[0m _identify(.) by extensions ['ros']
[0.468s] [34mcolcon.colcon_core.package_identification[0m [1;30mLevel 1[0m _identify(.) by extension 'ros'
[0.483s] [34mcolcon.colcon_core.package_identification[0m [1;30mLevel 1[0m _identify(.) by extensions ['cmake', 'python']
[0.483s] [34mcolcon.colcon_core.package_identification[0m [1;30mLevel 1[0m _identify(.) by extension 'cmake'
[0.483s] [34mcolcon.colcon_core.package_identification[0m [1;30mLevel 1[0m _identify(.) by extension 'python'
[0.483s] [34mcolcon.colcon_core.package_identification[0m [1;30mLevel 1[0m _identify(.) by extensions ['python_setup_py']
[0.483s] [34mcolcon.colcon_core.package_identification[0m [1;30mLevel 1[0m _identify(.) by extension 'python_setup_py'
[0.483s] [34mcolcon.colcon_core.package_identification[0m [1;30mLevel 1[0m _identify(build) by extensions ['ignore', 'ignore_ament_install']
[0.484s] [34mcolcon.colcon_core.package_identification[0m [1;30mLevel 1[0m _identify(build) by extension 'ignore'
[0.484s] [34mcolcon.colcon_core.package_identification[0m [1;30mLevel 1[0m _identify(build) ignored
[0.484s] [34mcolcon.colcon_core.package_identification[0m [1;30mLevel 1[0m _identify(config) by extensions ['ignore', 'ignore_ament_install']
[0.484s] [34mcolcon.colcon_core.package_identification[0m [1;30mLevel 1[0m _identify(config) by extension 'ignore'
[0.484s] [34mcolcon.colcon_core.package_identification[0m [1;30mLevel 1[0m _identify(config) by extension 'ignore_ament_install'
[0.484s] [34mcolcon.colcon_core.package_identification[0m [1;30mLevel 1[0m _identify(config) by extensions ['colcon_pkg']
[0.484s] [34mcolcon.colcon_core.package_identification[0m [1;30mLevel 1[0m _identify(config) by extension 'colcon_pkg'
[0.484s] [34mcolcon.colcon_core.package_identification[0m [1;30mLevel 1[0m _identify(config) by extensions ['colcon_meta']
[0.484s] [34mcolcon.colcon_core.package_identification[0m [1;30mLevel 1[0m _identify(config) by extension 'colcon_meta'
[0.484s] [34mcolcon.colcon_core.package_identification[0m [1;30mLevel 1[0m _identify(config) by extensions ['ros']
[0.484s] [34mcolcon.colcon_core.package_identification[0m [1;30mLevel 1[0m _identify(config) by extension 'ros'
[0.484s] [34mcolcon.colcon_core.package_identification[0m [1;30mLevel 1[0m _identify(config) by extensions ['cmake', 'python']
[0.484s] [34mcolcon.colcon_core.package_identification[0m [1;30mLevel 1[0m _identify(config) by extension 'cmake'
[0.484s] [34mcolcon.colcon_core.package_identification[0m [1;30mLevel 1[0m _identify(config) by extension 'python'
[0.484s] [34mcolcon.colcon_core.package_identification[0m [1;30mLevel 1[0m _identify(config) by extensions ['python_setup_py']
[0.484s] [34mcolcon.colcon_core.package_identification[0m [1;30mLevel 1[0m _identify(config) by extension 'python_setup_py'
[0.485s] [34mcolcon.colcon_core.package_identification[0m [1;30mLevel 1[0m _identify(install) by extensions ['ignore', 'ignore_ament_install']
[0.485s] [34mcolcon.colcon_core.package_identification[0m [1;30mLevel 1[0m _identify(install) by extension 'ignore'
[0.485s] [34mcolcon.colcon_core.package_identification[0m [1;30mLevel 1[0m _identify(install) ignored
[0.485s] [34mcolcon.colcon_core.package_identification[0m [1;30mLevel 1[0m _identify(launch) by extensions ['ignore', 'ignore_ament_install']
[0.485s] [34mcolcon.colcon_core.package_identification[0m [1;30mLevel 1[0m _identify(launch) by extension 'ignore'
[0.485s] [34mcolcon.colcon_core.package_identification[0m [1;30mLevel 1[0m _identify(launch) by extension 'ignore_ament_install'
[0.485s] [34mcolcon.colcon_core.package_identification[0m [1;30mLevel 1[0m _identify(launch) by extensions ['colcon_pkg']
[0.485s] [34mcolcon.colcon_core.package_identification[0m [1;30mLevel 1[0m _identify(launch) by extension 'colcon_pkg'
[0.485s] [34mcolcon.colcon_core.package_identification[0m [1;30mLevel 1[0m _identify(launch) by extensions ['colcon_meta']
[0.485s] [34mcolcon.colcon_core.package_identification[0m [1;30mLevel 1[0m _identify(launch) by extension 'colcon_meta'
[0.485s] [34mcolcon.colcon_core.package_identification[0m [1;30mLevel 1[0m _identify(launch) by extensions ['ros']
[0.485s] [34mcolcon.colcon_core.package_identification[0m [1;30mLevel 1[0m _identify(launch) by extension 'ros'
[0.485s] [34mcolcon.colcon_core.package_identification[0m [1;30mLevel 1[0m _identify(launch) by extensions ['cmake', 'python']
[0.485s] [34mcolcon.colcon_core.package_identification[0m [1;30mLevel 1[0m _identify(launch) by extension 'cmake'
[0.485s] [34mcolcon.colcon_core.package_identification[0m [1;30mLevel 1[0m _identify(launch) by extension 'python'
[0.485s] [34mcolcon.colcon_core.package_identification[0m [1;30mLevel 1[0m _identify(launch) by extensions ['python_setup_py']
[0.485s] [34mcolcon.colcon_core.package_identification[0m [1;30mLevel 1[0m _identify(launch) by extension 'python_setup_py'
[0.486s] [34mcolcon.colcon_core.package_identification[0m [1;30mLevel 1[0m _identify(log) by extensions ['ignore', 'ignore_ament_install']
[0.486s] [34mcolcon.colcon_core.package_identification[0m [1;30mLevel 1[0m _identify(log) by extension 'ignore'
[0.486s] [34mcolcon.colcon_core.package_identification[0m [1;30mLevel 1[0m _identify(log) ignored
[0.486s] [34mcolcon.colcon_core.package_identification[0m [1;30mLevel 1[0m _identify(src) by extensions ['ignore', 'ignore_ament_install']
[0.486s] [34mcolcon.colcon_core.package_identification[0m [1;30mLevel 1[0m _identify(src) by extension 'ignore'
[0.486s] [34mcolcon.colcon_core.package_identification[0m [1;30mLevel 1[0m _identify(src) by extension 'ignore_ament_install'
[0.486s] [34mcolcon.colcon_core.package_identification[0m [1;30mLevel 1[0m _identify(src) by extensions ['colcon_pkg']
[0.486s] [34mcolcon.colcon_core.package_identification[0m [1;30mLevel 1[0m _identify(src) by extension 'colcon_pkg'
[0.486s] [34mcolcon.colcon_core.package_identification[0m [1;30mLevel 1[0m _identify(src) by extensions ['colcon_meta']
[0.486s] [34mcolcon.colcon_core.package_identification[0m [1;30mLevel 1[0m _identify(src) by extension 'colcon_meta'
[0.486s] [34mcolcon.colcon_core.package_identification[0m [1;30mLevel 1[0m _identify(src) by extensions ['ros']
[0.486s] [34mcolcon.colcon_core.package_identification[0m [1;30mLevel 1[0m _identify(src) by extension 'ros'
[0.486s] [34mcolcon.colcon_core.package_identification[0m [1;30mLevel 1[0m _identify(src) by extensions ['cmake', 'python']
[0.486s] [34mcolcon.colcon_core.package_identification[0m [1;30mLevel 1[0m _identify(src) by extension 'cmake'
[0.486s] [34mcolcon.colcon_core.package_identification[0m [1;30mLevel 1[0m _identify(src) by extension 'python'
[0.486s] [34mcolcon.colcon_core.package_identification[0m [1;30mLevel 1[0m _identify(src) by extensions ['python_setup_py']
[0.486s] [34mcolcon.colcon_core.package_identification[0m [1;30mLevel 1[0m _identify(src) by extension 'python_setup_py'
[0.487s] [34mcolcon.colcon_core.package_identification[0m [1;30mLevel 1[0m _identify(src/ur_pick_and_place) by extensions ['ignore', 'ignore_ament_install']
[0.487s] [34mcolcon.colcon_core.package_identification[0m [1;30mLevel 1[0m _identify(src/ur_pick_and_place) by extension 'ignore'
[0.487s] [34mcolcon.colcon_core.package_identification[0m [1;30mLevel 1[0m _identify(src/ur_pick_and_place) by extension 'ignore_ament_install'
[0.487s] [34mcolcon.colcon_core.package_identification[0m [1;30mLevel 1[0m _identify(src/ur_pick_and_place) by extensions ['colcon_pkg']
[0.487s] [34mcolcon.colcon_core.package_identification[0m [1;30mLevel 1[0m _identify(src/ur_pick_and_place) by extension 'colcon_pkg'
[0.487s] [34mcolcon.colcon_core.package_identification[0m [1;30mLevel 1[0m _identify(src/ur_pick_and_place) by extensions ['colcon_meta']
[0.487s] [34mcolcon.colcon_core.package_identification[0m [1;30mLevel 1[0m _identify(src/ur_pick_and_place) by extension 'colcon_meta'
[0.487s] [34mcolcon.colcon_core.package_identification[0m [1;30mLevel 1[0m _identify(src/ur_pick_and_place) by extensions ['ros']
[0.487s] [34mcolcon.colcon_core.package_identification[0m [1;30mLevel 1[0m _identify(src/ur_pick_and_place) by extension 'ros'
[0.493s] [34mcolcon.colcon_core.package_identification[0m [1;30mDEBUG[0m [32mPackage 'src/ur_pick_and_place' with type 'ros.ament_cmake' and name 'ur_pick_and_place'[0m
[0.493s] [34mcolcon.colcon_core.package_identification[0m [1;30mLevel 1[0m _identify(src/vision_pick_init) by extensions ['ignore', 'ignore_ament_install']
[0.493s] [34mcolcon.colcon_core.package_identification[0m [1;30mLevel 1[0m _identify(src/vision_pick_init) by extension 'ignore'
[0.493s] [34mcolcon.colcon_core.package_identification[0m [1;30mLevel 1[0m _identify(src/vision_pick_init) by extension 'ignore_ament_install'
[0.493s] [34mcolcon.colcon_core.package_identification[0m [1;30mLevel 1[0m _identify(src/vision_pick_init) by extensions ['colcon_pkg']
[0.494s] [34mcolcon.colcon_core.package_identification[0m [1;30mLevel 1[0m _identify(src/vision_pick_init) by extension 'colcon_pkg'
[0.494s] [34mcolcon.colcon_core.package_identification[0m [1;30mLevel 1[0m _identify(src/vision_pick_init) by extensions ['colcon_meta']
[0.494s] [34mcolcon.colcon_core.package_identification[0m [1;30mLevel 1[0m _identify(src/vision_pick_init) by extension 'colcon_meta'
[0.494s] [34mcolcon.colcon_core.package_identification[0m [1;30mLevel 1[0m _identify(src/vision_pick_init) by extensions ['ros']
[0.494s] [34mcolcon.colcon_core.package_identification[0m [1;30mLevel 1[0m _identify(src/vision_pick_init) by extension 'ros'
[0.495s] [34mcolcon.colcon_core.package_identification[0m [1;30mDEBUG[0m [32mPackage 'src/vision_pick_init' with type 'ros.ament_python' and name 'vision_pick_init'[0m
[0.495s] [34mcolcon.colcon_core.package_identification[0m [1;30mLevel 1[0m _identify(ur_pick_and_place) by extensions ['ignore', 'ignore_ament_install']
[0.495s] [34mcolcon.colcon_core.package_identification[0m [1;30mLevel 1[0m _identify(ur_pick_and_place) by extension 'ignore'
[0.495s] [34mcolcon.colcon_core.package_identification[0m [1;30mLevel 1[0m _identify(ur_pick_and_place) by extension 'ignore_ament_install'
[0.495s] [34mcolcon.colcon_core.package_identification[0m [1;30mLevel 1[0m _identify(ur_pick_and_place) by extensions ['colcon_pkg']
[0.495s] [34mcolcon.colcon_core.package_identification[0m [1;30mLevel 1[0m _identify(ur_pick_and_place) by extension 'colcon_pkg'
[0.495s] [34mcolcon.colcon_core.package_identification[0m [1;30mLevel 1[0m _identify(ur_pick_and_place) by extensions ['colcon_meta']
[0.495s] [34mcolcon.colcon_core.package_identification[0m [1;30mLevel 1[0m _identify(ur_pick_and_place) by extension 'colcon_meta'
[0.495s] [34mcolcon.colcon_core.package_identification[0m [1;30mLevel 1[0m _identify(ur_pick_and_place) by extensions ['ros']
[0.495s] [34mcolcon.colcon_core.package_identification[0m [1;30mLevel 1[0m _identify(ur_pick_and_place) by extension 'ros'
[0.495s] [34mcolcon.colcon_core.package_identification[0m [1;30mLevel 1[0m _identify(ur_pick_and_place) by extensions ['cmake', 'python']
[0.496s] [34mcolcon.colcon_core.package_identification[0m [1;30mLevel 1[0m _identify(ur_pick_and_place) by extension 'cmake'
[0.496s] [34mcolcon.colcon_core.package_identification[0m [1;30mLevel 1[0m _identify(ur_pick_and_place) by extension 'python'
[0.496s] [34mcolcon.colcon_core.package_identification[0m [1;30mLevel 1[0m _identify(ur_pick_and_place) by extensions ['python_setup_py']
[0.496s] [34mcolcon.colcon_core.package_identification[0m [1;30mLevel 1[0m _identify(ur_pick_and_place) by extension 'python_setup_py'
[0.496s] [34mcolcon.colcon_core.package_discovery[0m [1;30mLevel 1[0m discover_packages(recursive) using defaults
[0.496s] [34mcolcon.colcon_core.package_discovery[0m [1;30mLevel 1[0m discover_packages(ignore) discover
[0.496s] [34mcolcon.colcon_core.package_discovery[0m [1;30mLevel 1[0m discover_packages(ignore) using defaults
[0.496s] [34mcolcon.colcon_core.package_discovery[0m [1;30mLevel 1[0m discover_packages(path) discover
[0.496s] [34mcolcon.colcon_core.package_discovery[0m [1;30mLevel 1[0m discover_packages(path) using defaults
[0.535s] [34mcolcon.colcon_core.package_discovery[0m [1;30mLevel 1[0m discover_packages(prefix_path) check parameters
[0.535s] [34mcolcon.colcon_core.package_discovery[0m [1;30mLevel 1[0m discover_packages(prefix_path) discover
[0.536s] [34mcolcon.colcon_ros.prefix_path.ament[0m [1;30mWARNING[0m [33mThe path '/home/javier-rojas/Documents/Doctorado/3er Semestre/ur_pick_and_place/install/vision_pick_init' in the environment variable AMENT_PREFIX_PATH doesn't exist[0m
[0.536s] [34mcolcon.colcon_ros.prefix_path.ament[0m [1;30mWARNING[0m [33mThe path '/home/javier-rojas/Documents/Doctorado/3er Semestre/ur_pick_and_place/install/ur_pick_and_place' in the environment variable AMENT_PREFIX_PATH doesn't exist[0m
[0.536s] [34mcolcon.colcon_ros.prefix_path.catkin[0m [1;30mWARNING[0m [33mThe path '/home/javier-rojas/Documents/Doctorado/3er Semestre/ur_pick_and_place/install/ur_pick_and_place' in the environment variable CMAKE_PREFIX_PATH doesn't exist[0m
[0.537s] [34mcolcon.colcon_installed_package_information.package_discovery[0m [1;30mDEBUG[0m [32mFound 0 installed packages in /home/javier-rojas/Documents/Doctorado/3er Semestre/ur_pick_and_place/install[0m
[0.540s] [34mcolcon.colcon_installed_package_information.package_discovery[0m [1;30mDEBUG[0m [32mFound 360 installed packages in /opt/ros/humble[0m
[0.543s] [34mcolcon.colcon_core.package_discovery[0m [1;30mLevel 1[0m discover_packages(prefix_path) using defaults
[0.620s] [34mcolcon.colcon_core.verb[0m [1;30mLevel 5[0m set package 'ur_pick_and_place' build argument 'cmake_args' from command line to 'None'
[0.620s] [34mcolcon.colcon_core.verb[0m [1;30mLevel 5[0m set package 'ur_pick_and_place' build argument 'cmake_target' from command line to 'None'
[0.620s] [34mcolcon.colcon_core.verb[0m [1;30mLevel 5[0m set package 'ur_pick_and_place' build argument 'cmake_target_skip_unavailable' from command line to 'False'
[0.620s] [34mcolcon.colcon_core.verb[0m [1;30mLevel 5[0m set package 'ur_pick_and_place' build argument 'cmake_clean_cache' from command line to 'False'
[0.620s] [34mcolcon.colcon_core.verb[0m [1;30mLevel 5[0m set package 'ur_pick_and_place' build argument 'cmake_clean_first' from command line to 'False'
[0.620s] [34mcolcon.colcon_core.verb[0m [1;30mLevel 5[0m set package 'ur_pick_and_place' build argument 'cmake_force_configure' from command line to 'False'
[0.620s] [34mcolcon.colcon_core.verb[0m [1;30mLevel 5[0m set package 'ur_pick_and_place' build argument 'ament_cmake_args' from command line to 'None'
[0.620s] [34mcolcon.colcon_core.verb[0m [1;30mLevel 5[0m set package 'ur_pick_and_place' build argument 'catkin_cmake_args' from command line to 'None'
[0.620s] [34mcolcon.colcon_core.verb[0m [1;30mLevel 5[0m set package 'ur_pick_and_place' build argument 'catkin_skip_building_tests' from command line to 'False'
[0.620s] [34mcolcon.colcon_core.verb[0m [1;30mDEBUG[0m [32mBuilding package 'ur_pick_and_place' with the following arguments: {'ament_cmake_args': None, 'build_base': '/home/javier-rojas/Documents/Doctorado/3er Semestre/ur_pick_and_place/build/ur_pick_and_place', 'catkin_cmake_args': None, 'catkin_skip_building_tests': False, 'cmake_args': None, 'cmake_clean_cache': False, 'cmake_clean_first': False, 'cmake_force_configure': False, 'cmake_target': None, 'cmake_target_skip_unavailable': False, 'install_base': '/home/javier-rojas/Documents/Doctorado/3er Semestre/ur_pick_and_place/install/ur_pick_and_place', 'merge_install': False, 'path': '/home/javier-rojas/Documents/Doctorado/3er Semestre/ur_pick_and_place/src/ur_pick_and_place', 'symlink_install': True, 'test_result_base': None}[0m
[0.621s] [34mcolcon.colcon_core.verb[0m [1;30mLevel 5[0m set package 'vision_pick_init' build argument 'cmake_args' from command line to 'None'
[0.621s] [34mcolcon.colcon_core.verb[0m [1;30mLevel 5[0m set package 'vision_pick_init' build argument 'cmake_target' from command line to 'None'
[0.621s] [34mcolcon.colcon_core.verb[0m [1;30mLevel 5[0m set package 'vision_pick_init' build argument 'cmake_target_skip_unavailable' from command line to 'False'
[0.621s] [34mcolcon.colcon_core.verb[0m [1;30mLevel 5[0m set package 'vision_pick_init' build argument 'cmake_clean_cache' from command line to 'False'
[0.621s] [34mcolcon.colcon_core.verb[0m [1;30mLevel 5[0m set package 'vision_pick_init' build argument 'cmake_clean_first' from command line to 'False'
[0.621s] [34mcolcon.colcon_core.verb[0m [1;30mLevel 5[0m set package 'vision_pick_init' build argument 'cmake_force_configure' from command line to 'False'
[0.621s] [34mcolcon.colcon_core.verb[0m [1;30mLevel 5[0m set package 'vision_pick_init' build argument 'ament_cmake_args' from command line to 'None'
[0.621s] [34mcolcon.colcon_core.verb[0m [1;30mLevel 5[0m set package 'vision_pick_init' build argument 'catkin_cmake_args' from command line to 'None'
[0.621s] [34mcolcon.colcon_core.verb[0m [1;30mLevel 5[0m set package 'vision_pick_init' build argument 'catkin_skip_building_tests' from command line to 'False'
[0.621s] [34mcolcon.colcon_core.verb[0m [1;30mDEBUG[0m [32mBuilding package 'vision_pick_init' with the following arguments: {'ament_cmake_args': None, 'build_base': '/home/javier-rojas/Documents/Doctorado/3er Semestre/ur_pick_and_place/build/vision_pick_init', 'catkin_cmake_args': None, 'catkin_skip_building_tests': False, 'cmake_args': None, 'cmake_clean_cache': False, 'cmake_clean_first': False, 'cmake_force_configure': False, 'cmake_target': None, 'cmake_target_skip_unavailable': False, 'install_base': '/home/javier-rojas/Documents/Doctorado/3er Semestre/ur_pick_and_place/install/vision_pick_init', 'merge_install': False, 'path': '/home/javier-rojas/Documents/Doctorado/3er Semestre/ur_pick_and_place/src/vision_pick_init', 'symlink_install': True, 'test_result_base': None}[0m
[0.621s] [34mcolcon.colcon_core.executor[0m [1;30mINFO[0m Executing jobs using 'parallel' executor
[0.623s] [34mcolcon.colcon_parallel_executor.executor.parallel[0m [1;30mDEBUG[0m [32mrun_until_complete[0m
[0.623s] [34mcolcon.colcon_ros.task.ament_cmake.build[0m [1;30mINFO[0m Building ROS package in '/home/javier-rojas/Documents/Doctorado/3er Semestre/ur_pick_and_place/src/ur_pick_and_place' with build type 'ament_cmake'
[0.623s] [34mcolcon.colcon_cmake.task.cmake.build[0m [1;30mINFO[0m Building CMake package in '/home/javier-rojas/Documents/Doctorado/3er Semestre/ur_pick_and_place/src/ur_pick_and_place'
[0.627s] [34mcolcon.colcon_core.plugin_system[0m [1;30mINFO[0m Skipping extension 'colcon_core.shell.bat': Not used on non-Windows systems
[0.627s] [34mcolcon.colcon_core.shell[0m [1;30mINFO[0m Skip shell extension 'powershell' for command environment: Not usable outside of PowerShell
[0.627s] [34mcolcon.colcon_core.shell[0m [1;30mDEBUG[0m [32mSkip shell extension 'dsv' for command environment[0m
[0.631s] [34mcolcon.colcon_ros.task.ament_python.build[0m [1;30mINFO[0m Building ROS package in '/home/javier-rojas/Documents/Doctorado/3er Semestre/ur_pick_and_place/src/vision_pick_init' with build type 'ament_python'
[0.632s] [34mcolcon.colcon_core.shell[0m [1;30mLevel 1[0m create_environment_hook('vision_pick_init', 'ament_prefix_path')
[0.632s] [34mcolcon.colcon_core.shell[0m [1;30mINFO[0m Creating environment hook '/home/javier-rojas/Documents/Doctorado/3er Semestre/ur_pick_and_place/install/vision_pick_init/share/vision_pick_init/hook/ament_prefix_path.ps1'
[0.634s] [34mcolcon.colcon_core.shell[0m [1;30mINFO[0m Creating environment descriptor '/home/javier-rojas/Documents/Doctorado/3er Semestre/ur_pick_and_place/install/vision_pick_init/share/vision_pick_init/hook/ament_prefix_path.dsv'
[0.634s] [34mcolcon.colcon_core.shell[0m [1;30mINFO[0m Creating environment hook '/home/javier-rojas/Documents/Doctorado/3er Semestre/ur_pick_and_place/install/vision_pick_init/share/vision_pick_init/hook/ament_prefix_path.sh'
[0.636s] [34mcolcon.colcon_core.shell[0m [1;30mINFO[0m Skip shell extension 'powershell' for command environment: Not usable outside of PowerShell
[0.636s] [34mcolcon.colcon_core.shell[0m [1;30mDEBUG[0m [32mSkip shell extension 'dsv' for command environment[0m
[0.647s] [34mcolcon.colcon_core.event_handler.log_command[0m [1;30mDEBUG[0m [32mInvoking command in '/home/javier-rojas/Documents/Doctorado/3er Semestre/ur_pick_and_place/build/ur_pick_and_place': CMAKE_PREFIX_PATH=${CMAKE_PREFIX_PATH}:/home/javier-rojas/Documents/Doctorado/3er Semestre/ur_pick_and_place/install/vision_pick_init:/opt/ros/humble /usr/bin/cmake /home/javier-rojas/Documents/Doctorado/3er Semestre/ur_pick_and_place/src/ur_pick_and_place -DAMENT_CMAKE_SYMLINK_INSTALL=1 -DCMAKE_INSTALL_PREFIX=/home/javier-rojas/Documents/Doctorado/3er Semestre/ur_pick_and_place/install/ur_pick_and_place[0m
[1.114s] [34mcolcon.colcon_core.task.python.build[0m [1;30mINFO[0m Building Python package in '/home/javier-rojas/Documents/Doctorado/3er Semestre/ur_pick_and_place/src/vision_pick_init'
[1.115s] [34mcolcon.colcon_core.shell[0m [1;30mINFO[0m Skip shell extension 'powershell' for command environment: Not usable outside of PowerShell
[1.115s] [34mcolcon.colcon_core.shell[0m [1;30mDEBUG[0m [32mSkip shell extension 'dsv' for command environment[0m
[1.732s] [34mcolcon.colcon_core.event_handler.log_command[0m [1;30mDEBUG[0m [32mInvoking command in '/home/javier-rojas/Documents/Doctorado/3er Semestre/ur_pick_and_place/build/vision_pick_init': PYTHONPATH=/home/javier-rojas/Documents/Doctorado/3er Semestre/ur_pick_and_place/build/vision_pick_init/prefix_override:/usr/lib/python3/dist-packages/colcon_core/task/python/colcon_distutils_commands:/home/javier-rojas/Documents/Doctorado/3er Semestre/ur_pick_and_place/install/vision_pick_init/lib/python3.10/site-packages:${PYTHONPATH} /usr/bin/python3 -W ignore:setup.py install is deprecated setup.py develop --editable --build-directory /home/javier-rojas/Documents/Doctorado/3er Semestre/ur_pick_and_place/build/vision_pick_init/build --no-deps symlink_data[0m
[2.605s] [34mcolcon.colcon_core.shell[0m [1;30mLevel 1[0m create_environment_hook('vision_pick_init', 'pythonpath_develop')
[2.606s] [34mcolcon.colcon_core.shell[0m [1;30mINFO[0m Creating environment hook '/home/javier-rojas/Documents/Doctorado/3er Semestre/ur_pick_and_place/build/vision_pick_init/share/vision_pick_init/hook/pythonpath_develop.ps1'
[2.606s] [34mcolcon.colcon_core.event_handler.log_command[0m [1;30mDEBUG[0m [32mInvoked command in '/home/javier-rojas/Documents/Doctorado/3er Semestre/ur_pick_and_place/build/vision_pick_init' returned '0': PYTHONPATH=/home/javier-rojas/Documents/Doctorado/3er Semestre/ur_pick_and_place/build/vision_pick_init/prefix_override:/usr/lib/python3/dist-packages/colcon_core/task/python/colcon_distutils_commands:/home/javier-rojas/Documents/Doctorado/3er Semestre/ur_pick_and_place/install/vision_pick_init/lib/python3.10/site-packages:${PYTHONPATH} /usr/bin/python3 -W ignore:setup.py install is deprecated setup.py develop --editable --build-directory /home/javier-rojas/Documents/Doctorado/3er Semestre/ur_pick_and_place/build/vision_pick_init/build --no-deps symlink_data[0m
[2.608s] [34mcolcon.colcon_core.shell[0m [1;30mINFO[0m Creating environment descriptor '/home/javier-rojas/Documents/Doctorado/3er Semestre/ur_pick_and_place/build/vision_pick_init/share/vision_pick_init/hook/pythonpath_develop.dsv'
[2.608s] [34mcolcon.colcon_core.shell[0m [1;30mINFO[0m Creating environment hook '/home/javier-rojas/Documents/Doctorado/3er Semestre/ur_pick_and_place/build/vision_pick_init/share/vision_pick_init/hook/pythonpath_develop.sh'
[2.613s] [34mcolcon.colcon_core.environment[0m [1;30mLevel 1[0m checking '/home/javier-rojas/Documents/Doctorado/3er Semestre/ur_pick_and_place/install/vision_pick_init' for CMake module files
[2.614s] [34mcolcon.colcon_core.environment[0m [1;30mLevel 1[0m checking '/home/javier-rojas/Documents/Doctorado/3er Semestre/ur_pick_and_place/install/vision_pick_init' for CMake config files
[2.615s] [34mcolcon.colcon_core.environment[0m [1;30mLevel 1[0m checking '/home/javier-rojas/Documents/Doctorado/3er Semestre/ur_pick_and_place/install/vision_pick_init/lib'
[2.615s] [34mcolcon.colcon_core.environment[0m [1;30mLevel 1[0m checking '/home/javier-rojas/Documents/Doctorado/3er Semestre/ur_pick_and_place/install/vision_pick_init/bin'
[2.616s] [34mcolcon.colcon_core.environment[0m [1;30mLevel 1[0m checking '/home/javier-rojas/Documents/Doctorado/3er Semestre/ur_pick_and_place/install/vision_pick_init/lib/pkgconfig/vision_pick_init.pc'
[2.616s] [34mcolcon.colcon_core.environment[0m [1;30mLevel 1[0m checking '/home/javier-rojas/Documents/Doctorado/3er Semestre/ur_pick_and_place/install/vision_pick_init/lib/python3.10/site-packages'
[2.616s] [34mcolcon.colcon_core.shell[0m [1;30mLevel 1[0m create_environment_hook('vision_pick_init', 'pythonpath')
[2.617s] [34mcolcon.colcon_core.shell[0m [1;30mINFO[0m Creating environment hook '/home/javier-rojas/Documents/Doctorado/3er Semestre/ur_pick_and_place/install/vision_pick_init/share/vision_pick_init/hook/pythonpath.ps1'
[2.618s] [34mcolcon.colcon_core.shell[0m [1;30mINFO[0m Creating environment descriptor '/home/javier-rojas/Documents/Doctorado/3er Semestre/ur_pick_and_place/install/vision_pick_init/share/vision_pick_init/hook/pythonpath.dsv'
[2.619s] [34mcolcon.colcon_core.shell[0m [1;30mINFO[0m Creating environment hook '/home/javier-rojas/Documents/Doctorado/3er Semestre/ur_pick_and_place/install/vision_pick_init/share/vision_pick_init/hook/pythonpath.sh'
[2.620s] [34mcolcon.colcon_core.environment[0m [1;30mLevel 1[0m checking '/home/javier-rojas/Documents/Doctorado/3er Semestre/ur_pick_and_place/install/vision_pick_init/bin'
[2.620s] [34mcolcon.colcon_core.environment[0m [1;30mLevel 1[0m create_environment_scripts_only(vision_pick_init)
[2.621s] [34mcolcon.colcon_core.shell[0m [1;30mINFO[0m Creating package script '/home/javier-rojas/Documents/Doctorado/3er Semestre/ur_pick_and_place/install/vision_pick_init/share/vision_pick_init/package.ps1'
[2.623s] [34mcolcon.colcon_core.shell[0m [1;30mINFO[0m Creating package descriptor '/home/javier-rojas/Documents/Doctorado/3er Semestre/ur_pick_and_place/install/vision_pick_init/share/vision_pick_init/package.dsv'
[2.624s] [34mcolcon.colcon_core.shell[0m [1;30mINFO[0m Creating package script '/home/javier-rojas/Documents/Doctorado/3er Semestre/ur_pick_and_place/install/vision_pick_init/share/vision_pick_init/package.sh'
[2.625s] [34mcolcon.colcon_core.shell[0m [1;30mINFO[0m Creating package script '/home/javier-rojas/Documents/Doctorado/3er Semestre/ur_pick_and_place/install/vision_pick_init/share/vision_pick_init/package.bash'
[2.627s] [34mcolcon.colcon_core.shell[0m [1;30mINFO[0m Creating package script '/home/javier-rojas/Documents/Doctorado/3er Semestre/ur_pick_and_place/install/vision_pick_init/share/vision_pick_init/package.zsh'
[2.628s] [34mcolcon.colcon_core.environment[0m [1;30mLevel 1[0m create_file_with_runtime_dependencies(/home/javier-rojas/Documents/Doctorado/3er Semestre/ur_pick_and_place/install/vision_pick_init/share/colcon-core/packages/vision_pick_init)
[3.584s] [34mcolcon.colcon_core.event_handler.log_command[0m [1;30mDEBUG[0m [32mInvoked command in '/home/javier-rojas/Documents/Doctorado/3er Semestre/ur_pick_and_place/build/ur_pick_and_place' returned '0': CMAKE_PREFIX_PATH=${CMAKE_PREFIX_PATH}:/home/javier-rojas/Documents/Doctorado/3er Semestre/ur_pick_and_place/install/vision_pick_init:/opt/ros/humble /usr/bin/cmake /home/javier-rojas/Documents/Doctorado/3er Semestre/ur_pick_and_place/src/ur_pick_and_place -DAMENT_CMAKE_SYMLINK_INSTALL=1 -DCMAKE_INSTALL_PREFIX=/home/javier-rojas/Documents/Doctorado/3er Semestre/ur_pick_and_place/install/ur_pick_and_place[0m
[3.587s] [34mcolcon.colcon_core.event_handler.log_command[0m [1;30mDEBUG[0m [32mInvoking command in '/home/javier-rojas/Documents/Doctorado/3er Semestre/ur_pick_and_place/build/ur_pick_and_place': CMAKE_PREFIX_PATH=${CMAKE_PREFIX_PATH}:/home/javier-rojas/Documents/Doctorado/3er Semestre/ur_pick_and_place/install/vision_pick_init:/opt/ros/humble /usr/bin/cmake --build /home/javier-rojas/Documents/Doctorado/3er Semestre/ur_pick_and_place/build/ur_pick_and_place -- -j8 -l8[0m
[23.576s] [34mcolcon.colcon_core.event_handler.log_command[0m [1;30mDEBUG[0m [32mInvoked command in '/home/javier-rojas/Documents/Doctorado/3er Semestre/ur_pick_and_place/build/ur_pick_and_place' returned '0': CMAKE_PREFIX_PATH=${CMAKE_PREFIX_PATH}:/home/javier-rojas/Documents/Doctorado/3er Semestre/ur_pick_and_place/install/vision_pick_init:/opt/ros/humble /usr/bin/cmake --build /home/javier-rojas/Documents/Doctorado/3er Semestre/ur_pick_and_place/build/ur_pick_and_place -- -j8 -l8[0m
[23.638s] [34mcolcon.colcon_core.event_handler.log_command[0m [1;30mDEBUG[0m [32mInvoking command in '/home/javier-rojas/Documents/Doctorado/3er Semestre/ur_pick_and_place/build/ur_pick_and_place': CMAKE_PREFIX_PATH=${CMAKE_PREFIX_PATH}:/home/javier-rojas/Documents/Doctorado/3er Semestre/ur_pick_and_place/install/vision_pick_init:/opt/ros/humble /usr/bin/cmake --install /home/javier-rojas/Documents/Doctorado/3er Semestre/ur_pick_and_place/build/ur_pick_and_place[0m
[23.887s] [34mcolcon.colcon_core.environment[0m [1;30mLevel 1[0m create_environment_scripts_only(ur_pick_and_place)
[23.888s] [34mcolcon.colcon_core.event_handler.log_command[0m [1;30mDEBUG[0m [32mInvoked command in '/home/javier-rojas/Documents/Doctorado/3er Semestre/ur_pick_and_place/build/ur_pick_and_place' returned '0': CMAKE_PREFIX_PATH=${CMAKE_PREFIX_PATH}:/home/javier-rojas/Documents/Doctorado/3er Semestre/ur_pick_and_place/install/vision_pick_init:/opt/ros/humble /usr/bin/cmake --install /home/javier-rojas/Documents/Doctorado/3er Semestre/ur_pick_and_place/build/ur_pick_and_place[0m
[23.889s] [34mcolcon.colcon_core.environment[0m [1;30mLevel 1[0m checking '/home/javier-rojas/Documents/Doctorado/3er Semestre/ur_pick_and_place/install/ur_pick_and_place' for CMake module files
[23.890s] [34mcolcon.colcon_core.environment[0m [1;30mLevel 1[0m checking '/home/javier-rojas/Documents/Doctorado/3er Semestre/ur_pick_and_place/install/ur_pick_and_place' for CMake config files
[23.890s] [34mcolcon.colcon_core.shell[0m [1;30mLevel 1[0m create_environment_hook('ur_pick_and_place', 'cmake_prefix_path')
[23.890s] [34mcolcon.colcon_core.shell[0m [1;30mINFO[0m Creating environment hook '/home/javier-rojas/Documents/Doctorado/3er Semestre/ur_pick_and_place/install/ur_pick_and_place/share/ur_pick_and_place/hook/cmake_prefix_path.ps1'
[23.891s] [34mcolcon.colcon_core.shell[0m [1;30mINFO[0m Creating environment descriptor '/home/javier-rojas/Documents/Doctorado/3er Semestre/ur_pick_and_place/install/ur_pick_and_place/share/ur_pick_and_place/hook/cmake_prefix_path.dsv'
[23.891s] [34mcolcon.colcon_core.shell[0m [1;30mINFO[0m Creating environment hook '/home/javier-rojas/Documents/Doctorado/3er Semestre/ur_pick_and_place/install/ur_pick_and_place/share/ur_pick_and_place/hook/cmake_prefix_path.sh'
[23.892s] [34mcolcon.colcon_core.environment[0m [1;30mLevel 1[0m checking '/home/javier-rojas/Documents/Doctorado/3er Semestre/ur_pick_and_place/install/ur_pick_and_place/lib'
[23.892s] [34mcolcon.colcon_core.environment[0m [1;30mLevel 1[0m checking '/home/javier-rojas/Documents/Doctorado/3er Semestre/ur_pick_and_place/install/ur_pick_and_place/bin'
[23.892s] [34mcolcon.colcon_core.environment[0m [1;30mLevel 1[0m checking '/home/javier-rojas/Documents/Doctorado/3er Semestre/ur_pick_and_place/install/ur_pick_and_place/lib/pkgconfig/ur_pick_and_place.pc'
[23.893s] [34mcolcon.colcon_core.environment[0m [1;30mLevel 1[0m checking '/home/javier-rojas/Documents/Doctorado/3er Semestre/ur_pick_and_place/install/ur_pick_and_place/lib/python3.10/site-packages'
[23.893s] [34mcolcon.colcon_core.environment[0m [1;30mLevel 1[0m checking '/home/javier-rojas/Documents/Doctorado/3er Semestre/ur_pick_and_place/install/ur_pick_and_place/bin'
[23.893s] [34mcolcon.colcon_core.shell[0m [1;30mINFO[0m Creating package script '/home/javier-rojas/Documents/Doctorado/3er Semestre/ur_pick_and_place/install/ur_pick_and_place/share/ur_pick_and_place/package.ps1'
[23.894s] [34mcolcon.colcon_core.shell[0m [1;30mINFO[0m Creating package descriptor '/home/javier-rojas/Documents/Doctorado/3er Semestre/ur_pick_and_place/install/ur_pick_and_place/share/ur_pick_and_place/package.dsv'
[23.894s] [34mcolcon.colcon_core.shell[0m [1;30mINFO[0m Creating package script '/home/javier-rojas/Documents/Doctorado/3er Semestre/ur_pick_and_place/install/ur_pick_and_place/share/ur_pick_and_place/package.sh'
[23.895s] [34mcolcon.colcon_core.shell[0m [1;30mINFO[0m Creating package script '/home/javier-rojas/Documents/Doctorado/3er Semestre/ur_pick_and_place/install/ur_pick_and_place/share/ur_pick_and_place/package.bash'
[23.895s] [34mcolcon.colcon_core.shell[0m [1;30mINFO[0m Creating package script '/home/javier-rojas/Documents/Doctorado/3er Semestre/ur_pick_and_place/install/ur_pick_and_place/share/ur_pick_and_place/package.zsh'
[23.895s] [34mcolcon.colcon_core.environment[0m [1;30mLevel 1[0m create_file_with_runtime_dependencies(/home/javier-rojas/Documents/Doctorado/3er Semestre/ur_pick_and_place/install/ur_pick_and_place/share/colcon-core/packages/ur_pick_and_place)
[23.944s] [34mcolcon.colcon_core.environment[0m [1;30mLevel 1[0m create_environment_scripts_only(ur_pick_and_place)
[23.945s] [34mcolcon.colcon_core.environment[0m [1;30mLevel 1[0m checking '/home/javier-rojas/Documents/Doctorado/3er Semestre/ur_pick_and_place/install/ur_pick_and_place' for CMake module files
[23.945s] [34mcolcon.colcon_core.environment[0m [1;30mLevel 1[0m checking '/home/javier-rojas/Documents/Doctorado/3er Semestre/ur_pick_and_place/install/ur_pick_and_place' for CMake config files
[23.945s] [34mcolcon.colcon_core.shell[0m [1;30mLevel 1[0m create_environment_hook('ur_pick_and_place', 'cmake_prefix_path')
[23.946s] [34mcolcon.colcon_core.shell[0m [1;30mINFO[0m Creating environment hook '/home/javier-rojas/Documents/Doctorado/3er Semestre/ur_pick_and_place/install/ur_pick_and_place/share/ur_pick_and_place/hook/cmake_prefix_path.ps1'
[23.946s] [34mcolcon.colcon_core.shell[0m [1;30mINFO[0m Creating environment descriptor '/home/javier-rojas/Documents/Doctorado/3er Semestre/ur_pick_and_place/install/ur_pick_and_place/share/ur_pick_and_place/hook/cmake_prefix_path.dsv'
[23.947s] [34mcolcon.colcon_core.shell[0m [1;30mINFO[0m Creating environment hook '/home/javier-rojas/Documents/Doctorado/3er Semestre/ur_pick_and_place/install/ur_pick_and_place/share/ur_pick_and_place/hook/cmake_prefix_path.sh'
[23.948s] [34mcolcon.colcon_core.environment[0m [1;30mLevel 1[0m checking '/home/javier-rojas/Documents/Doctorado/3er Semestre/ur_pick_and_place/install/ur_pick_and_place/lib'
[23.948s] [34mcolcon.colcon_core.environment[0m [1;30mLevel 1[0m checking '/home/javier-rojas/Documents/Doctorado/3er Semestre/ur_pick_and_place/install/ur_pick_and_place/bin'
[23.948s] [34mcolcon.colcon_core.environment[0m [1;30mLevel 1[0m checking '/home/javier-rojas/Documents/Doctorado/3er Semestre/ur_pick_and_place/install/ur_pick_and_place/lib/pkgconfig/ur_pick_and_place.pc'
[23.948s] [34mcolcon.colcon_core.environment[0m [1;30mLevel 1[0m checking '/home/javier-rojas/Documents/Doctorado/3er Semestre/ur_pick_and_place/install/ur_pick_and_place/lib/python3.10/site-packages'
[23.948s] [34mcolcon.colcon_core.environment[0m [1;30mLevel 1[0m checking '/home/javier-rojas/Documents/Doctorado/3er Semestre/ur_pick_and_place/install/ur_pick_and_place/bin'
[23.949s] [34mcolcon.colcon_core.shell[0m [1;30mINFO[0m Creating package script '/home/javier-rojas/Documents/Doctorado/3er Semestre/ur_pick_and_place/install/ur_pick_and_place/share/ur_pick_and_place/package.ps1'
[23.950s] [34mcolcon.colcon_core.shell[0m [1;30mINFO[0m Creating package descriptor '/home/javier-rojas/Documents/Doctorado/3er Semestre/ur_pick_and_place/install/ur_pick_and_place/share/ur_pick_and_place/package.dsv'
[23.951s] [34mcolcon.colcon_core.shell[0m [1;30mINFO[0m Creating package script '/home/javier-rojas/Documents/Doctorado/3er Semestre/ur_pick_and_place/install/ur_pick_and_place/share/ur_pick_and_place/package.sh'
[23.951s] [34mcolcon.colcon_core.shell[0m [1;30mINFO[0m Creating package script '/home/javier-rojas/Documents/Doctorado/3er Semestre/ur_pick_and_place/install/ur_pick_and_place/share/ur_pick_and_place/package.bash'
[23.952s] [34mcolcon.colcon_core.shell[0m [1;30mINFO[0m Creating package script '/home/javier-rojas/Documents/Doctorado/3er Semestre/ur_pick_and_place/install/ur_pick_and_place/share/ur_pick_and_place/package.zsh'
[23.952s] [34mcolcon.colcon_core.environment[0m [1;30mLevel 1[0m create_file_with_runtime_dependencies(/home/javier-rojas/Documents/Doctorado/3er Semestre/ur_pick_and_place/install/ur_pick_and_place/share/colcon-core/packages/ur_pick_and_place)
[23.952s] [34mcolcon.colcon_parallel_executor.executor.parallel[0m [1;30mDEBUG[0m [32mclosing loop[0m
[23.953s] [34mcolcon.colcon_parallel_executor.executor.parallel[0m [1;30mDEBUG[0m [32mloop closed[0m
[23.953s] [34mcolcon.colcon_parallel_executor.executor.parallel[0m [1;30mDEBUG[0m [32mrun_until_complete finished with '0'[0m
[23.953s] [34mcolcon.colcon_core.event_reactor[0m [1;30mDEBUG[0m [32mjoining thread[0m
[23.960s] [34mcolcon.colcon_core.plugin_system[0m [1;30mINFO[0m Skipping extension 'colcon_notification.desktop_notification.terminal_notifier': Not used on non-Darwin systems
[23.960s] [34mcolcon.colcon_core.plugin_system[0m [1;30mINFO[0m Skipping extension 'colcon_notification.desktop_notification.win32': Not used on non-Windows systems
[23.961s] [34mcolcon.colcon_notification.desktop_notification[0m [1;30mINFO[0m Sending desktop notification using 'notify2'
[23.976s] [34mcolcon.colcon_core.event_reactor[0m [1;30mDEBUG[0m [32mjoined thread[0m
[23.977s] [34mcolcon.colcon_core.shell[0m [1;30mINFO[0m Creating prefix script '/home/javier-rojas/Documents/Doctorado/3er Semestre/ur_pick_and_place/install/local_setup.ps1'
[23.978s] [34mcolcon.colcon_core.shell[0m [1;30mINFO[0m Creating prefix util module '/home/javier-rojas/Documents/Doctorado/3er Semestre/ur_pick_and_place/install/_local_setup_util_ps1.py'
[23.980s] [34mcolcon.colcon_core.shell[0m [1;30mINFO[0m Creating prefix chain script '/home/javier-rojas/Documents/Doctorado/3er Semestre/ur_pick_and_place/install/setup.ps1'
[23.981s] [34mcolcon.colcon_core.shell[0m [1;30mINFO[0m Creating prefix script '/home/javier-rojas/Documents/Doctorado/3er Semestre/ur_pick_and_place/install/local_setup.sh'
[23.983s] [34mcolcon.colcon_core.shell[0m [1;30mINFO[0m Creating prefix util module '/home/javier-rojas/Documents/Doctorado/3er Semestre/ur_pick_and_place/install/_local_setup_util_sh.py'
[23.983s] [34mcolcon.colcon_core.shell[0m [1;30mINFO[0m Creating prefix chain script '/home/javier-rojas/Documents/Doctorado/3er Semestre/ur_pick_and_place/install/setup.sh'
[23.985s] [34mcolcon.colcon_core.shell[0m [1;30mINFO[0m Creating prefix script '/home/javier-rojas/Documents/Doctorado/3er Semestre/ur_pick_and_place/install/local_setup.bash'
[23.986s] [34mcolcon.colcon_core.shell[0m [1;30mINFO[0m Creating prefix chain script '/home/javier-rojas/Documents/Doctorado/3er Semestre/ur_pick_and_place/install/setup.bash'
[23.988s] [34mcolcon.colcon_core.shell[0m [1;30mINFO[0m Creating prefix script '/home/javier-rojas/Documents/Doctorado/3er Semestre/ur_pick_and_place/install/local_setup.zsh'
[23.989s] [34mcolcon.colcon_core.shell[0m [1;30mINFO[0m Creating prefix chain script '/home/javier-rojas/Documents/Doctorado/3er Semestre/ur_pick_and_place/install/setup.zsh'
