-- The C compiler identification is GNU 11.4.0
-- The CXX compiler identification is GNU 11.4.0
-- Detecting C compiler ABI info
-- Detecting C compiler ABI info - done
-- Check for working C compiler: /usr/bin/cc - skipped
-- Detecting C compile features
-- Detecting C compile features - done
-- Detecting CXX compiler ABI info
-- Detecting CXX compiler ABI info - done
-- Check for working CXX compiler: /usr/bin/c++ - skipped
-- Detecting CXX compile features
-- Detecting CXX compile features - done
-- Found ament_cmake: 1.3.12 (/opt/ros/humble/share/ament_cmake/cmake)
-- Found Python3: /usr/bin/python3 (found version "3.10.12") found components: Interpreter 
-- Found xacro: 2.1.1 (/opt/ros/humble/share/xacro/cmake)
-- Found robot_state_publisher: 3.0.3 (/opt/ros/humble/share/robot_state_publisher/cmake)
-- Found rosidl_generator_c: 3.1.7 (/opt/ros/humble/share/rosidl_generator_c/cmake)
-- Found rosidl_adapter: 3.1.7 (/opt/ros/humble/share/rosidl_adapter/cmake)
-- Found rosidl_generator_cpp: 3.1.7 (/opt/ros/humble/share/rosidl_generator_cpp/cmake)
-- Using all available rosidl_typesupport_c: rosidl_typesupport_fastrtps_c;rosidl_typesupport_introspection_c
-- Using all available rosidl_typesupport_cpp: rosidl_typesupport_fastrtps_cpp;rosidl_typesupport_introspection_cpp
-- Found eigen3_cmake_module: 0.1.1 (/opt/ros/humble/share/eigen3_cmake_module/cmake)
-- Found Eigen3: TRUE (found version "3.4.0") 
-- Ensuring Eigen3 include directory is part of orocos-kdl CMake target
-- Found rmw_implementation_cmake: 6.1.2 (/opt/ros/humble/share/rmw_implementation_cmake/cmake)
-- Found rmw_fastrtps_cpp: 6.2.9 (/opt/ros/humble/share/rmw_fastrtps_cpp/cmake)
-- Found OpenSSL: /usr/lib/x86_64-linux-gnu/libcrypto.so (found version "3.0.2")  
-- Found FastRTPS: /opt/ros/humble/include  
-- Using RMW implementation 'rmw_fastrtps_cpp' as default
-- Looking for pthread.h
-- Looking for pthread.h - found
-- Performing Test CMAKE_HAVE_LIBC_PTHREAD
-- Performing Test CMAKE_HAVE_LIBC_PTHREAD - Success
-- Found Threads: TRUE  
-- Found ur_description: 2.8.0 (/opt/ros/humble/share/ur_description/cmake)
-- Found rviz2: 11.2.22 (/opt/ros/humble/share/rviz2/cmake)
-- Found ament_lint_auto: 0.12.14 (/opt/ros/humble/share/ament_lint_auto/cmake)
-- Added test 'flake8' to check Python code syntax and style conventions
-- Added test 'lint_cmake' to check CMake code style
-- Added test 'pep257' to check Python code against some of the docstring style conventions in PEP 257
-- Added test 'xmllint' to check XML markup files
-- Configuring done
-- Generating done
-- Build files have been written to: /home/javier-rojas/Documents/Doctorado/3er_Semestre/ur_pick_and_place/build/robot_gdl_description
-- Install configuration: ""
-- Installing: /home/javier-rojas/Documents/Doctorado/3er_Semestre/ur_pick_and_place/install/robot_gdl_description/share/robot_gdl_description/urdf
-- Installing: /home/javier-rojas/Documents/Doctorado/3er_Semestre/ur_pick_and_place/install/robot_gdl_description/share/robot_gdl_description/urdf/robot_gdl.urdf.xacro
-- Installing: /home/javier-rojas/Documents/Doctorado/3er_Semestre/ur_pick_and_place/install/robot_gdl_description/share/robot_gdl_description/urdf/robot_gdl_macro.xacro
-- Installing: /home/javier-rojas/Documents/Doctorado/3er_Semestre/ur_pick_and_place/install/robot_gdl_description/share/robot_gdl_description/launch
-- Installing: /home/javier-rojas/Documents/Doctorado/3er_Semestre/ur_pick_and_place/install/robot_gdl_description/share/robot_gdl_description/launch/view_robot.launch.py
-- Installing: /home/javier-rojas/Documents/Doctorado/3er_Semestre/ur_pick_and_place/install/robot_gdl_description/share/robot_gdl_description/launch/display.launch.py
-- Installing: /home/javier-rojas/Documents/Doctorado/3er_Semestre/ur_pick_and_place/install/robot_gdl_description/share/robot_gdl_description/config
-- Installing: /home/javier-rojas/Documents/Doctorado/3er_Semestre/ur_pick_and_place/install/robot_gdl_description/share/robot_gdl_description/config/robot_description.png
-- Installing: /home/javier-rojas/Documents/Doctorado/3er_Semestre/ur_pick_and_place/install/robot_gdl_description/share/robot_gdl_description/rviz
-- Installing: /home/javier-rojas/Documents/Doctorado/3er_Semestre/ur_pick_and_place/install/robot_gdl_description/share/robot_gdl_description/rviz/view_robot.rviz
-- Installing: /home/javier-rojas/Documents/Doctorado/3er_Semestre/ur_pick_and_place/install/robot_gdl_description/share/ament_index/resource_index/package_run_dependencies/robot_gdl_description
-- Installing: /home/javier-rojas/Documents/Doctorado/3er_Semestre/ur_pick_and_place/install/robot_gdl_description/share/ament_index/resource_index/parent_prefix_path/robot_gdl_description
-- Installing: /home/javier-rojas/Documents/Doctorado/3er_Semestre/ur_pick_and_place/install/robot_gdl_description/share/robot_gdl_description/environment/ament_prefix_path.sh
-- Installing: /home/javier-rojas/Documents/Doctorado/3er_Semestre/ur_pick_and_place/install/robot_gdl_description/share/robot_gdl_description/environment/ament_prefix_path.dsv
-- Installing: /home/javier-rojas/Documents/Doctorado/3er_Semestre/ur_pick_and_place/install/robot_gdl_description/share/robot_gdl_description/environment/path.sh
-- Installing: /home/javier-rojas/Documents/Doctorado/3er_Semestre/ur_pick_and_place/install/robot_gdl_description/share/robot_gdl_description/environment/path.dsv
-- Installing: /home/javier-rojas/Documents/Doctorado/3er_Semestre/ur_pick_and_place/install/robot_gdl_description/share/robot_gdl_description/local_setup.bash
-- Installing: /home/javier-rojas/Documents/Doctorado/3er_Semestre/ur_pick_and_place/install/robot_gdl_description/share/robot_gdl_description/local_setup.sh
-- Installing: /home/javier-rojas/Documents/Doctorado/3er_Semestre/ur_pick_and_place/install/robot_gdl_description/share/robot_gdl_description/local_setup.zsh
-- Installing: /home/javier-rojas/Documents/Doctorado/3er_Semestre/ur_pick_and_place/install/robot_gdl_description/share/robot_gdl_description/local_setup.dsv
-- Installing: /home/javier-rojas/Documents/Doctorado/3er_Semestre/ur_pick_and_place/install/robot_gdl_description/share/robot_gdl_description/package.dsv
-- Installing: /home/javier-rojas/Documents/Doctorado/3er_Semestre/ur_pick_and_place/install/robot_gdl_description/share/ament_index/resource_index/packages/robot_gdl_description
-- Installing: /home/javier-rojas/Documents/Doctorado/3er_Semestre/ur_pick_and_place/install/robot_gdl_description/share/robot_gdl_description/cmake/robot_gdl_descriptionConfig.cmake
-- Installing: /home/javier-rojas/Documents/Doctorado/3er_Semestre/ur_pick_and_place/install/robot_gdl_description/share/robot_gdl_description/cmake/robot_gdl_descriptionConfig-version.cmake
-- Installing: /home/javier-rojas/Documents/Doctorado/3er_Semestre/ur_pick_and_place/install/robot_gdl_description/share/robot_gdl_description/package.xml
