[0.019s] Invoking command in '/home/javier-rojas/Documents/Doctorado/3er_Semestre/ur_pick_and_place/build/robot_gdl_description': CMAKE_PREFIX_PATH=${CMAKE_PREFIX_PATH}:/home/javier-rojas/Documents/Doctorado/3er_Semestre/ur_pick_and_place/install/vision_pick_init:/opt/ros/humble /usr/bin/cmake /home/javier-rojas/Documents/Doctorado/3er_Semestre/ur_pick_and_place/src/robot_gdl_description -DCMAKE_INSTALL_PREFIX=/home/javier-rojas/Documents/Doctorado/3er_Semestre/ur_pick_and_place/install/robot_gdl_description
[0.095s] -- The C compiler identification is GNU 11.4.0
[0.171s] -- The CXX compiler identification is GNU 11.4.0
[0.179s] -- Detecting C compiler ABI info
[0.278s] -- Detecting C compiler ABI info - done
[0.290s] -- Check for working C compiler: /usr/bin/cc - skipped
[0.291s] -- Detecting C compile features
[0.291s] -- Detecting C compile features - done
[0.295s] -- Detecting CXX compiler ABI info
[0.407s] -- Detecting CXX compiler ABI info - done
[0.421s] -- Check for working CXX compiler: /usr/bin/c++ - skipped
[0.421s] -- Detecting CXX compile features
[0.421s] -- Detecting CXX compile features - done
[0.425s] -- Found ament_cmake: 1.3.12 (/opt/ros/humble/share/ament_cmake/cmake)
[0.616s] -- Found Python3: /usr/bin/python3 (found version "3.10.12") found components: Interpreter 
[0.730s] -- Found xacro: 2.1.1 (/opt/ros/humble/share/xacro/cmake)
[0.732s] -- Found robot_state_publisher: 3.0.3 (/opt/ros/humble/share/robot_state_publisher/cmake)
[0.788s] -- Found rosidl_generator_c: 3.1.7 (/opt/ros/humble/share/rosidl_generator_c/cmake)
[0.795s] -- Found rosidl_adapter: 3.1.7 (/opt/ros/humble/share/rosidl_adapter/cmake)
[0.808s] -- Found rosidl_generator_cpp: 3.1.7 (/opt/ros/humble/share/rosidl_generator_cpp/cmake)
[0.826s] -- Using all available rosidl_typesupport_c: rosidl_typesupport_fastrtps_c;rosidl_typesupport_introspection_c
[0.850s] -- Using all available rosidl_typesupport_cpp: rosidl_typesupport_fastrtps_cpp;rosidl_typesupport_introspection_cpp
[0.935s] -- Found eigen3_cmake_module: 0.1.1 (/opt/ros/humble/share/eigen3_cmake_module/cmake)
[0.937s] -- Found Eigen3: TRUE (found version "3.4.0") 
[0.937s] -- Ensuring Eigen3 include directory is part of orocos-kdl CMake target
[0.996s] -- Found rmw_implementation_cmake: 6.1.2 (/opt/ros/humble/share/rmw_implementation_cmake/cmake)
[1.000s] -- Found rmw_fastrtps_cpp: 6.2.9 (/opt/ros/humble/share/rmw_fastrtps_cpp/cmake)
[1.120s] -- Found OpenSSL: /usr/lib/x86_64-linux-gnu/libcrypto.so (found version "3.0.2")  
[1.159s] -- Found FastRTPS: /opt/ros/humble/include  
[1.215s] -- Using RMW implementation 'rmw_fastrtps_cpp' as default
[1.226s] -- Looking for pthread.h
[1.321s] -- Looking for pthread.h - found
[1.322s] -- Performing Test CMAKE_HAVE_LIBC_PTHREAD
[1.423s] -- Performing Test CMAKE_HAVE_LIBC_PTHREAD - Success
[1.424s] -- Found Threads: TRUE  
[1.667s] -- Found ur_description: 2.8.0 (/opt/ros/humble/share/ur_description/cmake)
[1.669s] -- Found rviz2: 11.2.22 (/opt/ros/humble/share/rviz2/cmake)
[1.671s] -- Found ament_lint_auto: 0.12.14 (/opt/ros/humble/share/ament_lint_auto/cmake)
[1.770s] -- Added test 'flake8' to check Python code syntax and style conventions
[1.771s] -- Added test 'lint_cmake' to check CMake code style
[1.772s] -- Added test 'pep257' to check Python code against some of the docstring style conventions in PEP 257
[1.774s] -- Added test 'xmllint' to check XML markup files
[1.777s] -- Configuring done
[1.785s] -- Generating done
[1.788s] -- Build files have been written to: /home/javier-rojas/Documents/Doctorado/3er_Semestre/ur_pick_and_place/build/robot_gdl_description
[1.802s] Invoked command in '/home/javier-rojas/Documents/Doctorado/3er_Semestre/ur_pick_and_place/build/robot_gdl_description' returned '0': CMAKE_PREFIX_PATH=${CMAKE_PREFIX_PATH}:/home/javier-rojas/Documents/Doctorado/3er_Semestre/ur_pick_and_place/install/vision_pick_init:/opt/ros/humble /usr/bin/cmake /home/javier-rojas/Documents/Doctorado/3er_Semestre/ur_pick_and_place/src/robot_gdl_description -DCMAKE_INSTALL_PREFIX=/home/javier-rojas/Documents/Doctorado/3er_Semestre/ur_pick_and_place/install/robot_gdl_description
[1.805s] Invoking command in '/home/javier-rojas/Documents/Doctorado/3er_Semestre/ur_pick_and_place/build/robot_gdl_description': CMAKE_PREFIX_PATH=${CMAKE_PREFIX_PATH}:/home/javier-rojas/Documents/Doctorado/3er_Semestre/ur_pick_and_place/install/vision_pick_init:/opt/ros/humble /usr/bin/cmake --build /home/javier-rojas/Documents/Doctorado/3er_Semestre/ur_pick_and_place/build/robot_gdl_description -- -j8 -l8
[1.862s] Invoked command in '/home/javier-rojas/Documents/Doctorado/3er_Semestre/ur_pick_and_place/build/robot_gdl_description' returned '0': CMAKE_PREFIX_PATH=${CMAKE_PREFIX_PATH}:/home/javier-rojas/Documents/Doctorado/3er_Semestre/ur_pick_and_place/install/vision_pick_init:/opt/ros/humble /usr/bin/cmake --build /home/javier-rojas/Documents/Doctorado/3er_Semestre/ur_pick_and_place/build/robot_gdl_description -- -j8 -l8
[1.907s] Invoking command in '/home/javier-rojas/Documents/Doctorado/3er_Semestre/ur_pick_and_place/build/robot_gdl_description': CMAKE_PREFIX_PATH=${CMAKE_PREFIX_PATH}:/home/javier-rojas/Documents/Doctorado/3er_Semestre/ur_pick_and_place/install/vision_pick_init:/opt/ros/humble /usr/bin/cmake --install /home/javier-rojas/Documents/Doctorado/3er_Semestre/ur_pick_and_place/build/robot_gdl_description
[1.916s] -- Install configuration: ""
[1.917s] -- Installing: /home/javier-rojas/Documents/Doctorado/3er_Semestre/ur_pick_and_place/install/robot_gdl_description/share/robot_gdl_description/urdf
[1.917s] -- Installing: /home/javier-rojas/Documents/Doctorado/3er_Semestre/ur_pick_and_place/install/robot_gdl_description/share/robot_gdl_description/urdf/robot_gdl.urdf.xacro
[1.917s] -- Installing: /home/javier-rojas/Documents/Doctorado/3er_Semestre/ur_pick_and_place/install/robot_gdl_description/share/robot_gdl_description/urdf/robot_gdl_macro.xacro
[1.917s] -- Installing: /home/javier-rojas/Documents/Doctorado/3er_Semestre/ur_pick_and_place/install/robot_gdl_description/share/robot_gdl_description/launch
[1.917s] -- Installing: /home/javier-rojas/Documents/Doctorado/3er_Semestre/ur_pick_and_place/install/robot_gdl_description/share/robot_gdl_description/launch/view_robot.launch.py
[1.918s] -- Installing: /home/javier-rojas/Documents/Doctorado/3er_Semestre/ur_pick_and_place/install/robot_gdl_description/share/robot_gdl_description/launch/display.launch.py
[1.918s] -- Installing: /home/javier-rojas/Documents/Doctorado/3er_Semestre/ur_pick_and_place/install/robot_gdl_description/share/robot_gdl_description/config
[1.918s] -- Installing: /home/javier-rojas/Documents/Doctorado/3er_Semestre/ur_pick_and_place/install/robot_gdl_description/share/robot_gdl_description/config/robot_description.png
[1.918s] -- Installing: /home/javier-rojas/Documents/Doctorado/3er_Semestre/ur_pick_and_place/install/robot_gdl_description/share/robot_gdl_description/rviz
[1.918s] -- Installing: /home/javier-rojas/Documents/Doctorado/3er_Semestre/ur_pick_and_place/install/robot_gdl_description/share/robot_gdl_description/rviz/view_robot.rviz
[1.918s] -- Installing: /home/javier-rojas/Documents/Doctorado/3er_Semestre/ur_pick_and_place/install/robot_gdl_description/share/ament_index/resource_index/package_run_dependencies/robot_gdl_description
[1.919s] -- Installing: /home/javier-rojas/Documents/Doctorado/3er_Semestre/ur_pick_and_place/install/robot_gdl_description/share/ament_index/resource_index/parent_prefix_path/robot_gdl_description
[1.919s] -- Installing: /home/javier-rojas/Documents/Doctorado/3er_Semestre/ur_pick_and_place/install/robot_gdl_description/share/robot_gdl_description/environment/ament_prefix_path.sh
[1.919s] -- Installing: /home/javier-rojas/Documents/Doctorado/3er_Semestre/ur_pick_and_place/install/robot_gdl_description/share/robot_gdl_description/environment/ament_prefix_path.dsv
[1.919s] -- Installing: /home/javier-rojas/Documents/Doctorado/3er_Semestre/ur_pick_and_place/install/robot_gdl_description/share/robot_gdl_description/environment/path.sh
[1.920s] -- Installing: /home/javier-rojas/Documents/Doctorado/3er_Semestre/ur_pick_and_place/install/robot_gdl_description/share/robot_gdl_description/environment/path.dsv
[1.920s] -- Installing: /home/javier-rojas/Documents/Doctorado/3er_Semestre/ur_pick_and_place/install/robot_gdl_description/share/robot_gdl_description/local_setup.bash
[1.920s] -- Installing: /home/javier-rojas/Documents/Doctorado/3er_Semestre/ur_pick_and_place/install/robot_gdl_description/share/robot_gdl_description/local_setup.sh
[1.920s] -- Installing: /home/javier-rojas/Documents/Doctorado/3er_Semestre/ur_pick_and_place/install/robot_gdl_description/share/robot_gdl_description/local_setup.zsh
[1.921s] -- Installing: /home/javier-rojas/Documents/Doctorado/3er_Semestre/ur_pick_and_place/install/robot_gdl_description/share/robot_gdl_description/local_setup.dsv
[1.921s] -- Installing: /home/javier-rojas/Documents/Doctorado/3er_Semestre/ur_pick_and_place/install/robot_gdl_description/share/robot_gdl_description/package.dsv
[1.921s] -- Installing: /home/javier-rojas/Documents/Doctorado/3er_Semestre/ur_pick_and_place/install/robot_gdl_description/share/ament_index/resource_index/packages/robot_gdl_description
[1.921s] -- Installing: /home/javier-rojas/Documents/Doctorado/3er_Semestre/ur_pick_and_place/install/robot_gdl_description/share/robot_gdl_description/cmake/robot_gdl_descriptionConfig.cmake
[1.921s] -- Installing: /home/javier-rojas/Documents/Doctorado/3er_Semestre/ur_pick_and_place/install/robot_gdl_description/share/robot_gdl_description/cmake/robot_gdl_descriptionConfig-version.cmake
[1.922s] -- Installing: /home/javier-rojas/Documents/Doctorado/3er_Semestre/ur_pick_and_place/install/robot_gdl_description/share/robot_gdl_description/package.xml
[1.925s] Invoked command in '/home/javier-rojas/Documents/Doctorado/3er_Semestre/ur_pick_and_place/build/robot_gdl_description' returned '0': CMAKE_PREFIX_PATH=${CMAKE_PREFIX_PATH}:/home/javier-rojas/Documents/Doctorado/3er_Semestre/ur_pick_and_place/install/vision_pick_init:/opt/ros/humble /usr/bin/cmake --install /home/javier-rojas/Documents/Doctorado/3er_Semestre/ur_pick_and_place/build/robot_gdl_description
