[0.019s] Invoking command in '/home/javier-rojas/Documents/Doctorado/3er_Semestre/ur_pick_and_place/build/ur_pick_and_place': CMAKE_PREFIX_PATH=${CMAKE_PREFIX_PATH}:/home/javier-rojas/Documents/Doctorado/3er_Semestre/ur_pick_and_place/install/vision_pick_init:/opt/ros/humble /usr/bin/cmake /home/javier-rojas/Documents/Doctorado/3er_Semestre/ur_pick_and_place/src/ur_pick_and_place -DAMENT_CMAKE_SYMLINK_INSTALL=1 -DCMAKE_INSTALL_PREFIX=/home/javier-rojas/Documents/Doctorado/3er_Semestre/ur_pick_and_place/install/ur_pick_and_place
[0.089s] -- The C compiler identification is GNU 11.4.0
[0.162s] -- The CXX compiler identification is GNU 11.4.0
[0.172s] -- Detecting C compiler ABI info
[0.273s] -- Detecting C compiler ABI info - done
[0.284s] -- Check for working C compiler: /usr/bin/cc - skipped
[0.284s] -- Detecting C compile features
[0.285s] -- Detecting C compile features - done
[0.290s] -- Detecting CXX compiler ABI info
[0.397s] -- Detecting CXX compiler ABI info - done
[0.407s] -- Check for working CXX compiler: /usr/bin/c++ - skipped
[0.407s] -- Detecting CXX compile features
[0.408s] -- Detecting CXX compile features - done
[0.411s] -- Found ament_cmake: 1.3.12 (/opt/ros/humble/share/ament_cmake/cmake)
[0.610s] -- Found Python3: /usr/bin/python3 (found version "3.10.12") found components: Interpreter 
[0.691s] -- Override CMake install command with custom implementation using symlinks instead of copying resources
[0.730s] -- Found rclcpp: 16.0.15 (/opt/ros/humble/share/rclcpp/cmake)
[0.791s] -- Found rosidl_generator_c: 3.1.7 (/opt/ros/humble/share/rosidl_generator_c/cmake)
[0.798s] -- Found rosidl_adapter: 3.1.7 (/opt/ros/humble/share/rosidl_adapter/cmake)
[0.808s] -- Found rosidl_generator_cpp: 3.1.7 (/opt/ros/humble/share/rosidl_generator_cpp/cmake)
[0.824s] -- Using all available rosidl_typesupport_c: rosidl_typesupport_fastrtps_c;rosidl_typesupport_introspection_c
[0.846s] -- Using all available rosidl_typesupport_cpp: rosidl_typesupport_fastrtps_cpp;rosidl_typesupport_introspection_cpp
[0.906s] -- Found rmw_implementation_cmake: 6.1.2 (/opt/ros/humble/share/rmw_implementation_cmake/cmake)
[0.909s] -- Found rmw_fastrtps_cpp: 6.2.9 (/opt/ros/humble/share/rmw_fastrtps_cpp/cmake)
[1.027s] -- Found OpenSSL: /usr/lib/x86_64-linux-gnu/libcrypto.so (found version "3.0.2")  
[1.077s] -- Found FastRTPS: /opt/ros/humble/include  
[1.140s] -- Using RMW implementation 'rmw_fastrtps_cpp' as default
[1.151s] -- Looking for pthread.h
[1.243s] -- Looking for pthread.h - found
[1.243s] -- Performing Test CMAKE_HAVE_LIBC_PTHREAD
[1.343s] -- Performing Test CMAKE_HAVE_LIBC_PTHREAD - Success
[1.345s] -- Found Threads: TRUE  
[1.460s] -- Found geometry_msgs: 4.9.0 (/opt/ros/humble/share/geometry_msgs/cmake)
[1.491s] -- Found moveit_ros_planning_interface: 2.5.9 (/opt/ros/humble/share/moveit_ros_planning_interface/cmake)
[1.534s] -- Found Boost: /usr/lib/x86_64-linux-gnu/cmake/Boost-1.74.0/BoostConfig.cmake (found version "1.74.0") found components: date_time filesystem program_options system thread 
[1.890s] -- Found Boost: /usr/lib/x86_64-linux-gnu/cmake/Boost-1.74.0/BoostConfig.cmake (found version "1.74.0") found components: chrono date_time filesystem iostreams program_options regex serialization system thread 
[1.964s] -- Found parameter_traits: 0.5.0 (/opt/ros/humble/share/parameter_traits/cmake)
[1.981s] -- Found rclcpp_lifecycle: 16.0.15 (/opt/ros/humble/share/rclcpp_lifecycle/cmake)
[2.014s] -- Found Boost: /usr/lib/x86_64-linux-gnu/cmake/Boost-1.74.0/BoostConfig.cmake (found version "1.74.0") found components: filesystem 
[2.134s] -- library: /usr/lib/x86_64-linux-gnu/libcurl.so
[2.181s] -- Found Eigen3: TRUE (found version "3.4.0") 
[2.181s] -- Ensuring Eigen3 include directory is part of orocos-kdl CMake target
[2.368s] -- Found Boost: /usr/lib/x86_64-linux-gnu/cmake/Boost-1.74.0/BoostConfig.cmake (found version "1.74.0") found components: system filesystem date_time program_options thread chrono 
[2.413s] -- Found Boost: /usr/lib/x86_64-linux-gnu/cmake/Boost-1.74.0/BoostConfig.cmake (found version "1.74.0") found components: thread system filesystem regex date_time program_options 
[2.442s] -- Found Boost: /usr/lib/x86_64-linux-gnu/cmake/Boost-1.74.0/BoostConfig.cmake (found version "1.74.0") found components: system filesystem date_time program_options thread 
[2.579s] -- Configuring done
[2.653s] -- Generating done
[2.658s] -- Build files have been written to: /home/javier-rojas/Documents/Doctorado/3er_Semestre/ur_pick_and_place/build/ur_pick_and_place
[2.677s] Invoked command in '/home/javier-rojas/Documents/Doctorado/3er_Semestre/ur_pick_and_place/build/ur_pick_and_place' returned '0': CMAKE_PREFIX_PATH=${CMAKE_PREFIX_PATH}:/home/javier-rojas/Documents/Doctorado/3er_Semestre/ur_pick_and_place/install/vision_pick_init:/opt/ros/humble /usr/bin/cmake /home/javier-rojas/Documents/Doctorado/3er_Semestre/ur_pick_and_place/src/ur_pick_and_place -DAMENT_CMAKE_SYMLINK_INSTALL=1 -DCMAKE_INSTALL_PREFIX=/home/javier-rojas/Documents/Doctorado/3er_Semestre/ur_pick_and_place/install/ur_pick_and_place
[2.680s] Invoking command in '/home/javier-rojas/Documents/Doctorado/3er_Semestre/ur_pick_and_place/build/ur_pick_and_place': CMAKE_PREFIX_PATH=${CMAKE_PREFIX_PATH}:/home/javier-rojas/Documents/Doctorado/3er_Semestre/ur_pick_and_place/install/vision_pick_init:/opt/ros/humble /usr/bin/cmake --build /home/javier-rojas/Documents/Doctorado/3er_Semestre/ur_pick_and_place/build/ur_pick_and_place -- -j8 -l8
[2.752s] [ 33%] [32mBuilding CXX object CMakeFiles/go_home_node.dir/src/go_home_node.cpp.o[0m
[2.752s] [ 33%] [32mBuilding CXX object CMakeFiles/pick_and_place.dir/src/pick_and_place.cpp.o[0m
[2.752s] [ 50%] [32mBuilding CXX object CMakeFiles/add_box_obstacle.dir/src/add_box_obstacle.cpp.o[0m
[10.877s] [ 66%] [32m[1mLinking CXX executable add_box_obstacle[0m
[11.197s] [ 66%] Built target add_box_obstacle
[18.263s] [ 83%] [32m[1mLinking CXX executable go_home_node[0m
[18.563s] [100%] [32m[1mLinking CXX executable pick_and_place[0m
[19.187s] [100%] Built target go_home_node
[19.465s] [100%] Built target pick_and_place
[19.480s] Invoked command in '/home/javier-rojas/Documents/Doctorado/3er_Semestre/ur_pick_and_place/build/ur_pick_and_place' returned '0': CMAKE_PREFIX_PATH=${CMAKE_PREFIX_PATH}:/home/javier-rojas/Documents/Doctorado/3er_Semestre/ur_pick_and_place/install/vision_pick_init:/opt/ros/humble /usr/bin/cmake --build /home/javier-rojas/Documents/Doctorado/3er_Semestre/ur_pick_and_place/build/ur_pick_and_place -- -j8 -l8
[19.537s] Invoking command in '/home/javier-rojas/Documents/Doctorado/3er_Semestre/ur_pick_and_place/build/ur_pick_and_place': CMAKE_PREFIX_PATH=${CMAKE_PREFIX_PATH}:/home/javier-rojas/Documents/Doctorado/3er_Semestre/ur_pick_and_place/install/vision_pick_init:/opt/ros/humble /usr/bin/cmake --install /home/javier-rojas/Documents/Doctorado/3er_Semestre/ur_pick_and_place/build/ur_pick_and_place
[19.547s] -- Install configuration: ""
[19.548s] -- Execute custom install script
[19.548s] -- Symlinking: /home/javier-rojas/Documents/Doctorado/3er_Semestre/ur_pick_and_place/install/ur_pick_and_place/lib/ur_pick_and_place/pick_and_place
[19.560s] -- Symlinking: /home/javier-rojas/Documents/Doctorado/3er_Semestre/ur_pick_and_place/install/ur_pick_and_place/lib/ur_pick_and_place/go_home_node
[19.571s] -- Symlinking: /home/javier-rojas/Documents/Doctorado/3er_Semestre/ur_pick_and_place/install/ur_pick_and_place/lib/ur_pick_and_place/add_box_obstacle
[19.582s] -- Symlinking: /home/javier-rojas/Documents/Doctorado/3er_Semestre/ur_pick_and_place/install/ur_pick_and_place/share/ament_index/resource_index/package_run_dependencies/ur_pick_and_place
[19.594s] -- Symlinking: /home/javier-rojas/Documents/Doctorado/3er_Semestre/ur_pick_and_place/install/ur_pick_and_place/share/ament_index/resource_index/parent_prefix_path/ur_pick_and_place
[19.607s] -- Symlinking: /home/javier-rojas/Documents/Doctorado/3er_Semestre/ur_pick_and_place/install/ur_pick_and_place/share/ur_pick_and_place/environment/ament_prefix_path.sh
[19.618s] -- Symlinking: /home/javier-rojas/Documents/Doctorado/3er_Semestre/ur_pick_and_place/install/ur_pick_and_place/share/ur_pick_and_place/environment/ament_prefix_path.dsv
[19.630s] -- Symlinking: /home/javier-rojas/Documents/Doctorado/3er_Semestre/ur_pick_and_place/install/ur_pick_and_place/share/ur_pick_and_place/environment/path.sh
[19.641s] -- Symlinking: /home/javier-rojas/Documents/Doctorado/3er_Semestre/ur_pick_and_place/install/ur_pick_and_place/share/ur_pick_and_place/environment/path.dsv
[19.652s] -- Symlinking: /home/javier-rojas/Documents/Doctorado/3er_Semestre/ur_pick_and_place/install/ur_pick_and_place/share/ur_pick_and_place/local_setup.bash
[19.664s] -- Symlinking: /home/javier-rojas/Documents/Doctorado/3er_Semestre/ur_pick_and_place/install/ur_pick_and_place/share/ur_pick_and_place/local_setup.sh
[19.675s] -- Symlinking: /home/javier-rojas/Documents/Doctorado/3er_Semestre/ur_pick_and_place/install/ur_pick_and_place/share/ur_pick_and_place/local_setup.zsh
[19.688s] -- Symlinking: /home/javier-rojas/Documents/Doctorado/3er_Semestre/ur_pick_and_place/install/ur_pick_and_place/share/ur_pick_and_place/local_setup.dsv
[19.699s] -- Symlinking: /home/javier-rojas/Documents/Doctorado/3er_Semestre/ur_pick_and_place/install/ur_pick_and_place/share/ur_pick_and_place/package.dsv
[19.710s] -- Symlinking: /home/javier-rojas/Documents/Doctorado/3er_Semestre/ur_pick_and_place/install/ur_pick_and_place/share/ament_index/resource_index/packages/ur_pick_and_place
[19.722s] -- Symlinking: /home/javier-rojas/Documents/Doctorado/3er_Semestre/ur_pick_and_place/install/ur_pick_and_place/share/ur_pick_and_place/cmake/ur_pick_and_placeConfig.cmake
[19.733s] -- Symlinking: /home/javier-rojas/Documents/Doctorado/3er_Semestre/ur_pick_and_place/install/ur_pick_and_place/share/ur_pick_and_place/cmake/ur_pick_and_placeConfig-version.cmake
[19.745s] -- Symlinking: /home/javier-rojas/Documents/Doctorado/3er_Semestre/ur_pick_and_place/install/ur_pick_and_place/share/ur_pick_and_place/package.xml
[19.756s] -- Installing: /home/javier-rojas/Documents/Doctorado/3er_Semestre/ur_pick_and_place/install/ur_pick_and_place/share/ur_pick_and_place/launch
[19.757s] -- Installing: /home/javier-rojas/Documents/Doctorado/3er_Semestre/ur_pick_and_place/install/ur_pick_and_place/share/ur_pick_and_place/launch/initialization.launch.py
[19.759s] Invoked command in '/home/javier-rojas/Documents/Doctorado/3er_Semestre/ur_pick_and_place/build/ur_pick_and_place' returned '0': CMAKE_PREFIX_PATH=${CMAKE_PREFIX_PATH}:/home/javier-rojas/Documents/Doctorado/3er_Semestre/ur_pick_and_place/install/vision_pick_init:/opt/ros/humble /usr/bin/cmake --install /home/javier-rojas/Documents/Doctorado/3er_Semestre/ur_pick_and_place/build/ur_pick_and_place
